------------------------------------------------------------
TimeQuest Timing Analyzer Summary
------------------------------------------------------------

Type  : Slow Model Setup 'clock'
Slack : -0.813
TNS   : -192.980

Type  : Slow Model Hold 'clock'
Slack : 0.391
TNS   : 0.000

Type  : Slow Model Recovery 'clock'
Slack : 1.362
TNS   : 0.000

Type  : Slow Model Removal 'clock'
Slack : 3.408
TNS   : 0.000

Type  : Slow Model Minimum Pulse Width 'clock'
Slack : 2.873
TNS   : 0.000

Type  : Slow Model Minimum Pulse Width 'altera_reserved_tck'
Slack : 97.778
TNS   : 0.000

Type  : Fast Model Setup 'clock'
Slack : 2.252
TNS   : 0.000

Type  : Fast Model Hold 'clock'
Slack : 0.215
TNS   : 0.000

Type  : Fast Model Recovery 'clock'
Slack : 2.948
TNS   : 0.000

Type  : Fast Model Removal 'clock'
Slack : 1.932
TNS   : 0.000

Type  : Fast Model Minimum Pulse Width 'clock'
Slack : 2.873
TNS   : 0.000

Type  : Fast Model Minimum Pulse Width 'altera_reserved_tck'
Slack : 97.778
TNS   : 0.000

------------------------------------------------------------
