Archive member included because of file (symbol)

c:/altera/11.0/nios2eds/bin/gnu/h-i686-mingw32/bin/../lib/gcc/nios2-elf/4.1.2/../../../../nios2-elf/lib\libc.a(lib_a-puts.o)
                              obj/hello_ucosii.o (puts)
c:/altera/11.0/nios2eds/bin/gnu/h-i686-mingw32/bin/../lib/gcc/nios2-elf/4.1.2/../../../../nios2-elf/lib\libc.a(lib_a-strlen.o)
                              c:/altera/11.0/nios2eds/bin/gnu/h-i686-mingw32/bin/../lib/gcc/nios2-elf/4.1.2/../../../../nios2-elf/lib\libc.a(lib_a-puts.o) (strlen)
c:/altera/11.0/nios2eds/bin/gnu/h-i686-mingw32/bin/../lib/gcc/nios2-elf/4.1.2/../../../../nios2-elf/lib\libc.a(lib_a-fvwrite.o)
                              c:/altera/11.0/nios2eds/bin/gnu/h-i686-mingw32/bin/../lib/gcc/nios2-elf/4.1.2/../../../../nios2-elf/lib\libc.a(lib_a-puts.o) (__sfvwrite_r)
c:/altera/11.0/nios2eds/bin/gnu/h-i686-mingw32/bin/../lib/gcc/nios2-elf/4.1.2/../../../../nios2-elf/lib\libc.a(lib_a-impure.o)
                              c:/altera/11.0/nios2eds/bin/gnu/h-i686-mingw32/bin/../lib/gcc/nios2-elf/4.1.2/../../../../nios2-elf/lib\libc.a(lib_a-puts.o) (_impure_ptr)
c:/altera/11.0/nios2eds/bin/gnu/h-i686-mingw32/bin/../lib/gcc/nios2-elf/4.1.2/../../../../nios2-elf/lib\libc.a(lib_a-mallocr.o)
                              c:/altera/11.0/nios2eds/bin/gnu/h-i686-mingw32/bin/../lib/gcc/nios2-elf/4.1.2/../../../../nios2-elf/lib\libc.a(lib_a-fvwrite.o) (_malloc_r)
c:/altera/11.0/nios2eds/bin/gnu/h-i686-mingw32/bin/../lib/gcc/nios2-elf/4.1.2/../../../../nios2-elf/lib\libc.a(lib_a-memchr.o)
                              c:/altera/11.0/nios2eds/bin/gnu/h-i686-mingw32/bin/../lib/gcc/nios2-elf/4.1.2/../../../../nios2-elf/lib\libc.a(lib_a-fvwrite.o) (memchr)
c:/altera/11.0/nios2eds/bin/gnu/h-i686-mingw32/bin/../lib/gcc/nios2-elf/4.1.2/../../../../nios2-elf/lib\libc.a(lib_a-memcpy.o)
                              c:/altera/11.0/nios2eds/bin/gnu/h-i686-mingw32/bin/../lib/gcc/nios2-elf/4.1.2/../../../../nios2-elf/lib\libc.a(lib_a-fvwrite.o) (memcpy)
c:/altera/11.0/nios2eds/bin/gnu/h-i686-mingw32/bin/../lib/gcc/nios2-elf/4.1.2/../../../../nios2-elf/lib\libc.a(lib_a-memmove.o)
                              c:/altera/11.0/nios2eds/bin/gnu/h-i686-mingw32/bin/../lib/gcc/nios2-elf/4.1.2/../../../../nios2-elf/lib\libc.a(lib_a-fvwrite.o) (memmove)
c:/altera/11.0/nios2eds/bin/gnu/h-i686-mingw32/bin/../lib/gcc/nios2-elf/4.1.2/../../../../nios2-elf/lib\libc.a(lib_a-reallocr.o)
                              c:/altera/11.0/nios2eds/bin/gnu/h-i686-mingw32/bin/../lib/gcc/nios2-elf/4.1.2/../../../../nios2-elf/lib\libc.a(lib_a-fvwrite.o) (_realloc_r)
c:/altera/11.0/nios2eds/bin/gnu/h-i686-mingw32/bin/../lib/gcc/nios2-elf/4.1.2/../../../../nios2-elf/lib\libc.a(lib_a-sbrkr.o)
                              c:/altera/11.0/nios2eds/bin/gnu/h-i686-mingw32/bin/../lib/gcc/nios2-elf/4.1.2/../../../../nios2-elf/lib\libc.a(lib_a-mallocr.o) (_sbrk_r)
c:/altera/11.0/nios2eds/bin/gnu/h-i686-mingw32/bin/../lib/gcc/nios2-elf/4.1.2/../../../../nios2-elf/lib\libc.a(lib_a-wsetup.o)
                              c:/altera/11.0/nios2eds/bin/gnu/h-i686-mingw32/bin/../lib/gcc/nios2-elf/4.1.2/../../../../nios2-elf/lib\libc.a(lib_a-fvwrite.o) (__swsetup_r)
c:/altera/11.0/nios2eds/bin/gnu/h-i686-mingw32/bin/../lib/gcc/nios2-elf/4.1.2/../../../../nios2-elf/lib\libc.a(lib_a-fflush.o)
                              c:/altera/11.0/nios2eds/bin/gnu/h-i686-mingw32/bin/../lib/gcc/nios2-elf/4.1.2/../../../../nios2-elf/lib\libc.a(lib_a-fvwrite.o) (_fflush_r)
c:/altera/11.0/nios2eds/bin/gnu/h-i686-mingw32/bin/../lib/gcc/nios2-elf/4.1.2/../../../../nios2-elf/lib\libc.a(lib_a-findfp.o)
                              c:/altera/11.0/nios2eds/bin/gnu/h-i686-mingw32/bin/../lib/gcc/nios2-elf/4.1.2/../../../../nios2-elf/lib\libc.a(lib_a-wsetup.o) (__sinit)
c:/altera/11.0/nios2eds/bin/gnu/h-i686-mingw32/bin/../lib/gcc/nios2-elf/4.1.2/../../../../nios2-elf/lib\libc.a(lib_a-freer.o)
                              c:/altera/11.0/nios2eds/bin/gnu/h-i686-mingw32/bin/../lib/gcc/nios2-elf/4.1.2/../../../../nios2-elf/lib\libc.a(lib_a-fvwrite.o) (_free_r)
c:/altera/11.0/nios2eds/bin/gnu/h-i686-mingw32/bin/../lib/gcc/nios2-elf/4.1.2/../../../../nios2-elf/lib\libc.a(lib_a-fwalk.o)
                              c:/altera/11.0/nios2eds/bin/gnu/h-i686-mingw32/bin/../lib/gcc/nios2-elf/4.1.2/../../../../nios2-elf/lib\libc.a(lib_a-fflush.o) (_fwalk_reent)
c:/altera/11.0/nios2eds/bin/gnu/h-i686-mingw32/bin/../lib/gcc/nios2-elf/4.1.2/../../../../nios2-elf/lib\libc.a(lib_a-int_errno.o)
                              c:/altera/11.0/nios2eds/bin/gnu/h-i686-mingw32/bin/../lib/gcc/nios2-elf/4.1.2/../../../../nios2-elf/lib\libc.a(lib_a-sbrkr.o) (errno)
c:/altera/11.0/nios2eds/bin/gnu/h-i686-mingw32/bin/../lib/gcc/nios2-elf/4.1.2/../../../../nios2-elf/lib\libc.a(lib_a-makebuf.o)
[...]
Memory Configuration

Name             Origin             Length             Attributes
reset            0x00800000         0x00000020
sdram_controller 0x00800020         0x007fffe0
*default*        0x00000000         0xffffffff

Linker script and memory map

LOAD ../hello_bsp//obj/HAL/src/crt0.o
LOAD obj/hello_ucosii.o
LOAD c:/altera/11.0/nios2eds/bin/gnu/h-i686-mingw32/bin/../lib/gcc/nios2-elf/4.1.2/../../../../nios2-elf/lib\libstdc++.a
LOAD c:/altera/11.0/nios2eds/bin/gnu/h-i686-mingw32/bin/../lib/gcc/nios2-elf/4.1.2/../../../../nios2-elf/lib\libm.a
LOAD c:/altera/11.0/nios2eds/bin/gnu/h-i686-mingw32/bin/../lib/gcc/nios2-elf/4.1.2\libgcc.a
START GROUP
LOAD c:/altera/11.0/nios2eds/bin/gnu/h-i686-mingw32/bin/../lib/gcc/nios2-elf/4.1.2/../../../../nios2-elf/lib\libc.a
LOAD c:/altera/11.0/nios2eds/bin/gnu/h-i686-mingw32/bin/../lib/gcc/nios2-elf/4.1.2\libgcc.a
LOAD ../hello_bsp/\libucosii_bsp.a
END GROUP
LOAD c:/altera/11.0/nios2eds/bin/gnu/h-i686-mingw32/bin/../lib/gcc/nios2-elf/4.1.2\libgcc.a
                0x00800000                __alt_mem_sdram_controller = 0x800000

.entry          0x00800000       0x20
 *(.entry)
 .entry         0x00800000       0x20 ../hello_bsp//obj/HAL/src/crt0.o
                0x00800000                __reset

.exceptions     0x00800020      0x19c
                0x00800020                PROVIDE (__ram_exceptions_start, ABSOLUTE (.))
                0x00800020                . = ALIGN (0x20)
 *(.irq)
 *(.exceptions.entry.label)
 .exceptions.entry.label
                0x00800020        0x0 ../hello_bsp/\libucosii_bsp.a(alt_irq_entry.o)
                0x00800020                alt_irq_entry
 .exceptions.entry.label
                0x00800020        0x0 ../hello_bsp/\libucosii_bsp.a(alt_exception_entry.o)
                0x00800020                alt_exception
 *(.exceptions.entry.user)
 *(.exceptions.entry)
 .exceptions.entry
                0x00800020       0x54 ../hello_bsp/\libucosii_bsp.a(alt_exception_entry.o)
 *(.exceptions.irqtest.user)
 *(.exceptions.irqtest)
 .exceptions.irqtest
                0x00800074       0x10 ../hello_bsp/\libucosii_bsp.a(alt_irq_entry.o)
 *(.exceptions.irqhandler.user)
 *(.exceptions.irqhandler)
 .exceptions.irqhandler
                0x00800084        0x4 ../hello_bsp/\libucosii_bsp.a(alt_irq_entry.o)
 *(.exceptions.irqreturn.user)
 *(.exceptions.irqreturn)
 .exceptions.irqreturn
                0x00800088        0x4 ../hello_bsp/\libucosii_bsp.a(alt_irq_entry.o)
 *(.exceptions.notirq.label)
 .exceptions.notirq.label
                0x0080008c        0x0 ../hello_bsp/\libucosii_bsp.a(alt_irq_entry.o)
 *(.exceptions.notirq.user)
 *(.exceptions.notirq)
 .exceptions.notirq
                0x0080008c        0x8 ../hello_bsp/\libucosii_bsp.a(alt_exception_entry.o)
 *(.exceptions.soft.user)
 *(.exceptions.soft)
 *(.exceptions.unknown.user)
 *(.exceptions.unknown)
 .exceptions.unknown
                0x00800094        0x4 ../hello_bsp/\libucosii_bsp.a(alt_exception_entry.o)
 *(.exceptions.exit.label)
 .exceptions.exit.label
                0x00800098        0x0 ../hello_bsp/\libucosii_bsp.a(alt_irq_entry.o)
 .exceptions.exit.label
                0x00800098        0x0 ../hello_bsp/\libucosii_bsp.a(alt_exception_entry.o)
 *(.exceptions.exit.user)
 *(.exceptions.exit)
 .exceptions.exit
                0x00800098       0x54 ../hello_bsp/\libucosii_bsp.a(alt_exception_entry.o)
 *(.exceptions)
 .exceptions    0x008000ec       0xd0 ../hello_bsp/\libucosii_bsp.a(alt_irq_handler.o)
                0x008000ec                alt_irq_handler
                0x008001bc                PROVIDE (__ram_exceptions_end, ABSOLUTE (.))
                0x00800020                PROVIDE (__flash_exceptions_start, LOADADDR (.exceptions))

.text           0x008001bc    0x10228
                0x008001bc                PROVIDE (stext, ABSOLUTE (.))
 *(.interp)
 *(.hash)
 *(.dynsym)
 *(.dynstr)
 *(.gnu.version)
 *(.gnu.version_d)
 *(.gnu.version_r)
 *(.rel.init)
 *(.rela.init)
 *(.rel.text .rel.text.* .rel.gnu.linkonce.t.*)
 *(.rela.text .rela.text.* .rela.gnu.linkonce.t.*)
 *(.rel.fini)
 *(.rela.fini)
 *(.rel.rodata .rel.rodata.* .rel.gnu.linkonce.r.*)
 *(.rela.rodata .rela.rodata.* .rela.gnu.linkonce.r.*)
 *(.rel.data .rel.data.* .rel.gnu.linkonce.d.*)
 *(.rela.data .rela.data.* .rela.gnu.linkonce.d.*)
 *(.rel.tdata .rel.tdata.* .rel.gnu.linkonce.td.*)
 *(.rela.tdata .rela.tdata.* .rela.gnu.linkonce.td.*)
 *(.rel.tbss .rel.tbss.* .rel.gnu.linkonce.tb.*)
 *(.rela.tbss .rela.tbss.* .rela.gnu.linkonce.tb.*)
 *(.rel.ctors)
 *(.rela.ctors)
 *(.rel.dtors)
 *(.rela.dtors)
 *(.rel.got)
 *(.rela.got)
 *(.rel.sdata .rel.sdata.* .rel.gnu.linkonce.s.*)
 *(.rela.sdata .rela.sdata.* .rela.gnu.linkonce.s.*)
 *(.rel.sbss .rel.sbss.* .rel.gnu.linkonce.sb.*)
 *(.rela.sbss .rela.sbss.* .rela.gnu.linkonce.sb.*)
 *(.rel.sdata2 .rel.sdata2.* .rel.gnu.linkonce.s2.*)
 *(.rela.sdata2 .rela.sdata2.* .rela.gnu.linkonce.s2.*)
 *(.rel.sbss2 .rel.sbss2.* .rel.gnu.linkonce.sb2.*)
 *(.rela.sbss2 .rela.sbss2.* .rela.gnu.linkonce.sb2.*)
 *(.rel.bss .rel.bss.* .rel.gnu.linkonce.b.*)
 *(.rela.bss .rela.bss.* .rela.gnu.linkonce.b.*)
 *(.rel.plt)
 *(.rela.plt)
 *(.rel.dyn)
 *(.init)
 *(.plt)
 *(.text .stub .text.* .gnu.linkonce.t.*)
 .text          0x008001bc       0x3c ../hello_bsp//obj/HAL/src/crt0.o
                0x008001bc                _start
 .text          0x008001f8      0x11c obj/hello_ucosii.o
                0x008001f8                task1
                0x00800230                task2
                0x00800268                main
 .text          0x00800314       0xb4 c:/altera/11.0/nios2eds/bin/gnu/h-i686-mingw32/bin/../lib/gcc/nios2-elf/4.1.2/../../../../nios2-elf/lib\libc.a(lib_a-puts.o)
                0x00800314                _puts_r
                0x008003b4                puts
 .text          0x008003c8       0x74 c:/altera/11.0/nios2eds/bin/gnu/h-i686-mingw32/bin/../lib/gcc/nios2-elf/4.1.2/../../../../nios2-elf/lib\libc.a(lib_a-strlen.o)
                0x008003c8                strlen
 .text          0x0080043c      0x49c c:/altera/11.0/nios2eds/bin/gnu/h-i686-mingw32/bin/../lib/gcc/nios2-elf/4.1.2/../../../../nios2-elf/lib\libc.a(lib_a-fvwrite.o)
                0x0080043c                __sfvwrite_r
 .text          0x008008d8        0x0 c:/altera/11.0/nios2eds/bin/gnu/h-i686-mingw32/bin/../lib/gcc/nios2-elf/4.1.2/../../../../nios2-elf/lib\libc.a(lib_a-impure.o)
 .text          0x008008d8      0x740 c:/altera/11.0/nios2eds/bin/gnu/h-i686-mingw32/bin/../lib/gcc/nios2-elf/4.1.2/../../../../nios2-elf/lib\libc.a(lib_a-mallocr.o)
                0x008008d8                _malloc_r
 .text          0x00801018       0xe4 c:/altera/11.0/nios2eds/bin/gnu/h-i686-mingw32/bin/../lib/gcc/nios2-elf/4.1.2/../../../../nios2-elf/lib\libc.a(lib_a-memchr.o)
                0x00801018                memchr
 .text          0x008010fc       0xa0 c:/altera/11.0/nios2eds/bin/gnu/h-i686-mingw32/bin/../lib/gcc/nios2-elf/4.1.2/../../../../nios2-elf/lib\libc.a(lib_a-memcpy.o)
                0x008010fc                memcpy
 .text          0x0080119c       0xe0 c:/altera/11.0/nios2eds/bin/gnu/h-i686-mingw32/bin/../lib/gcc/nios2-elf/4.1.2/../../../../nios2-elf/lib\libc.a(lib_a-memmove.o)
                0x0080119c                memmove
 .text          0x0080127c      0x5f4 c:/altera/11.0/nios2eds/bin/gnu/h-i686-mingw32/bin/../lib/gcc/nios2-elf/4.1.2/../../../../nios2-elf/lib\libc.a(lib_a-reallocr.o)
                0x0080127c                _realloc_r
 .text          0x00801870       0x70 c:/altera/11.0/nios2eds/bin/gnu/h-i686-mingw32/bin/../lib/gcc/nios2-elf/4.1.2/../../../../nios2-elf/lib\libc.a(lib_a-sbrkr.o)
                0x00801870                _sbrk_r
 .text          0x008018e0      0x13c c:/altera/11.0/nios2eds/bin/gnu/h-i686-mingw32/bin/../lib/gcc/nios2-elf/4.1.2/../../../../nios2-elf/lib\libc.a(lib_a-wsetup.o)
                0x008018e0                __swsetup_r
 .text          0x00801a1c      0x230 c:/altera/11.0/nios2eds/bin/gnu/h-i686-mingw32/bin/../lib/gcc/nios2-elf/4.1.2/../../../../nios2-elf/lib\libc.a(lib_a-fflush.o)
                0x00801a1c                _fflush_r
                0x00801c18                fflush
 .text          0x00801c4c      0x2c0 c:/altera/11.0/nios2eds/bin/gnu/h-i686-mingw32/bin/../lib/gcc/nios2-elf/4.1.2/../../../../nios2-elf/lib\libc.a(lib_a-findfp.o)
                0x00801ca4                __sfp_lock_acquire
                0x00801ca8                __sfp_lock_release
                0x00801cac                __sinit_lock_acquire
                0x00801cb0                __sinit_lock_release
                0x00801cb4                __sinit
                0x00801d68                __fp_unlock_all
                0x00801d80                __fp_lock_all
                0x00801d98                _cleanup_r
                0x00801da4                _cleanup
                0x00801db4                __sfmoreglue
                0x00801e1c                __sfp
 .text          0x00801f0c      0x440 c:/altera/11.0/nios2eds/bin/gnu/h-i686-mingw32/bin/../lib/gcc/nios2-elf/4.1.2/../../../../nios2-elf/lib\libc.a(lib_a-freer.o)
                0x00801f0c                _malloc_trim_r
                0x00802038                _free_r
 .text          0x0080234c      0x180 c:/altera/11.0/nios2eds/bin/gnu/h-i686-mingw32/bin/../lib/gcc/nios2-elf/4.1.2/../../../../nios2-elf/lib\libc.a(lib_a-fwalk.o)
                0x0080234c                _fwalk_reent
                0x00802414                _fwalk
 .text          0x008024cc        0x0 c:/altera/11.0/nios2eds/bin/gnu/h-i686-mingw32/bin/../lib/gcc/nios2-elf/4.1.2/../../../../nios2-elf/lib\libc.a(lib_a-int_errno.o)
 .text          0x008024cc      0x194 c:/altera/11.0/nios2eds/bin/gnu/h-i686-mingw32/bin/../lib/gcc/nios2-elf/4.1.2/../../../../nios2-elf/lib\libc.a(lib_a-makebuf.o)
                0x008024cc                __smakebuf_r
 .text          0x00802660       0x98 c:/altera/11.0/nios2eds/bin/gnu/h-i686-mingw32/bin/../lib/gcc/nios2-elf/4.1.2/../../../../nios2-elf/lib\libc.a(lib_a-memset.o)
                0x00802660                memset
 .text          0x008026f8      0x14c c:/altera/11.0/nios2eds/bin/gnu/h-i686-mingw32/bin/../lib/gcc/nios2-elf/4.1.2/../../../../nios2-elf/lib\libc.a(lib_a-stdio.o)
                0x008026f8                __sclose
                0x00802700                __sseek
                0x00802768                __swrite
                0x008027e4                __sread
 .text          0x00802844       0x78 c:/altera/11.0/nios2eds/bin/gnu/h-i686-mingw32/bin/../lib/gcc/nios2-elf/4.1.2/../../../../nios2-elf/lib\libc.a(lib_a-writer.o)
                0x00802844                _write_r
 .text          0x008028bc       0x70 c:/altera/11.0/nios2eds/bin/gnu/h-i686-mingw32/bin/../lib/gcc/nios2-elf/4.1.2/../../../../nios2-elf/lib\libc.a(lib_a-closer.o)
                0x008028bc                _close_r
 .text          0x0080292c      0x124 c:/altera/11.0/nios2eds/bin/gnu/h-i686-mingw32/bin/../lib/gcc/nios2-elf/4.1.2/../../../../nios2-elf/lib\libc.a(lib_a-fclose.o)
                0x0080292c                _fclose_r
                0x00802a3c                fclose
 .text          0x00802a50       0x74 c:/altera/11.0/nios2eds/bin/gnu/h-i686-mingw32/bin/../lib/gcc/nios2-elf/4.1.2/../../../../nios2-elf/lib\libc.a(lib_a-fstatr.o)
                0x00802a50                _fstat_r
 .text          0x00802ac4       0x70 c:/altera/11.0/nios2eds/bin/gnu/h-i686-mingw32/bin/../lib/gcc/nios2-elf/4.1.2/../../../../nios2-elf/lib\libc.a(lib_a-isattyr.o)
                0x00802ac4                _isatty_r
 .text          0x00802b34       0x78 c:/altera/11.0/nios2eds/bin/gnu/h-i686-mingw32/bin/../lib/gcc/nios2-elf/4.1.2/../../../../nios2-elf/lib\libc.a(lib_a-lseekr.o)
                0x00802b34                _lseek_r
 .text          0x00802bac       0x78 c:/altera/11.0/nios2eds/bin/gnu/h-i686-mingw32/bin/../lib/gcc/nios2-elf/4.1.2/../../../../nios2-elf/lib\libc.a(lib_a-readr.o)
                0x00802bac                _read_r
 .text          0x00802c24      0x15c ../hello_bsp/\libucosii_bsp.a(alt_close.o)
                0x00802c24                close
 .text          0x00802d80       0x2c ../hello_bsp/\libucosii_bsp.a(alt_dev.o)
 .text          0x00802dac        0x0 ../hello_bsp/\libucosii_bsp.a(alt_errno.o)
 .text          0x00802dac      0x134 ../hello_bsp/\libucosii_bsp.a(alt_fstat.o)
                0x00802dac                fstat
 .text          0x00802ee0      0x120 ../hello_bsp/\libucosii_bsp.a(alt_isatty.o)
                0x00802ee0                isatty
 .text          0x00803000       0xec ../hello_bsp/\libucosii_bsp.a(alt_load.o)
                0x00803000                alt_load
 .text          0x008030ec      0x150 ../hello_bsp/\libucosii_bsp.a(alt_lseek.o)
                0x008030ec                lseek
 .text          0x0080323c       0xc8 ../hello_bsp/\libucosii_bsp.a(alt_main.o)
                0x0080323c                alt_main
 .text          0x00803304      0x180 ../hello_bsp/\libucosii_bsp.a(alt_read.o)
                0x00803304                read
 .text          0x00803484       0x60 ../hello_bsp/\libucosii_bsp.a(alt_release_fd.o)
                0x00803484                alt_release_fd
 .text          0x008034e4       0xbc ../hello_bsp/\libucosii_bsp.a(alt_sbrk.o)
                0x008034e4                sbrk
 .text          0x008035a0      0x180 ../hello_bsp/\libucosii_bsp.a(alt_write.o)
                0x008035a0                write
 .text          0x00803720      0x108 ../hello_bsp/\libucosii_bsp.a(alt_env_lock.o)
                0x00803720                __env_lock
                0x008037cc                __env_unlock
 .text          0x00803828      0x1d8 ../hello_bsp/\libucosii_bsp.a(alt_malloc_lock.o)
                0x00803828                __malloc_lock
                0x00803930                __malloc_unlock
 .text          0x00803a00     0x2128 ../hello_bsp/\libucosii_bsp.a(os_core.o)
                0x00803a00                OSEventNameGet
                0x00803b30                OSEventNameSet
                0x00803c74                OSEventPendMulti
                0x00804328                OSInit
                0x0080437c                OSIntEnter
                0x008043f8                OSIntExit
                0x008044f8                OSSchedLock
                0x00804584                OSSchedUnlock
                0x00804668                OSStart
                0x008046d8                OSStatInit
                0x00804784                OSTimeTick
                0x008049c4                OSVersion
                0x008049e4                OS_Dummy
                0x00804a00                OS_EventTaskRdy
                0x00804b94                OS_EventTaskWait
                0x00804ca4                OS_EventTaskWaitMulti
                0x00804df8                OS_EventTaskRemove
                0x00804eb0                OS_EventTaskRemoveMulti
                0x00804fb4                OS_EventWaitListInit
                0x00805380                OS_MemClr
                0x008053d4                OS_MemCopy
                0x00805440                OS_Sched
                0x00805584                OS_StrCopy
                0x00805604                OS_StrLen
                0x0080565c                OS_TaskIdle
                0x008056b8                OS_TaskStat
                0x00805780                OS_TaskStatStkChk
                0x00805848                OS_TCBInit
 .text          0x00805b28      0x18c ../hello_bsp/\libucosii_bsp.a(os_dbg.o)
                0x00805b28                OSDebugInit
 .text          0x00805cb4     0x193c ../hello_bsp/\libucosii_bsp.a(os_flag.o)
                0x00805cb4                OSFlagAccept
                0x00805fe8                OSFlagCreate
                0x00806124                OSFlagDel
                0x008063cc                OSFlagNameGet
                0x00806510                OSFlagNameSet
                0x00806664                OSFlagPend
                0x00806ca8                OSFlagPendGetFlagsRdy
                0x00806d10                OSFlagPost
                0x008070b8                OSFlagQuery
                0x00807350                OS_FlagInit
                0x00807544                OS_FlagUnlink
 .text          0x008075f0      0x808 ../hello_bsp/\libucosii_bsp.a(os_mem.o)
                0x008075f0                OSMemCreate
                0x0080780c                OSMemGet
                0x00807910                OSMemNameGet
                0x00807a1c                OSMemNameSet
                0x00807b3c                OSMemPut
                0x00807c2c                OSMemQuery
                0x00807d28                OS_MemInit
 .text          0x00807df8     0x1334 ../hello_bsp/\libucosii_bsp.a(os_q.o)
                0x00807df8                OSQAccept
                0x00807f4c                OSQCreate
                0x00808160                OSQDel
                0x00808460                OSQFlush
                0x00808528                OSQPend
                0x00808848                OSQPendAbort
                0x008089c4                OSQPost
                0x00808b44                OSQPostFront
                0x00808ccc                OSQPostOpt
                0x00808f00                OSQQuery
                0x00809080                OS_QInit
 .text          0x0080912c      0xbc8 ../hello_bsp/\libucosii_bsp.a(os_sem.o)
                0x0080912c                OSSemAccept
                0x008091ec                OSSemCreate
                0x00809300                OSSemDel
                0x008095a0                OSSemPend
                0x0080981c                OSSemPendAbort
                0x00809998                OSSemPost
                0x00809ac0                OSSemQuery
                0x00809bf0                OSSemSet
 .text          0x00809cf4     0x1a40 ../hello_bsp/\libucosii_bsp.a(os_task.o)
                0x00809cf4                OSTaskChangePrio
                0x0080a268                OSTaskCreate
                0x0080a43c                OSTaskCreateExt
                0x0080a63c                OSTaskDel
                0x0080aa48                OSTaskDelReq
                0x0080abb8                OSTaskNameGet
                0x0080ad70                OSTaskNameSet
                0x0080af34                OSTaskResume
                0x0080b14c                OSTaskStkChk
                0x0080b348                OSTaskSuspend
                0x0080b574                OSTaskQuery
                0x0080b6b8                OS_TaskStkClr
 .text          0x0080b734      0x59c ../hello_bsp/\libucosii_bsp.a(os_time.o)
                0x0080b734                OSTimeDly
                0x0080b880                OSTimeDlyHMSM
                0x0080b9f8                OSTimeDlyResume
                0x0080bc08                OSTimeGet
                0x0080bc6c                OSTimeSet
 .text          0x0080bcd0      0x100 ../hello_bsp/\libucosii_bsp.a(alt_sys_init.o)
                0x0080bcd0                alt_irq_init
                0x0080bd04                alt_sys_init
 .text          0x0080bdd0      0x148 ../hello_bsp/\libucosii_bsp.a(altera_avalon_jtag_uart_fd.o)
                0x0080bdd0                altera_avalon_jtag_uart_read_fd
                0x0080be28                altera_avalon_jtag_uart_write_fd
                0x0080be80                altera_avalon_jtag_uart_close_fd
                0x0080bec8                altera_avalon_jtag_uart_ioctl_fd
 .text          0x0080bf18      0x584 ../hello_bsp/\libucosii_bsp.a(altera_avalon_jtag_uart_init.o)
                0x0080bf18                altera_avalon_jtag_uart_init
                0x0080c428                altera_avalon_jtag_uart_close
 .text          0x0080c49c       0xf4 ../hello_bsp/\libucosii_bsp.a(altera_avalon_jtag_uart_ioctl.o)
                0x0080c49c                altera_avalon_jtag_uart_ioctl
 .text          0x0080c590      0x2c0 ../hello_bsp/\libucosii_bsp.a(altera_avalon_jtag_uart_read.o)
                0x0080c590                altera_avalon_jtag_uart_read
 .text          0x0080c850      0x2dc ../hello_bsp/\libucosii_bsp.a(altera_avalon_jtag_uart_write.o)
                0x0080c850                altera_avalon_jtag_uart_write
 .text          0x0080cb2c      0xf3c ../hello_bsp/\libucosii_bsp.a(altera_avalon_lcd_16207.o)
                0x0080d300                altera_avalon_lcd_16207_write
                0x0080d904                altera_avalon_lcd_16207_init
 .text          0x0080da68       0x58 ../hello_bsp/\libucosii_bsp.a(altera_avalon_lcd_16207_fd.o)
                0x0080da68                altera_avalon_lcd_16207_write_fd
 .text          0x0080dac0      0x100 ../hello_bsp/\libucosii_bsp.a(altera_avalon_timer_sc.o)
                0x0080db30                alt_avalon_timer_sc_init
 .text          0x0080dbc0       0xf8 ../hello_bsp/\libucosii_bsp.a(altera_avalon_uart_fd.o)
                0x0080dbc0                altera_avalon_uart_read_fd
                0x0080dc18                altera_avalon_uart_write_fd
                0x0080dc70                altera_avalon_uart_close_fd
 .text          0x0080dcb8      0x57c ../hello_bsp/\libucosii_bsp.a(altera_avalon_uart_init.o)
                0x0080dcb8                altera_avalon_uart_init
                0x0080e1d4                altera_avalon_uart_close
 .text          0x0080e234      0x310 ../hello_bsp/\libucosii_bsp.a(altera_avalon_uart_read.o)
                0x0080e234                altera_avalon_uart_read
 .text          0x0080e544      0x2a8 ../hello_bsp/\libucosii_bsp.a(altera_avalon_uart_write.o)
                0x0080e544                altera_avalon_uart_write
 .text          0x0080e7ec      0x154 ../hello_bsp/\libucosii_bsp.a(alt_alarm_start.o)
                0x0080e7ec                alt_alarm_start
 .text          0x0080e940       0x1c ../hello_bsp/\libucosii_bsp.a(alt_dcache_flush_all.o)
                0x0080e940                alt_dcache_flush_all
 .text          0x0080e95c      0x114 ../hello_bsp/\libucosii_bsp.a(alt_dev_llist_insert.o)
                0x0080e95c                alt_dev_llist_insert
 .text          0x0080ea70       0x64 ../hello_bsp/\libucosii_bsp.a(alt_do_ctors.o)
                0x0080ea70                _do_ctors
 .text          0x0080ead4       0x64 ../hello_bsp/\libucosii_bsp.a(alt_do_dtors.o)
                0x0080ead4                _do_dtors
 .text          0x0080eb38       0x30 ../hello_bsp/\libucosii_bsp.a(alt_icache_flush_all.o)
                0x0080eb38                alt_icache_flush_all
 .text          0x0080eb68      0x1d4 ../hello_bsp/\libucosii_bsp.a(alt_iic.o)
                0x0080eb68                alt_ic_isr_register
                0x0080ebb8                alt_ic_irq_enable
                0x0080ec54                alt_ic_irq_disable
                0x0080ecf4                alt_ic_irq_enabled
 .text          0x0080ed3c       0xf8 ../hello_bsp/\libucosii_bsp.a(alt_iic_isr_register.o)
                0x0080ed3c                alt_iic_isr_register
 .text          0x0080ee34      0x13c ../hello_bsp/\libucosii_bsp.a(alt_io_redirect.o)
                0x0080eef8                alt_io_redirect
 .text          0x0080ef70        0x0 ../hello_bsp/\libucosii_bsp.a(alt_irq_entry.o)
 .text          0x0080ef70        0x0 ../hello_bsp/\libucosii_bsp.a(alt_irq_handler.o)
 .text          0x0080ef70        0x0 ../hello_bsp/\libucosii_bsp.a(alt_irq_vars.o)
 .text          0x0080ef70      0x2c4 ../hello_bsp/\libucosii_bsp.a(alt_open.o)
                0x0080f04c                open
 .text          0x0080f234      0x1a8 ../hello_bsp/\libucosii_bsp.a(alt_tick.o)
                0x0080f234                alt_alarm_stop
                0x0080f2cc                alt_tick
 .text          0x0080f3dc      0x118 ../hello_bsp/\libucosii_bsp.a(alt_usleep.o)
                0x0080f3dc                usleep
 .text          0x0080f4f4       0x20 ../hello_bsp/\libucosii_bsp.a(altera_nios2_qsys_irq.o)
                0x0080f4f4                altera_nios2_qsys_irq_init
 .text          0x0080f514       0xd0 ../hello_bsp/\libucosii_bsp.a(os_cpu_a.o)
                0x0080f514                OSCtxSw
                0x0080f514                OSIntCtxSw
                0x0080f5a0                OSStartHighRdy
                0x0080f5c0                OSStartTsk
 .text          0x0080f5e4      0x418 ../hello_bsp/\libucosii_bsp.a(os_cpu_c.o)
                0x0080f5e4                OSTaskStkInit
                0x0080f8f4                OSTaskCreateHook
                0x0080f914                OSTaskDelHook
                0x0080f934                OSTaskSwHook
                0x0080f950                OSTaskStatHook
                0x0080f96c                OSTimeTickHook
                0x0080f988                OSInitHookBegin
                0x0080f9a4                OSInitHookEnd
                0x0080f9c0                OSTaskIdleHook
                0x0080f9dc                OSTCBInitHook
 .text          0x0080f9fc      0x14c ../hello_bsp/\libucosii_bsp.a(alt_busy_sleep.o)
                0x0080f9fc                alt_busy_sleep
 .text          0x0080fb48        0x0 ../hello_bsp/\libucosii_bsp.a(alt_exception_entry.o)
 .text          0x0080fb48       0x94 ../hello_bsp/\libucosii_bsp.a(alt_find_dev.o)
                0x0080fb48                alt_find_dev
 .text          0x0080fbdc      0x120 ../hello_bsp/\libucosii_bsp.a(alt_find_file.o)
                0x0080fbdc                alt_find_file
 .text          0x0080fcfc       0xf4 ../hello_bsp/\libucosii_bsp.a(alt_get_fd.o)
                0x0080fcfc                alt_get_fd
 .text          0x0080fdf0       0x90 ../hello_bsp/\libucosii_bsp.a(alt_icache_flush.o)
                0x0080fdf0                alt_icache_flush
 .text          0x0080fe80       0x14 c:/altera/11.0/nios2eds/bin/gnu/h-i686-mingw32/bin/../lib/gcc/nios2-elf/4.1.2/../../../../nios2-elf/lib\libc.a(lib_a-atexit.o)
                0x0080fe80                atexit
 .text          0x0080fe94        0x0 c:/altera/11.0/nios2eds/bin/gnu/h-i686-mingw32/bin/../lib/gcc/nios2-elf/4.1.2/../../../../nios2-elf/lib\libc.a(lib_a-ctype_.o)
 .text          0x0080fe94       0x38 c:/altera/11.0/nios2eds/bin/gnu/h-i686-mingw32/bin/../lib/gcc/nios2-elf/4.1.2/../../../../nios2-elf/lib\libc.a(lib_a-exit.o)
                0x0080fe94                exit
 .text          0x0080fecc       0x74 c:/altera/11.0/nios2eds/bin/gnu/h-i686-mingw32/bin/../lib/gcc/nios2-elf/4.1.2/../../../../nios2-elf/lib\libc.a(lib_a-memcmp.o)
                0x0080fecc                memcmp
 .text          0x0080ff40      0x134 c:/altera/11.0/nios2eds/bin/gnu/h-i686-mingw32/bin/../lib/gcc/nios2-elf/4.1.2/../../../../nios2-elf/lib\libc.a(lib_a-__atexit.o)
                0x0080ff40                __register_exitproc
 .text          0x00810074      0x1b4 c:/altera/11.0/nios2eds/bin/gnu/h-i686-mingw32/bin/../lib/gcc/nios2-elf/4.1.2/../../../../nios2-elf/lib\libc.a(lib_a-__call_atexit.o)
                0x00810078                __call_exitprocs
 .text          0x00810228      0x14c c:/altera/11.0/nios2eds/bin/gnu/h-i686-mingw32/bin/../lib/gcc/nios2-elf/4.1.2\libgcc.a(lib2-divmod.o)
                0x008102a4                __divsi3
                0x00810304                __modsi3
                0x00810364                __udivsi3
                0x0081036c                __umodsi3
 .text          0x00810374       0x6c ../hello_bsp/\libucosii_bsp.a(alt_exit.o)
                0x008103b4                _exit
 *(.gnu.warning.*)
 *(.fini)
                0x008103e0                PROVIDE (__etext, ABSOLUTE (.))
                0x008103e0                PROVIDE (_etext, ABSOLUTE (.))
                0x008103e0                PROVIDE (etext, ABSOLUTE (.))
 *(.eh_frame_hdr)
                0x008103e0                . = ALIGN (0x4)
                0x008103e0                PROVIDE (__preinit_array_start, ABSOLUTE (.))
 *(.preinit_array)
                0x008103e0                PROVIDE (__preinit_array_end, ABSOLUTE (.))
                0x008103e0                PROVIDE (__init_array_start, ABSOLUTE (.))
 *(.init_array)
                0x008103e0                PROVIDE (__init_array_end, ABSOLUTE (.))
                0x008103e0                PROVIDE (__fini_array_start, ABSOLUTE (.))
 *(.fini_array)
                0x008103e0                PROVIDE (__fini_array_end, ABSOLUTE (.))
 *(.eh_frame)
 *(.gcc_except_table)
 *(.dynamic)
                0x008103e0                PROVIDE (__CTOR_LIST__, ABSOLUTE (.))
 *(.ctors)
 *(SORT(.ctors.*))
 .ctors.65535   0x008103e0        0x4 c:/altera/11.0/nios2eds/bin/gnu/h-i686-mingw32/bin/../lib/gcc/nios2-elf/4.1.2/../../../../nios2-elf/lib\libc.a(lib_a-__call_atexit.o)
                0x008103e4                PROVIDE (__CTOR_END__, ABSOLUTE (.))
                0x008103e4                PROVIDE (__DTOR_LIST__, ABSOLUTE (.))
 *(.dtors)
 *(SORT(.dtors.*))
                0x008103e4                PROVIDE (__DTOR_END__, ABSOLUTE (.))
 *(.jcr)
                0x008103e4                . = ALIGN (0x4)

.rodata         0x008103e4      0x428
                0x008103e4                PROVIDE (__ram_rodata_start, ABSOLUTE (.))
                0x008103e4                . = ALIGN (0x4)
 *(.rodata .rodata.* .gnu.linkonce.r.*)
 .rodata        0x008103e4       0x28 obj/hello_ucosii.o
 .rodata.str1.4
                0x0081040c        0x2 c:/altera/11.0/nios2eds/bin/gnu/h-i686-mingw32/bin/../lib/gcc/nios2-elf/4.1.2/../../../../nios2-elf/lib\libc.a(lib_a-puts.o)
                                  0x4 (size before relaxing)
 *fill*         0x0081040e        0x2 00
 .rodata.str1.4
                0x00810410        0x4 c:/altera/11.0/nios2eds/bin/gnu/h-i686-mingw32/bin/../lib/gcc/nios2-elf/4.1.2/../../../../nios2-elf/lib\libc.a(lib_a-impure.o)
 .rodata        0x00810414        0xc ../hello_bsp/\libucosii_bsp.a(alt_dev.o)
 .rodata        0x00810420       0x14 ../hello_bsp/\libucosii_bsp.a(alt_main.o)
 .rodata        0x00810434      0x120 ../hello_bsp/\libucosii_bsp.a(os_core.o)
                0x00810434                OSUnMapTbl
 .rodata        0x00810554       0x30 ../hello_bsp/\libucosii_bsp.a(alt_sys_init.o)
 .rodata        0x00810584        0x4 ../hello_bsp/\libucosii_bsp.a(os_cpu_c.o)
 .rodata        0x00810588      0x281 c:/altera/11.0/nios2eds/bin/gnu/h-i686-mingw32/bin/../lib/gcc/nios2-elf/4.1.2/../../../../nios2-elf/lib\libc.a(lib_a-ctype_.o)
                0x00810588                _ctype_
 *(.rodata1)
                0x0081080c                . = ALIGN (0x4)
 *fill*         0x00810809        0x3 00
                0x0081080c                PROVIDE (__ram_rodata_end, ABSOLUTE (.))
                0x008103e4                PROVIDE (__flash_rodata_start, LOADADDR (.rodata))

.rwdata         0x0081080c     0x1ccc load address 0x008124d8
                0x0081080c                PROVIDE (__ram_rwdata_start, ABSOLUTE (.))
                0x0081080c                . = ALIGN (0x4)
 *(.got.plt)
 *(.got)
 *(.data1)
 *(.data .data.* .gnu.linkonce.d.*)
 .data          0x0081080c        0x0 ../hello_bsp//obj/HAL/src/crt0.o
 .data          0x0081080c        0x0 obj/hello_ucosii.o
 .data          0x0081080c        0x0 c:/altera/11.0/nios2eds/bin/gnu/h-i686-mingw32/bin/../lib/gcc/nios2-elf/4.1.2/../../../../nios2-elf/lib\libc.a(lib_a-puts.o)
 .data          0x0081080c        0x0 c:/altera/11.0/nios2eds/bin/gnu/h-i686-mingw32/bin/../lib/gcc/nios2-elf/4.1.2/../../../../nios2-elf/lib\libc.a(lib_a-strlen.o)
 .data          0x0081080c        0x0 c:/altera/11.0/nios2eds/bin/gnu/h-i686-mingw32/bin/../lib/gcc/nios2-elf/4.1.2/../../../../nios2-elf/lib\libc.a(lib_a-fvwrite.o)
 .data          0x0081080c      0x400 c:/altera/11.0/nios2eds/bin/gnu/h-i686-mingw32/bin/../lib/gcc/nios2-elf/4.1.2/../../../../nios2-elf/lib\libc.a(lib_a-impure.o)
 .data          0x00810c0c      0x408 c:/altera/11.0/nios2eds/bin/gnu/h-i686-mingw32/bin/../lib/gcc/nios2-elf/4.1.2/../../../../nios2-elf/lib\libc.a(lib_a-mallocr.o)
                0x00810c0c                __malloc_av_
 .data          0x00811014        0x0 c:/altera/11.0/nios2eds/bin/gnu/h-i686-mingw32/bin/../lib/gcc/nios2-elf/4.1.2/../../../../nios2-elf/lib\libc.a(lib_a-memchr.o)
 .data          0x00811014        0x0 c:/altera/11.0/nios2eds/bin/gnu/h-i686-mingw32/bin/../lib/gcc/nios2-elf/4.1.2/../../../../nios2-elf/lib\libc.a(lib_a-memcpy.o)
 .data          0x00811014        0x0 c:/altera/11.0/nios2eds/bin/gnu/h-i686-mingw32/bin/../lib/gcc/nios2-elf/4.1.2/../../../../nios2-elf/lib\libc.a(lib_a-memmove.o)
 .data          0x00811014        0x0 c:/altera/11.0/nios2eds/bin/gnu/h-i686-mingw32/bin/../lib/gcc/nios2-elf/4.1.2/../../../../nios2-elf/lib\libc.a(lib_a-reallocr.o)
 .data          0x00811014        0x0 c:/altera/11.0/nios2eds/bin/gnu/h-i686-mingw32/bin/../lib/gcc/nios2-elf/4.1.2/../../../../nios2-elf/lib\libc.a(lib_a-sbrkr.o)
 .data          0x00811014        0x0 c:/altera/11.0/nios2eds/bin/gnu/h-i686-mingw32/bin/../lib/gcc/nios2-elf/4.1.2/../../../../nios2-elf/lib\libc.a(lib_a-wsetup.o)
 .data          0x00811014        0x0 c:/altera/11.0/nios2eds/bin/gnu/h-i686-mingw32/bin/../lib/gcc/nios2-elf/4.1.2/../../../../nios2-elf/lib\libc.a(lib_a-fflush.o)
 .data          0x00811014        0x0 c:/altera/11.0/nios2eds/bin/gnu/h-i686-mingw32/bin/../lib/gcc/nios2-elf/4.1.2/../../../../nios2-elf/lib\libc.a(lib_a-findfp.o)
 .data          0x00811014        0x0 c:/altera/11.0/nios2eds/bin/gnu/h-i686-mingw32/bin/../lib/gcc/nios2-elf/4.1.2/../../../../nios2-elf/lib\libc.a(lib_a-freer.o)
 .data          0x00811014        0x0 c:/altera/11.0/nios2eds/bin/gnu/h-i686-mingw32/bin/../lib/gcc/nios2-elf/4.1.2/../../../../nios2-elf/lib\libc.a(lib_a-fwalk.o)
 .data          0x00811014        0x0 c:/altera/11.0/nios2eds/bin/gnu/h-i686-mingw32/bin/../lib/gcc/nios2-elf/4.1.2/../../../../nios2-elf/lib\libc.a(lib_a-int_errno.o)
 .data          0x00811014        0x0 c:/altera/11.0/nios2eds/bin/gnu/h-i686-mingw32/bin/../lib/gcc/nios2-elf/4.1.2/../../../../nios2-elf/lib\libc.a(lib_a-makebuf.o)
 .data          0x00811014        0x0 c:/altera/11.0/nios2eds/bin/gnu/h-i686-mingw32/bin/../lib/gcc/nios2-elf/4.1.2/../../../../nios2-elf/lib\libc.a(lib_a-memset.o)
 .data          0x00811014        0x0 c:/altera/11.0/nios2eds/bin/gnu/h-i686-mingw32/bin/../lib/gcc/nios2-elf/4.1.2/../../../../nios2-elf/lib\libc.a(lib_a-stdio.o)
 .data          0x00811014        0x0 c:/altera/11.0/nios2eds/bin/gnu/h-i686-mingw32/bin/../lib/gcc/nios2-elf/4.1.2/../../../../nios2-elf/lib\libc.a(lib_a-writer.o)
 .data          0x00811014        0x0 c:/altera/11.0/nios2eds/bin/gnu/h-i686-mingw32/bin/../lib/gcc/nios2-elf/4.1.2/../../../../nios2-elf/lib\libc.a(lib_a-closer.o)
 .data          0x00811014        0x0 c:/altera/11.0/nios2eds/bin/gnu/h-i686-mingw32/bin/../lib/gcc/nios2-elf/4.1.2/../../../../nios2-elf/lib\libc.a(lib_a-fclose.o)
 .data          0x00811014        0x0 c:/altera/11.0/nios2eds/bin/gnu/h-i686-mingw32/bin/../lib/gcc/nios2-elf/4.1.2/../../../../nios2-elf/lib\libc.a(lib_a-fstatr.o)
 .data          0x00811014        0x0 c:/altera/11.0/nios2eds/bin/gnu/h-i686-mingw32/bin/../lib/gcc/nios2-elf/4.1.2/../../../../nios2-elf/lib\libc.a(lib_a-isattyr.o)
 .data          0x00811014        0x0 c:/altera/11.0/nios2eds/bin/gnu/h-i686-mingw32/bin/../lib/gcc/nios2-elf/4.1.2/../../../../nios2-elf/lib\libc.a(lib_a-lseekr.o)
 .data          0x00811014        0x0 c:/altera/11.0/nios2eds/bin/gnu/h-i686-mingw32/bin/../lib/gcc/nios2-elf/4.1.2/../../../../nios2-elf/lib\libc.a(lib_a-readr.o)
 .data          0x00811014        0x0 ../hello_bsp/\libucosii_bsp.a(alt_close.o)
 .data          0x00811014      0x1a8 ../hello_bsp/\libucosii_bsp.a(alt_dev.o)
                0x00811014                alt_dev_null
                0x0081103c                alt_fd_list
 .data          0x008111bc        0x0 ../hello_bsp/\libucosii_bsp.a(alt_errno.o)
 .data          0x008111bc        0x0 ../hello_bsp/\libucosii_bsp.a(alt_fstat.o)
 .data          0x008111bc        0x0 ../hello_bsp/\libucosii_bsp.a(alt_isatty.o)
 .data          0x008111bc        0x0 ../hello_bsp/\libucosii_bsp.a(alt_load.o)
 .data          0x008111bc        0x0 ../hello_bsp/\libucosii_bsp.a(alt_lseek.o)
 .data          0x008111bc        0x0 ../hello_bsp/\libucosii_bsp.a(alt_main.o)
 .data          0x008111bc        0x0 ../hello_bsp/\libucosii_bsp.a(alt_read.o)
 .data          0x008111bc        0x0 ../hello_bsp/\libucosii_bsp.a(alt_release_fd.o)
 .data          0x008111bc        0x0 ../hello_bsp/\libucosii_bsp.a(alt_sbrk.o)
 .data          0x008111bc        0x0 ../hello_bsp/\libucosii_bsp.a(alt_write.o)
 .data          0x008111bc        0x0 ../hello_bsp/\libucosii_bsp.a(alt_env_lock.o)
 .data          0x008111bc        0x0 ../hello_bsp/\libucosii_bsp.a(alt_malloc_lock.o)
 .data          0x008111bc        0x0 ../hello_bsp/\libucosii_bsp.a(os_core.o)
 .data          0x008111bc        0x0 ../hello_bsp/\libucosii_bsp.a(os_dbg.o)
 .data          0x008111bc        0x0 ../hello_bsp/\libucosii_bsp.a(os_flag.o)
 .data          0x008111bc        0x0 ../hello_bsp/\libucosii_bsp.a(os_mem.o)
 .data          0x008111bc        0x0 ../hello_bsp/\libucosii_bsp.a(os_q.o)
 .data          0x008111bc        0x0 ../hello_bsp/\libucosii_bsp.a(os_sem.o)
 .data          0x008111bc        0x0 ../hello_bsp/\libucosii_bsp.a(os_task.o)
 .data          0x008111bc        0x0 ../hello_bsp/\libucosii_bsp.a(os_time.o)
 .data          0x008111bc     0x1260 ../hello_bsp/\libucosii_bsp.a(alt_sys_init.o)
 .data          0x0081241c        0x0 ../hello_bsp/\libucosii_bsp.a(altera_avalon_jtag_uart_fd.o)
 .data          0x0081241c        0x0 ../hello_bsp/\libucosii_bsp.a(altera_avalon_jtag_uart_init.o)
 .data          0x0081241c        0x0 ../hello_bsp/\libucosii_bsp.a(altera_avalon_jtag_uart_ioctl.o)
 .data          0x0081241c        0x0 ../hello_bsp/\libucosii_bsp.a(altera_avalon_jtag_uart_read.o)
 .data          0x0081241c        0x0 ../hello_bsp/\libucosii_bsp.a(altera_avalon_jtag_uart_write.o)
 .data          0x0081241c        0x0 ../hello_bsp/\libucosii_bsp.a(altera_avalon_lcd_16207.o)
 .data          0x0081241c        0x0 ../hello_bsp/\libucosii_bsp.a(altera_avalon_lcd_16207_fd.o)
 .data          0x0081241c        0x0 ../hello_bsp/\libucosii_bsp.a(altera_avalon_timer_sc.o)
 .data          0x0081241c        0x0 ../hello_bsp/\libucosii_bsp.a(altera_avalon_uart_fd.o)
 .data          0x0081241c        0x0 ../hello_bsp/\libucosii_bsp.a(altera_avalon_uart_init.o)
 .data          0x0081241c        0x0 ../hello_bsp/\libucosii_bsp.a(altera_avalon_uart_read.o)
 .data          0x0081241c        0x0 ../hello_bsp/\libucosii_bsp.a(altera_avalon_uart_write.o)
 .data          0x0081241c        0x0 ../hello_bsp/\libucosii_bsp.a(alt_alarm_start.o)
 .data          0x0081241c        0x0 ../hello_bsp/\libucosii_bsp.a(alt_dcache_flush_all.o)
 .data          0x0081241c        0x0 ../hello_bsp/\libucosii_bsp.a(alt_dev_llist_insert.o)
 .data          0x0081241c        0x0 ../hello_bsp/\libucosii_bsp.a(alt_do_ctors.o)
 .data          0x0081241c        0x0 ../hello_bsp/\libucosii_bsp.a(alt_do_dtors.o)
 .data          0x0081241c        0x0 ../hello_bsp/\libucosii_bsp.a(alt_icache_flush_all.o)
 .data          0x0081241c        0x0 ../hello_bsp/\libucosii_bsp.a(alt_iic.o)
 .data          0x0081241c        0x0 ../hello_bsp/\libucosii_bsp.a(alt_iic_isr_register.o)
 .data          0x0081241c        0x0 ../hello_bsp/\libucosii_bsp.a(alt_io_redirect.o)
 .data          0x0081241c        0x0 ../hello_bsp/\libucosii_bsp.a(alt_irq_entry.o)
 .data          0x0081241c        0x0 ../hello_bsp/\libucosii_bsp.a(alt_irq_handler.o)
 .data          0x0081241c        0x0 ../hello_bsp/\libucosii_bsp.a(alt_irq_vars.o)
 .data          0x0081241c        0x0 ../hello_bsp/\libucosii_bsp.a(alt_open.o)
 .data          0x0081241c        0x0 ../hello_bsp/\libucosii_bsp.a(alt_tick.o)
 .data          0x0081241c        0x0 ../hello_bsp/\libucosii_bsp.a(alt_usleep.o)
 .data          0x0081241c        0x0 ../hello_bsp/\libucosii_bsp.a(altera_nios2_qsys_irq.o)
 .data          0x0081241c        0x0 ../hello_bsp/\libucosii_bsp.a(os_cpu_a.o)
 .data          0x0081241c        0x0 ../hello_bsp/\libucosii_bsp.a(os_cpu_c.o)
 .data          0x0081241c        0x0 ../hello_bsp/\libucosii_bsp.a(alt_busy_sleep.o)
 .data          0x0081241c        0x0 ../hello_bsp/\libucosii_bsp.a(alt_exception_entry.o)
 .data          0x0081241c        0x0 ../hello_bsp/\libucosii_bsp.a(alt_find_dev.o)
 .data          0x0081241c        0x0 ../hello_bsp/\libucosii_bsp.a(alt_find_file.o)
 .data          0x0081241c        0x0 ../hello_bsp/\libucosii_bsp.a(alt_get_fd.o)
 .data          0x0081241c        0x0 ../hello_bsp/\libucosii_bsp.a(alt_icache_flush.o)
 .data          0x0081241c        0x0 c:/altera/11.0/nios2eds/bin/gnu/h-i686-mingw32/bin/../lib/gcc/nios2-elf/4.1.2/../../../../nios2-elf/lib\libc.a(lib_a-atexit.o)
 .data          0x0081241c        0x0 c:/altera/11.0/nios2eds/bin/gnu/h-i686-mingw32/bin/../lib/gcc/nios2-elf/4.1.2/../../../../nios2-elf/lib\libc.a(lib_a-ctype_.o)
 .data          0x0081241c        0x0 c:/altera/11.0/nios2eds/bin/gnu/h-i686-mingw32/bin/../lib/gcc/nios2-elf/4.1.2/../../../../nios2-elf/lib\libc.a(lib_a-exit.o)
 .data          0x0081241c        0x0 c:/altera/11.0/nios2eds/bin/gnu/h-i686-mingw32/bin/../lib/gcc/nios2-elf/4.1.2/../../../../nios2-elf/lib\libc.a(lib_a-memcmp.o)
 .data          0x0081241c        0x0 c:/altera/11.0/nios2eds/bin/gnu/h-i686-mingw32/bin/../lib/gcc/nios2-elf/4.1.2/../../../../nios2-elf/lib\libc.a(lib_a-__atexit.o)
 .data          0x0081241c        0x0 c:/altera/11.0/nios2eds/bin/gnu/h-i686-mingw32/bin/../lib/gcc/nios2-elf/4.1.2/../../../../nios2-elf/lib\libc.a(lib_a-__call_atexit.o)
 .data          0x0081241c        0x0 c:/altera/11.0/nios2eds/bin/gnu/h-i686-mingw32/bin/../lib/gcc/nios2-elf/4.1.2\libgcc.a(lib2-divmod.o)
 .data          0x0081241c        0x0 ../hello_bsp/\libucosii_bsp.a(alt_exit.o)
                0x0081a41c                _gp = ABSOLUTE ((. + 0x8000))
                0x0081a41c                PROVIDE (gp, _gp)
 *(.rwdata .rwdata.*)
 *(.sdata .sdata.* .gnu.linkonce.s.*)
 .sdata         0x0081241c        0x8 c:/altera/11.0/nios2eds/bin/gnu/h-i686-mingw32/bin/../lib/gcc/nios2-elf/4.1.2/../../../../nios2-elf/lib\libc.a(lib_a-impure.o)
                0x0081241c                _impure_ptr
                0x00812420                _global_impure_ptr
 .sdata         0x00812424        0x8 c:/altera/11.0/nios2eds/bin/gnu/h-i686-mingw32/bin/../lib/gcc/nios2-elf/4.1.2/../../../../nios2-elf/lib\libc.a(lib_a-mallocr.o)
                0x00812424                __malloc_trim_threshold
                0x00812428                __malloc_sbrk_base
 .sdata         0x0081242c       0x14 ../hello_bsp/\libucosii_bsp.a(alt_dev.o)
                0x0081242c                alt_fs_list
                0x00812434                alt_dev_list
                0x0081243c                alt_max_fd
 .sdata         0x00812440        0x4 ../hello_bsp/\libucosii_bsp.a(alt_errno.o)
                0x00812440                alt_errno
 .sdata         0x00812444        0x4 ../hello_bsp/\libucosii_bsp.a(alt_sbrk.o)
 .sdata         0x00812448        0x4 ../hello_bsp/\libucosii_bsp.a(alt_env_lock.o)
 .sdata         0x0081244c        0x4 ../hello_bsp/\libucosii_bsp.a(alt_malloc_lock.o)
 .sdata         0x00812450       0x74 ../hello_bsp/\libucosii_bsp.a(os_dbg.o)
                0x00812450                OSDebugEn
                0x00812454                OSEndiannessTest
                0x00812458                OSEventEn
                0x0081245a                OSEventMax
                0x0081245c                OSEventNameSize
                0x0081245e                OSEventSize
                0x00812460                OSEventTblSize
                0x00812462                OSEventMultiEn
                0x00812464                OSFlagEn
                0x00812466                OSFlagGrpSize
                0x00812468                OSFlagNodeSize
                0x0081246a                OSFlagWidth
                0x0081246c                OSFlagMax
                0x0081246e                OSFlagNameSize
                0x00812470                OSLowestPrio
                0x00812472                OSMboxEn
                0x00812474                OSMemEn
                0x00812476                OSMemMax
                0x00812478                OSMemNameSize
                0x0081247a                OSMemSize
                0x0081247c                OSMemTblSize
                0x0081247e                OSMutexEn
                0x00812480                OSPtrSize
                0x00812482                OSQEn
                0x00812484                OSQMax
                0x00812486                OSQSize
                0x00812488                OSRdyTblSize
                0x0081248a                OSSemEn
                0x0081248c                OSStkWidth
                0x0081248e                OSTaskCreateEn
                0x00812490                OSTaskCreateExtEn
                0x00812492                OSTaskDelEn
                0x00812494                OSTaskIdleStkSize
                0x00812496                OSTaskProfileEn
                0x00812498                OSTaskMax
                0x0081249a                OSTaskNameSize
                0x0081249c                OSTaskStatEn
                0x0081249e                OSTaskStatStkSize
                0x008124a0                OSTaskStatStkChkEn
                0x008124a2                OSTaskSwHookEn
                0x008124a4                OSTCBPrioTblMax
                0x008124a6                OSTCBSize
                0x008124a8                OSTicksPerSec
                0x008124aa                OSTimeTickHookEn
                0x008124ac                OSVersionNbr
                0x008124ae                OSTmrEn
                0x008124b0                OSTmrCfgMax
                0x008124b2                OSTmrCfgNameSize
                0x008124b4                OSTmrCfgWheelSize
                0x008124b6                OSTmrCfgTicksPerSec
                0x008124b8                OSTmrSize
                0x008124ba                OSTmrTblSize
                0x008124bc                OSTmrWheelSize
                0x008124be                OSTmrWheelTblSize
                0x008124c0                OSDataSize
 .sdata         0x008124c4        0x4 ../hello_bsp/\libucosii_bsp.a(altera_avalon_lcd_16207.o)
 .sdata         0x008124c8        0x4 ../hello_bsp/\libucosii_bsp.a(alt_irq_vars.o)
                0x008124c8                alt_priority_mask
 .sdata         0x008124cc        0x8 ../hello_bsp/\libucosii_bsp.a(alt_tick.o)
                0x008124cc                alt_alarm_list
 .sdata         0x008124d4        0x4 c:/altera/11.0/nios2eds/bin/gnu/h-i686-mingw32/bin/../lib/gcc/nios2-elf/4.1.2/../../../../nios2-elf/lib\libc.a(lib_a-ctype_.o)
                0x008124d4                __ctype_ptr
 *(.sdata2 .sdata2.* .gnu.linkonce.s2.*)
                0x008124d8                . = ALIGN (0x4)
                0x008124d8                _edata = ABSOLUTE (.)
                0x008124d8                PROVIDE (edata, ABSOLUTE (.))
                0x008124d8                PROVIDE (__ram_rwdata_end, ABSOLUTE (.))
                0x008124d8                PROVIDE (__flash_rwdata_start, LOADADDR (.rwdata))

.bss            0x008141a4     0x7568
                0x008141a4                __bss_start = ABSOLUTE (.)
                0x008141a4                PROVIDE (__sbss_start, ABSOLUTE (.))
                0x008141a4                PROVIDE (___sbss_start, ABSOLUTE (.))
 *(.dynsbss)
 *(.sbss .sbss.* .gnu.linkonce.sb.*)
 .sbss          0x008141a4        0xc c:/altera/11.0/nios2eds/bin/gnu/h-i686-mingw32/bin/../lib/gcc/nios2-elf/4.1.2/../../../../nios2-elf/lib\libc.a(lib_a-mallocr.o)
                0x008141a4                __malloc_top_pad
                0x008141a8                __malloc_max_sbrked_mem
                0x008141ac                __malloc_max_total_mem
 .sbss          0x008141b0        0x4 c:/altera/11.0/nios2eds/bin/gnu/h-i686-mingw32/bin/../lib/gcc/nios2-elf/4.1.2/../../../../nios2-elf/lib\libc.a(lib_a-int_errno.o)
                0x008141b0                errno
 .sbss          0x008141b4        0x4 ../hello_bsp/\libucosii_bsp.a(alt_dev.o)
                0x008141b4                alt_fd_list_lock
 .sbss          0x008141b8        0xc ../hello_bsp/\libucosii_bsp.a(alt_main.o)
                0x008141b8                alt_argc
                0x008141bc                alt_argv
                0x008141c0                alt_envp
 .sbss          0x008141c4        0x8 ../hello_bsp/\libucosii_bsp.a(alt_env_lock.o)
                0x008141c8                alt_envsem
 .sbss          0x008141cc        0x8 ../hello_bsp/\libucosii_bsp.a(alt_malloc_lock.o)
                0x008141d0                alt_heapsem
 .sbss          0x008141d4       0x50 ../hello_bsp/\libucosii_bsp.a(os_core.o)
                0x008141d4                OSLockNesting
                0x008141d5                OSRunning
                0x008141d8                OSIdleCtr
                0x008141dc                OSPrioHighRdy
                0x008141dd                OSPrioCur
                0x008141e0                OSTCBList
                0x008141e4                OSTickStepState
                0x008141e8                OSCtxSwCtr
                0x008141ec                OSIdleCtrMax
                0x008141f0                OSTCBFreeList
                0x008141f4                OSCPUUsage
                0x008141f5                OSTaskCtr
                0x008141f8                OSMemFreeList
                0x008141fc                OSTCBHighRdy
                0x00814200                OSQFreeList
                0x00814204                OSRdyGrp
                0x00814205                OSRdyTbl
                0x00814208                OSEventFreeList
                0x0081420c                OSIntNesting
                0x00814210                OSTCBCur
                0x00814214                OSTime
                0x00814218                OSFlagFreeList
                0x0081421c                OSStatRdy
                0x00814220                OSIdleCtrRun
 .sbss          0x00814224        0x4 ../hello_bsp/\libucosii_bsp.a(alt_irq_vars.o)
                0x00814224                alt_irq_active
 .sbss          0x00814228        0x8 ../hello_bsp/\libucosii_bsp.a(alt_tick.o)
                0x00814228                _alt_tick_rate
                0x0081422c                _alt_nticks
 *(.sbss2 .sbss2.* .gnu.linkonce.sb2.*)
 *(.scommon)
                0x00814230                PROVIDE (__sbss_end, ABSOLUTE (.))
                0x00814230                PROVIDE (___sbss_end, ABSOLUTE (.))
 *(.dynbss)
 *(.bss .bss.* .gnu.linkonce.b.*)
 .bss           0x00814230        0x0 ../hello_bsp//obj/HAL/src/crt0.o
 .bss           0x00814230        0x0 obj/hello_ucosii.o
 .bss           0x00814230        0x0 c:/altera/11.0/nios2eds/bin/gnu/h-i686-mingw32/bin/../lib/gcc/nios2-elf/4.1.2/../../../../nios2-elf/lib\libc.a(lib_a-puts.o)
 .bss           0x00814230        0x0 c:/altera/11.0/nios2eds/bin/gnu/h-i686-mingw32/bin/../lib/gcc/nios2-elf/4.1.2/../../../../nios2-elf/lib\libc.a(lib_a-strlen.o)
 .bss           0x00814230        0x0 c:/altera/11.0/nios2eds/bin/gnu/h-i686-mingw32/bin/../lib/gcc/nios2-elf/4.1.2/../../../../nios2-elf/lib\libc.a(lib_a-fvwrite.o)
 .bss           0x00814230        0x0 c:/altera/11.0/nios2eds/bin/gnu/h-i686-mingw32/bin/../lib/gcc/nios2-elf/4.1.2/../../../../nios2-elf/lib\libc.a(lib_a-impure.o)
 .bss           0x00814230       0x28 c:/altera/11.0/nios2eds/bin/gnu/h-i686-mingw32/bin/../lib/gcc/nios2-elf/4.1.2/../../../../nios2-elf/lib\libc.a(lib_a-mallocr.o)
                0x00814230                __malloc_current_mallinfo
 .bss           0x00814258        0x0 c:/altera/11.0/nios2eds/bin/gnu/h-i686-mingw32/bin/../lib/gcc/nios2-elf/4.1.2/../../../../nios2-elf/lib\libc.a(lib_a-memchr.o)
 .bss           0x00814258        0x0 c:/altera/11.0/nios2eds/bin/gnu/h-i686-mingw32/bin/../lib/gcc/nios2-elf/4.1.2/../../../../nios2-elf/lib\libc.a(lib_a-memcpy.o)
 .bss           0x00814258        0x0 c:/altera/11.0/nios2eds/bin/gnu/h-i686-mingw32/bin/../lib/gcc/nios2-elf/4.1.2/../../../../nios2-elf/lib\libc.a(lib_a-memmove.o)
 .bss           0x00814258        0x0 c:/altera/11.0/nios2eds/bin/gnu/h-i686-mingw32/bin/../lib/gcc/nios2-elf/4.1.2/../../../../nios2-elf/lib\libc.a(lib_a-reallocr.o)
 .bss           0x00814258        0x0 c:/altera/11.0/nios2eds/bin/gnu/h-i686-mingw32/bin/../lib/gcc/nios2-elf/4.1.2/../../../../nios2-elf/lib\libc.a(lib_a-sbrkr.o)
 .bss           0x00814258        0x0 c:/altera/11.0/nios2eds/bin/gnu/h-i686-mingw32/bin/../lib/gcc/nios2-elf/4.1.2/../../../../nios2-elf/lib\libc.a(lib_a-wsetup.o)
 .bss           0x00814258        0x0 c:/altera/11.0/nios2eds/bin/gnu/h-i686-mingw32/bin/../lib/gcc/nios2-elf/4.1.2/../../../../nios2-elf/lib\libc.a(lib_a-fflush.o)
 .bss           0x00814258        0x0 c:/altera/11.0/nios2eds/bin/gnu/h-i686-mingw32/bin/../lib/gcc/nios2-elf/4.1.2/../../../../nios2-elf/lib\libc.a(lib_a-findfp.o)
 .bss           0x00814258        0x0 c:/altera/11.0/nios2eds/bin/gnu/h-i686-mingw32/bin/../lib/gcc/nios2-elf/4.1.2/../../../../nios2-elf/lib\libc.a(lib_a-freer.o)
 .bss           0x00814258        0x0 c:/altera/11.0/nios2eds/bin/gnu/h-i686-mingw32/bin/../lib/gcc/nios2-elf/4.1.2/../../../../nios2-elf/lib\libc.a(lib_a-fwalk.o)
 .bss           0x00814258        0x0 c:/altera/11.0/nios2eds/bin/gnu/h-i686-mingw32/bin/../lib/gcc/nios2-elf/4.1.2/../../../../nios2-elf/lib\libc.a(lib_a-int_errno.o)
 .bss           0x00814258        0x0 c:/altera/11.0/nios2eds/bin/gnu/h-i686-mingw32/bin/../lib/gcc/nios2-elf/4.1.2/../../../../nios2-elf/lib\libc.a(lib_a-makebuf.o)
 .bss           0x00814258        0x0 c:/altera/11.0/nios2eds/bin/gnu/h-i686-mingw32/bin/../lib/gcc/nios2-elf/4.1.2/../../../../nios2-elf/lib\libc.a(lib_a-memset.o)
 .bss           0x00814258        0x0 c:/altera/11.0/nios2eds/bin/gnu/h-i686-mingw32/bin/../lib/gcc/nios2-elf/4.1.2/../../../../nios2-elf/lib\libc.a(lib_a-stdio.o)
 .bss           0x00814258        0x0 c:/altera/11.0/nios2eds/bin/gnu/h-i686-mingw32/bin/../lib/gcc/nios2-elf/4.1.2/../../../../nios2-elf/lib\libc.a(lib_a-writer.o)
 .bss           0x00814258        0x0 c:/altera/11.0/nios2eds/bin/gnu/h-i686-mingw32/bin/../lib/gcc/nios2-elf/4.1.2/../../../../nios2-elf/lib\libc.a(lib_a-closer.o)
 .bss           0x00814258        0x0 c:/altera/11.0/nios2eds/bin/gnu/h-i686-mingw32/bin/../lib/gcc/nios2-elf/4.1.2/../../../../nios2-elf/lib\libc.a(lib_a-fclose.o)
 .bss           0x00814258        0x0 c:/altera/11.0/nios2eds/bin/gnu/h-i686-mingw32/bin/../lib/gcc/nios2-elf/4.1.2/../../../../nios2-elf/lib\libc.a(lib_a-fstatr.o)
 .bss           0x00814258        0x0 c:/altera/11.0/nios2eds/bin/gnu/h-i686-mingw32/bin/../lib/gcc/nios2-elf/4.1.2/../../../../nios2-elf/lib\libc.a(lib_a-isattyr.o)
 .bss           0x00814258        0x0 c:/altera/11.0/nios2eds/bin/gnu/h-i686-mingw32/bin/../lib/gcc/nios2-elf/4.1.2/../../../../nios2-elf/lib\libc.a(lib_a-lseekr.o)
 .bss           0x00814258        0x0 c:/altera/11.0/nios2eds/bin/gnu/h-i686-mingw32/bin/../lib/gcc/nios2-elf/4.1.2/../../../../nios2-elf/lib\libc.a(lib_a-readr.o)
 .bss           0x00814258        0x0 ../hello_bsp/\libucosii_bsp.a(alt_close.o)
 .bss           0x00814258        0x0 ../hello_bsp/\libucosii_bsp.a(alt_dev.o)
 .bss           0x00814258        0x0 ../hello_bsp/\libucosii_bsp.a(alt_errno.o)
 .bss           0x00814258        0x0 ../hello_bsp/\libucosii_bsp.a(alt_fstat.o)
 .bss           0x00814258        0x0 ../hello_bsp/\libucosii_bsp.a(alt_isatty.o)
 .bss           0x00814258        0x0 ../hello_bsp/\libucosii_bsp.a(alt_load.o)
 .bss           0x00814258        0x0 ../hello_bsp/\libucosii_bsp.a(alt_lseek.o)
 .bss           0x00814258        0x0 ../hello_bsp/\libucosii_bsp.a(alt_main.o)
 .bss           0x00814258        0x0 ../hello_bsp/\libucosii_bsp.a(alt_read.o)
 .bss           0x00814258        0x0 ../hello_bsp/\libucosii_bsp.a(alt_release_fd.o)
 .bss           0x00814258        0x0 ../hello_bsp/\libucosii_bsp.a(alt_sbrk.o)
 .bss           0x00814258        0x0 ../hello_bsp/\libucosii_bsp.a(alt_write.o)
 .bss           0x00814258        0x0 ../hello_bsp/\libucosii_bsp.a(alt_env_lock.o)
 .bss           0x00814258        0x0 ../hello_bsp/\libucosii_bsp.a(alt_malloc_lock.o)
 .bss           0x00814258        0x0 ../hello_bsp/\libucosii_bsp.a(os_core.o)
 .bss           0x00814258        0x0 ../hello_bsp/\libucosii_bsp.a(os_dbg.o)
 .bss           0x00814258        0x0 ../hello_bsp/\libucosii_bsp.a(os_flag.o)
 .bss           0x00814258        0x0 ../hello_bsp/\libucosii_bsp.a(os_mem.o)
 .bss           0x00814258        0x0 ../hello_bsp/\libucosii_bsp.a(os_q.o)
 .bss           0x00814258        0x0 ../hello_bsp/\libucosii_bsp.a(os_sem.o)
 .bss           0x00814258        0x0 ../hello_bsp/\libucosii_bsp.a(os_task.o)
 .bss           0x00814258        0x0 ../hello_bsp/\libucosii_bsp.a(os_time.o)
 .bss           0x00814258        0x0 ../hello_bsp/\libucosii_bsp.a(alt_sys_init.o)
 .bss           0x00814258        0x0 ../hello_bsp/\libucosii_bsp.a(altera_avalon_jtag_uart_fd.o)
 .bss           0x00814258        0x0 ../hello_bsp/\libucosii_bsp.a(altera_avalon_jtag_uart_init.o)
 .bss           0x00814258        0x0 ../hello_bsp/\libucosii_bsp.a(altera_avalon_jtag_uart_ioctl.o)
 .bss           0x00814258        0x0 ../hello_bsp/\libucosii_bsp.a(altera_avalon_jtag_uart_read.o)
 .bss           0x00814258        0x0 ../hello_bsp/\libucosii_bsp.a(altera_avalon_jtag_uart_write.o)
 .bss           0x00814258        0x0 ../hello_bsp/\libucosii_bsp.a(altera_avalon_lcd_16207.o)
 .bss           0x00814258        0x0 ../hello_bsp/\libucosii_bsp.a(altera_avalon_lcd_16207_fd.o)
 .bss           0x00814258        0x0 ../hello_bsp/\libucosii_bsp.a(altera_avalon_timer_sc.o)
 .bss           0x00814258        0x0 ../hello_bsp/\libucosii_bsp.a(altera_avalon_uart_fd.o)
 .bss           0x00814258        0x0 ../hello_bsp/\libucosii_bsp.a(altera_avalon_uart_init.o)
 .bss           0x00814258        0x0 ../hello_bsp/\libucosii_bsp.a(altera_avalon_uart_read.o)
 .bss           0x00814258        0x0 ../hello_bsp/\libucosii_bsp.a(altera_avalon_uart_write.o)
 .bss           0x00814258        0x0 ../hello_bsp/\libucosii_bsp.a(alt_alarm_start.o)
 .bss           0x00814258        0x0 ../hello_bsp/\libucosii_bsp.a(alt_dcache_flush_all.o)
 .bss           0x00814258        0x0 ../hello_bsp/\libucosii_bsp.a(alt_dev_llist_insert.o)
 .bss           0x00814258        0x0 ../hello_bsp/\libucosii_bsp.a(alt_do_ctors.o)
 .bss           0x00814258        0x0 ../hello_bsp/\libucosii_bsp.a(alt_do_dtors.o)
 .bss           0x00814258        0x0 ../hello_bsp/\libucosii_bsp.a(alt_icache_flush_all.o)
 .bss           0x00814258        0x0 ../hello_bsp/\libucosii_bsp.a(alt_iic.o)
 .bss           0x00814258        0x0 ../hello_bsp/\libucosii_bsp.a(alt_iic_isr_register.o)
 .bss           0x00814258        0x0 ../hello_bsp/\libucosii_bsp.a(alt_io_redirect.o)
 .bss           0x00814258        0x0 ../hello_bsp/\libucosii_bsp.a(alt_irq_entry.o)
 .bss           0x00814258        0x0 ../hello_bsp/\libucosii_bsp.a(alt_irq_handler.o)
 .bss           0x00814258        0x0 ../hello_bsp/\libucosii_bsp.a(alt_irq_vars.o)
 .bss           0x00814258        0x0 ../hello_bsp/\libucosii_bsp.a(alt_open.o)
 .bss           0x00814258        0x0 ../hello_bsp/\libucosii_bsp.a(alt_tick.o)
 .bss           0x00814258        0x0 ../hello_bsp/\libucosii_bsp.a(alt_usleep.o)
 .bss           0x00814258        0x0 ../hello_bsp/\libucosii_bsp.a(altera_nios2_qsys_irq.o)
 .bss           0x00814258        0x0 ../hello_bsp/\libucosii_bsp.a(os_cpu_a.o)
 .bss           0x00814258        0x0 ../hello_bsp/\libucosii_bsp.a(os_cpu_c.o)
 .bss           0x00814258        0x0 ../hello_bsp/\libucosii_bsp.a(alt_busy_sleep.o)
 .bss           0x00814258        0x0 ../hello_bsp/\libucosii_bsp.a(alt_exception_entry.o)
 .bss           0x00814258        0x0 ../hello_bsp/\libucosii_bsp.a(alt_find_dev.o)
 .bss           0x00814258        0x0 ../hello_bsp/\libucosii_bsp.a(alt_find_file.o)
 .bss           0x00814258        0x0 ../hello_bsp/\libucosii_bsp.a(alt_get_fd.o)
 .bss           0x00814258        0x0 ../hello_bsp/\libucosii_bsp.a(alt_icache_flush.o)
 .bss           0x00814258        0x0 c:/altera/11.0/nios2eds/bin/gnu/h-i686-mingw32/bin/../lib/gcc/nios2-elf/4.1.2/../../../../nios2-elf/lib\libc.a(lib_a-atexit.o)
 .bss           0x00814258        0x0 c:/altera/11.0/nios2eds/bin/gnu/h-i686-mingw32/bin/../lib/gcc/nios2-elf/4.1.2/../../../../nios2-elf/lib\libc.a(lib_a-ctype_.o)
 .bss           0x00814258        0x0 c:/altera/11.0/nios2eds/bin/gnu/h-i686-mingw32/bin/../lib/gcc/nios2-elf/4.1.2/../../../../nios2-elf/lib\libc.a(lib_a-exit.o)
 .bss           0x00814258        0x0 c:/altera/11.0/nios2eds/bin/gnu/h-i686-mingw32/bin/../lib/gcc/nios2-elf/4.1.2/../../../../nios2-elf/lib\libc.a(lib_a-memcmp.o)
 .bss           0x00814258        0x0 c:/altera/11.0/nios2eds/bin/gnu/h-i686-mingw32/bin/../lib/gcc/nios2-elf/4.1.2/../../../../nios2-elf/lib\libc.a(lib_a-__atexit.o)
 .bss           0x00814258        0x0 c:/altera/11.0/nios2eds/bin/gnu/h-i686-mingw32/bin/../lib/gcc/nios2-elf/4.1.2/../../../../nios2-elf/lib\libc.a(lib_a-__call_atexit.o)
 .bss           0x00814258        0x0 c:/altera/11.0/nios2eds/bin/gnu/h-i686-mingw32/bin/../lib/gcc/nios2-elf/4.1.2\libgcc.a(lib2-divmod.o)
 .bss           0x00814258        0x0 ../hello_bsp/\libucosii_bsp.a(alt_exit.o)
 *(COMMON)
 COMMON         0x00814258     0x4000 obj/hello_ucosii.o
                0x00814258                task1_stk
                0x00816258                task2_stk
 COMMON         0x00818258     0x3224 ../hello_bsp/\libucosii_bsp.a(os_core.o)
                0x00818258                OSFlagTbl
                0x008185c8                OSMemTbl
                0x008191f8                OSTaskStatStk
                0x008199f8                OSQTbl
                0x00819bd8                OSTaskIdleStk
                0x0081a3d8                OSEventTbl
                0x0081af18                OSTCBTbl
                0x0081b428                OSTCBPrioTbl
 COMMON         0x0081b47c      0x100 ../hello_bsp/\libucosii_bsp.a(alt_irq_handler.o)
                0x0081b47c                alt_irq
 COMMON         0x0081b57c      0x190 c:/altera/11.0/nios2eds/bin/gnu/h-i686-mingw32/bin/../lib/gcc/nios2-elf/4.1.2/../../../../nios2-elf/lib\libc.a(lib_a-atexit.o)
                0x0081b57c                _atexit0
                0x0081b70c                . = ALIGN (0x4)
                0x0081b70c                __bss_end = ABSOLUTE (.)

.sdram_controller
                0x0081b70c        0x0
                0x0081b70c                PROVIDE (_alt_partition_sdram_controller_start, ABSOLUTE (.))
 *(.sdram_controller. sdram_controller.*)
                0x0081b70c                . = ALIGN (0x4)
                0x0081b70c                PROVIDE (_alt_partition_sdram_controller_end, ABSOLUTE (.))
                0x0081b70c                _end = ABSOLUTE (.)
                0x0081b70c                end = ABSOLUTE (.)
                0x0081b70c                __alt_stack_base = ABSOLUTE (.)
                0x0081b70c                PROVIDE (_alt_partition_sdram_controller_load_addr, LOADADDR (.sdram_controller))

.stab
 *(.stab)

.stabstr
 *(.stabstr)

.stab.excl
 *(.stab.excl)

.stab.exclstr
 *(.stab.exclstr)

.stab.index
 *(.stab.index)

.stab.indexstr
 *(.stab.indexstr)

.comment        0x00000000       0x23
 *(.comment)
 .comment       0x00000000       0x23 obj/hello_ucosii.o
                                 0x24 (size before relaxing)
 .comment       0x00000000       0x24 c:/altera/11.0/nios2eds/bin/gnu/h-i686-mingw32/bin/../lib/gcc/nios2-elf/4.1.2/../../../../nios2-elf/lib\libc.a(lib_a-puts.o)
 .comment       0x00000000       0x24 c:/altera/11.0/nios2eds/bin/gnu/h-i686-mingw32/bin/../lib/gcc/nios2-elf/4.1.2/../../../../nios2-elf/lib\libc.a(lib_a-strlen.o)
 .comment       0x00000000       0x24 c:/altera/11.0/nios2eds/bin/gnu/h-i686-mingw32/bin/../lib/gcc/nios2-elf/4.1.2/../../../../nios2-elf/lib\libc.a(lib_a-fvwrite.o)
 .comment       0x00000000       0x24 c:/altera/11.0/nios2eds/bin/gnu/h-i686-mingw32/bin/../lib/gcc/nios2-elf/4.1.2/../../../../nios2-elf/lib\libc.a(lib_a-impure.o)
 .comment       0x00000000       0x24 c:/altera/11.0/nios2eds/bin/gnu/h-i686-mingw32/bin/../lib/gcc/nios2-elf/4.1.2/../../../../nios2-elf/lib\libc.a(lib_a-mallocr.o)
 .comment       0x00000000       0x24 c:/altera/11.0/nios2eds/bin/gnu/h-i686-mingw32/bin/../lib/gcc/nios2-elf/4.1.2/../../../../nios2-elf/lib\libc.a(lib_a-memchr.o)
 .comment       0x00000000       0x24 c:/altera/11.0/nios2eds/bin/gnu/h-i686-mingw32/bin/../lib/gcc/nios2-elf/4.1.2/../../../../nios2-elf/lib\libc.a(lib_a-memcpy.o)
 .comment       0x00000000       0x24 c:/altera/11.0/nios2eds/bin/gnu/h-i686-mingw32/bin/../lib/gcc/nios2-elf/4.1.2/../../../../nios2-elf/lib\libc.a(lib_a-memmove.o)
 .comment       0x00000000       0x24 c:/altera/11.0/nios2eds/bin/gnu/h-i686-mingw32/bin/../lib/gcc/nios2-elf/4.1.2/../../../../nios2-elf/lib\libc.a(lib_a-reallocr.o)
 .comment       0x00000000       0x24 c:/altera/11.0/nios2eds/bin/gnu/h-i686-mingw32/bin/../lib/gcc/nios2-elf/4.1.2/../../../../nios2-elf/lib\libc.a(lib_a-sbrkr.o)
 .comment       0x00000000       0x24 c:/altera/11.0/nios2eds/bin/gnu/h-i686-mingw32/bin/../lib/gcc/nios2-elf/4.1.2/../../../../nios2-elf/lib\libc.a(lib_a-wsetup.o)
 .comment       0x00000000       0x24 c:/altera/11.0/nios2eds/bin/gnu/h-i686-mingw32/bin/../lib/gcc/nios2-elf/4.1.2/../../../../nios2-elf/lib\libc.a(lib_a-fflush.o)
 .comment       0x00000000       0x24 c:/altera/11.0/nios2eds/bin/gnu/h-i686-mingw32/bin/../lib/gcc/nios2-elf/4.1.2/../../../../nios2-elf/lib\libc.a(lib_a-findfp.o)
 .comment       0x00000000       0x24 c:/altera/11.0/nios2eds/bin/gnu/h-i686-mingw32/bin/../lib/gcc/nios2-elf/4.1.2/../../../../nios2-elf/lib\libc.a(lib_a-freer.o)
 .comment       0x00000000       0x24 c:/altera/11.0/nios2eds/bin/gnu/h-i686-mingw32/bin/../lib/gcc/nios2-elf/4.1.2/../../../../nios2-elf/lib\libc.a(lib_a-fwalk.o)
 .comment       0x00000000       0x24 c:/altera/11.0/nios2eds/bin/gnu/h-i686-mingw32/bin/../lib/gcc/nios2-elf/4.1.2/../../../../nios2-elf/lib\libc.a(lib_a-int_errno.o)
 .comment       0x00000000       0x24 c:/altera/11.0/nios2eds/bin/gnu/h-i686-mingw32/bin/../lib/gcc/nios2-elf/4.1.2/../../../../nios2-elf/lib\libc.a(lib_a-makebuf.o)
 .comment       0x00000000       0x24 c:/altera/11.0/nios2eds/bin/gnu/h-i686-mingw32/bin/../lib/gcc/nios2-elf/4.1.2/../../../../nios2-elf/lib\libc.a(lib_a-memset.o)
 .comment       0x00000000       0x24 c:/altera/11.0/nios2eds/bin/gnu/h-i686-mingw32/bin/../lib/gcc/nios2-elf/4.1.2/../../../../nios2-elf/lib\libc.a(lib_a-stdio.o)
 .comment       0x00000000       0x24 c:/altera/11.0/nios2eds/bin/gnu/h-i686-mingw32/bin/../lib/gcc/nios2-elf/4.1.2/../../../../nios2-elf/lib\libc.a(lib_a-writer.o)
 .comment       0x00000000       0x24 c:/altera/11.0/nios2eds/bin/gnu/h-i686-mingw32/bin/../lib/gcc/nios2-elf/4.1.2/../../../../nios2-elf/lib\libc.a(lib_a-closer.o)
 .comment       0x00000000       0x24 c:/altera/11.0/nios2eds/bin/gnu/h-i686-mingw32/bin/../lib/gcc/nios2-elf/4.1.2/../../../../nios2-elf/lib\libc.a(lib_a-fclose.o)
 .comment       0x00000000       0x24 c:/altera/11.0/nios2eds/bin/gnu/h-i686-mingw32/bin/../lib/gcc/nios2-elf/4.1.2/../../../../nios2-elf/lib\libc.a(lib_a-fstatr.o)
 .comment       0x00000000       0x24 c:/altera/11.0/nios2eds/bin/gnu/h-i686-mingw32/bin/../lib/gcc/nios2-elf/4.1.2/../../../../nios2-elf/lib\libc.a(lib_a-isattyr.o)
 .comment       0x00000000       0x24 c:/altera/11.0/nios2eds/bin/gnu/h-i686-mingw32/bin/../lib/gcc/nios2-elf/4.1.2/../../../../nios2-elf/lib\libc.a(lib_a-lseekr.o)
 .comment       0x00000000       0x24 c:/altera/11.0/nios2eds/bin/gnu/h-i686-mingw32/bin/../lib/gcc/nios2-elf/4.1.2/../../../../nios2-elf/lib\libc.a(lib_a-readr.o)
 .comment       0x00000000       0x24 ../hello_bsp/\libucosii_bsp.a(alt_close.o)
 .comment       0x00000000       0x24 ../hello_bsp/\libucosii_bsp.a(alt_dev.o)
 .comment       0x00000000       0x24 ../hello_bsp/\libucosii_bsp.a(alt_errno.o)
 .comment       0x00000000       0x24 ../hello_bsp/\libucosii_bsp.a(alt_fstat.o)
 .comment       0x00000000       0x24 ../hello_bsp/\libucosii_bsp.a(alt_isatty.o)
 .comment       0x00000000       0x24 ../hello_bsp/\libucosii_bsp.a(alt_load.o)
 .comment       0x00000000       0x24 ../hello_bsp/\libucosii_bsp.a(alt_lseek.o)
 .comment       0x00000000       0x24 ../hello_bsp/\libucosii_bsp.a(alt_main.o)
 .comment       0x00000000       0x24 ../hello_bsp/\libucosii_bsp.a(alt_read.o)
 .comment       0x00000000       0x24 ../hello_bsp/\libucosii_bsp.a(alt_release_fd.o)
 .comment       0x00000000       0x24 ../hello_bsp/\libucosii_bsp.a(alt_sbrk.o)
 .comment       0x00000000       0x24 ../hello_bsp/\libucosii_bsp.a(alt_write.o)
 .comment       0x00000000       0x24 ../hello_bsp/\libucosii_bsp.a(alt_env_lock.o)
 .comment       0x00000000       0x24 ../hello_bsp/\libucosii_bsp.a(alt_malloc_lock.o)
 .comment       0x00000000       0x24 ../hello_bsp/\libucosii_bsp.a(os_core.o)
 .comment       0x00000000       0x24 ../hello_bsp/\libucosii_bsp.a(os_dbg.o)
 .comment       0x00000000       0x24 ../hello_bsp/\libucosii_bsp.a(os_flag.o)
 .comment       0x00000000       0x24 ../hello_bsp/\libucosii_bsp.a(os_mem.o)
 .comment       0x00000000       0x24 ../hello_bsp/\libucosii_bsp.a(os_q.o)
 .comment       0x00000000       0x24 ../hello_bsp/\libucosii_bsp.a(os_sem.o)
 .comment       0x00000000       0x24 ../hello_bsp/\libucosii_bsp.a(os_task.o)
 .comment       0x00000000       0x24 ../hello_bsp/\libucosii_bsp.a(os_time.o)
 .comment       0x00000000       0x24 ../hello_bsp/\libucosii_bsp.a(alt_sys_init.o)
 .comment       0x00000000       0x24 ../hello_bsp/\libucosii_bsp.a(altera_avalon_jtag_uart_fd.o)
 .comment       0x00000000       0x24 ../hello_bsp/\libucosii_bsp.a(altera_avalon_jtag_uart_init.o)
 .comment       0x00000000       0x24 ../hello_bsp/\libucosii_bsp.a(altera_avalon_jtag_uart_ioctl.o)
 .comment       0x00000000       0x24 ../hello_bsp/\libucosii_bsp.a(altera_avalon_jtag_uart_read.o)
 .comment       0x00000000       0x24 ../hello_bsp/\libucosii_bsp.a(altera_avalon_jtag_uart_write.o)
 .comment       0x00000000       0x24 ../hello_bsp/\libucosii_bsp.a(altera_avalon_lcd_16207.o)
 .comment       0x00000000       0x24 ../hello_bsp/\libucosii_bsp.a(altera_avalon_lcd_16207_fd.o)
 .comment       0x00000000       0x24 ../hello_bsp/\libucosii_bsp.a(altera_avalon_timer_sc.o)
 .comment       0x00000000       0x24 ../hello_bsp/\libucosii_bsp.a(altera_avalon_uart_fd.o)
 .comment       0x00000000       0x24 ../hello_bsp/\libucosii_bsp.a(altera_avalon_uart_init.o)
 .comment       0x00000000       0x24 ../hello_bsp/\libucosii_bsp.a(altera_avalon_uart_read.o)
 .comment       0x00000000       0x24 ../hello_bsp/\libucosii_bsp.a(altera_avalon_uart_write.o)
 .comment       0x00000000       0x24 ../hello_bsp/\libucosii_bsp.a(alt_alarm_start.o)
 .comment       0x00000000       0x24 ../hello_bsp/\libucosii_bsp.a(alt_dcache_flush_all.o)
 .comment       0x00000000       0x24 ../hello_bsp/\libucosii_bsp.a(alt_dev_llist_insert.o)
 .comment       0x00000000       0x24 ../hello_bsp/\libucosii_bsp.a(alt_do_ctors.o)
 .comment       0x00000000       0x24 ../hello_bsp/\libucosii_bsp.a(alt_do_dtors.o)
 .comment       0x00000000       0x24 ../hello_bsp/\libucosii_bsp.a(alt_icache_flush_all.o)
 .comment       0x00000000       0x24 ../hello_bsp/\libucosii_bsp.a(alt_iic.o)
 .comment       0x00000000       0x24 ../hello_bsp/\libucosii_bsp.a(alt_iic_isr_register.o)
 .comment       0x00000000       0x24 ../hello_bsp/\libucosii_bsp.a(alt_io_redirect.o)
 .comment       0x00000000       0x24 ../hello_bsp/\libucosii_bsp.a(alt_irq_handler.o)
 .comment       0x00000000       0x24 ../hello_bsp/\libucosii_bsp.a(alt_irq_vars.o)
 .comment       0x00000000       0x24 ../hello_bsp/\libucosii_bsp.a(alt_open.o)
 .comment       0x00000000       0x24 ../hello_bsp/\libucosii_bsp.a(alt_tick.o)
 .comment       0x00000000       0x24 ../hello_bsp/\libucosii_bsp.a(alt_usleep.o)
 .comment       0x00000000       0x24 ../hello_bsp/\libucosii_bsp.a(altera_nios2_qsys_irq.o)
 .comment       0x00000000       0x24 ../hello_bsp/\libucosii_bsp.a(os_cpu_c.o)
 .comment       0x00000000       0x24 ../hello_bsp/\libucosii_bsp.a(alt_busy_sleep.o)
 .comment       0x00000000       0x24 ../hello_bsp/\libucosii_bsp.a(alt_find_dev.o)
 .comment       0x00000000       0x24 ../hello_bsp/\libucosii_bsp.a(alt_find_file.o)
 .comment       0x00000000       0x24 ../hello_bsp/\libucosii_bsp.a(alt_get_fd.o)
 .comment       0x00000000       0x24 ../hello_bsp/\libucosii_bsp.a(alt_icache_flush.o)
 .comment       0x00000000       0x24 c:/altera/11.0/nios2eds/bin/gnu/h-i686-mingw32/bin/../lib/gcc/nios2-elf/4.1.2/../../../../nios2-elf/lib\libc.a(lib_a-atexit.o)
 .comment       0x00000000       0x24 c:/altera/11.0/nios2eds/bin/gnu/h-i686-mingw32/bin/../lib/gcc/nios2-elf/4.1.2/../../../../nios2-elf/lib\libc.a(lib_a-ctype_.o)
 .comment       0x00000000       0x24 c:/altera/11.0/nios2eds/bin/gnu/h-i686-mingw32/bin/../lib/gcc/nios2-elf/4.1.2/../../../../nios2-elf/lib\libc.a(lib_a-exit.o)
 .comment       0x00000000       0x24 c:/altera/11.0/nios2eds/bin/gnu/h-i686-mingw32/bin/../lib/gcc/nios2-elf/4.1.2/../../../../nios2-elf/lib\libc.a(lib_a-memcmp.o)
 .comment       0x00000000       0x24 c:/altera/11.0/nios2eds/bin/gnu/h-i686-mingw32/bin/../lib/gcc/nios2-elf/4.1.2/../../../../nios2-elf/lib\libc.a(lib_a-__atexit.o)
 .comment       0x00000000       0x24 c:/altera/11.0/nios2eds/bin/gnu/h-i686-mingw32/bin/../lib/gcc/nios2-elf/4.1.2/../../../../nios2-elf/lib\libc.a(lib_a-__call_atexit.o)
 .comment       0x00000000       0x24 c:/altera/11.0/nios2eds/bin/gnu/h-i686-mingw32/bin/../lib/gcc/nios2-elf/4.1.2\libgcc.a(lib2-divmod.o)
 .comment       0x00000000       0x24 ../hello_bsp/\libucosii_bsp.a(alt_exit.o)

.debug
 *(.debug)

.line
 *(.line)

.debug_srcinfo
 *(.debug_srcinfo)

.debug_sfnames
 *(.debug_sfnames)

.debug_aranges  0x00000000      0xb78
 *(.debug_aranges)
 .debug_aranges
                0x00000000       0x28 ../hello_bsp//obj/HAL/src/crt0.o
 .debug_aranges
                0x00000028       0x20 obj/hello_ucosii.o
 .debug_aranges
                0x00000048       0x20 c:/altera/11.0/nios2eds/bin/gnu/h-i686-mingw32/bin/../lib/gcc/nios2-elf/4.1.2/../../../../nios2-elf/lib\libc.a(lib_a-puts.o)
 .debug_aranges
                0x00000068       0x20 c:/altera/11.0/nios2eds/bin/gnu/h-i686-mingw32/bin/../lib/gcc/nios2-elf/4.1.2/../../../../nios2-elf/lib\libc.a(lib_a-strlen.o)
 .debug_aranges
                0x00000088       0x20 c:/altera/11.0/nios2eds/bin/gnu/h-i686-mingw32/bin/../lib/gcc/nios2-elf/4.1.2/../../../../nios2-elf/lib\libc.a(lib_a-fvwrite.o)
 .debug_aranges
                0x000000a8       0x20 c:/altera/11.0/nios2eds/bin/gnu/h-i686-mingw32/bin/../lib/gcc/nios2-elf/4.1.2/../../../../nios2-elf/lib\libc.a(lib_a-mallocr.o)
 .debug_aranges
                0x000000c8       0x20 c:/altera/11.0/nios2eds/bin/gnu/h-i686-mingw32/bin/../lib/gcc/nios2-elf/4.1.2/../../../../nios2-elf/lib\libc.a(lib_a-memchr.o)
 .debug_aranges
                0x000000e8       0x20 c:/altera/11.0/nios2eds/bin/gnu/h-i686-mingw32/bin/../lib/gcc/nios2-elf/4.1.2/../../../../nios2-elf/lib\libc.a(lib_a-memcpy.o)
 .debug_aranges
                0x00000108       0x20 c:/altera/11.0/nios2eds/bin/gnu/h-i686-mingw32/bin/../lib/gcc/nios2-elf/4.1.2/../../../../nios2-elf/lib\libc.a(lib_a-memmove.o)
 .debug_aranges
                0x00000128       0x20 c:/altera/11.0/nios2eds/bin/gnu/h-i686-mingw32/bin/../lib/gcc/nios2-elf/4.1.2/../../../../nios2-elf/lib\libc.a(lib_a-reallocr.o)
 .debug_aranges
                0x00000148       0x20 c:/altera/11.0/nios2eds/bin/gnu/h-i686-mingw32/bin/../lib/gcc/nios2-elf/4.1.2/../../../../nios2-elf/lib\libc.a(lib_a-sbrkr.o)
 .debug_aranges
                0x00000168       0x20 c:/altera/11.0/nios2eds/bin/gnu/h-i686-mingw32/bin/../lib/gcc/nios2-elf/4.1.2/../../../../nios2-elf/lib\libc.a(lib_a-wsetup.o)
 .debug_aranges
                0x00000188       0x20 c:/altera/11.0/nios2eds/bin/gnu/h-i686-mingw32/bin/../lib/gcc/nios2-elf/4.1.2/../../../../nios2-elf/lib\libc.a(lib_a-fflush.o)
 .debug_aranges
                0x000001a8       0x20 c:/altera/11.0/nios2eds/bin/gnu/h-i686-mingw32/bin/../lib/gcc/nios2-elf/4.1.2/../../../../nios2-elf/lib\libc.a(lib_a-findfp.o)
 .debug_aranges
                0x000001c8       0x20 c:/altera/11.0/nios2eds/bin/gnu/h-i686-mingw32/bin/../lib/gcc/nios2-elf/4.1.2/../../../../nios2-elf/lib\libc.a(lib_a-freer.o)
 .debug_aranges
                0x000001e8       0x20 c:/altera/11.0/nios2eds/bin/gnu/h-i686-mingw32/bin/../lib/gcc/nios2-elf/4.1.2/../../../../nios2-elf/lib\libc.a(lib_a-fwalk.o)
 .debug_aranges
                0x00000208       0x20 c:/altera/11.0/nios2eds/bin/gnu/h-i686-mingw32/bin/../lib/gcc/nios2-elf/4.1.2/../../../../nios2-elf/lib\libc.a(lib_a-makebuf.o)
 .debug_aranges
                0x00000228       0x20 c:/altera/11.0/nios2eds/bin/gnu/h-i686-mingw32/bin/../lib/gcc/nios2-elf/4.1.2/../../../../nios2-elf/lib\libc.a(lib_a-memset.o)
 .debug_aranges
                0x00000248       0x20 c:/altera/11.0/nios2eds/bin/gnu/h-i686-mingw32/bin/../lib/gcc/nios2-elf/4.1.2/../../../../nios2-elf/lib\libc.a(lib_a-stdio.o)
 .debug_aranges
                0x00000268       0x20 c:/altera/11.0/nios2eds/bin/gnu/h-i686-mingw32/bin/../lib/gcc/nios2-elf/4.1.2/../../../../nios2-elf/lib\libc.a(lib_a-writer.o)
 .debug_aranges
                0x00000288       0x20 c:/altera/11.0/nios2eds/bin/gnu/h-i686-mingw32/bin/../lib/gcc/nios2-elf/4.1.2/../../../../nios2-elf/lib\libc.a(lib_a-closer.o)
 .debug_aranges
                0x000002a8       0x20 c:/altera/11.0/nios2eds/bin/gnu/h-i686-mingw32/bin/../lib/gcc/nios2-elf/4.1.2/../../../../nios2-elf/lib\libc.a(lib_a-fclose.o)
 .debug_aranges
                0x000002c8       0x20 c:/altera/11.0/nios2eds/bin/gnu/h-i686-mingw32/bin/../lib/gcc/nios2-elf/4.1.2/../../../../nios2-elf/lib\libc.a(lib_a-fstatr.o)
 .debug_aranges
                0x000002e8       0x20 c:/altera/11.0/nios2eds/bin/gnu/h-i686-mingw32/bin/../lib/gcc/nios2-elf/4.1.2/../../../../nios2-elf/lib\libc.a(lib_a-isattyr.o)
 .debug_aranges
                0x00000308       0x20 c:/altera/11.0/nios2eds/bin/gnu/h-i686-mingw32/bin/../lib/gcc/nios2-elf/4.1.2/../../../../nios2-elf/lib\libc.a(lib_a-lseekr.o)
 .debug_aranges
                0x00000328       0x20 c:/altera/11.0/nios2eds/bin/gnu/h-i686-mingw32/bin/../lib/gcc/nios2-elf/4.1.2/../../../../nios2-elf/lib\libc.a(lib_a-readr.o)
 .debug_aranges
                0x00000348       0x20 ../hello_bsp/\libucosii_bsp.a(alt_close.o)
 .debug_aranges
                0x00000368       0x20 ../hello_bsp/\libucosii_bsp.a(alt_dev.o)
 .debug_aranges
                0x00000388       0x20 ../hello_bsp/\libucosii_bsp.a(alt_fstat.o)
 .debug_aranges
                0x000003a8       0x20 ../hello_bsp/\libucosii_bsp.a(alt_isatty.o)
 .debug_aranges
                0x000003c8       0x20 ../hello_bsp/\libucosii_bsp.a(alt_load.o)
 .debug_aranges
                0x000003e8       0x20 ../hello_bsp/\libucosii_bsp.a(alt_lseek.o)
 .debug_aranges
                0x00000408       0x20 ../hello_bsp/\libucosii_bsp.a(alt_main.o)
 .debug_aranges
                0x00000428       0x20 ../hello_bsp/\libucosii_bsp.a(alt_read.o)
 .debug_aranges
                0x00000448       0x20 ../hello_bsp/\libucosii_bsp.a(alt_release_fd.o)
 .debug_aranges
                0x00000468       0x20 ../hello_bsp/\libucosii_bsp.a(alt_sbrk.o)
 .debug_aranges
                0x00000488       0x20 ../hello_bsp/\libucosii_bsp.a(alt_write.o)
 .debug_aranges
                0x000004a8       0x20 ../hello_bsp/\libucosii_bsp.a(alt_env_lock.o)
 .debug_aranges
                0x000004c8       0x20 ../hello_bsp/\libucosii_bsp.a(alt_malloc_lock.o)
 .debug_aranges
                0x000004e8       0x20 ../hello_bsp/\libucosii_bsp.a(os_core.o)
 .debug_aranges
                0x00000508       0x20 ../hello_bsp/\libucosii_bsp.a(os_dbg.o)
 .debug_aranges
                0x00000528       0x20 ../hello_bsp/\libucosii_bsp.a(os_flag.o)
 .debug_aranges
                0x00000548       0x20 ../hello_bsp/\libucosii_bsp.a(os_mem.o)
 .debug_aranges
                0x00000568       0x20 ../hello_bsp/\libucosii_bsp.a(os_q.o)
 .debug_aranges
                0x00000588       0x20 ../hello_bsp/\libucosii_bsp.a(os_sem.o)
 .debug_aranges
                0x000005a8       0x20 ../hello_bsp/\libucosii_bsp.a(os_task.o)
 .debug_aranges
                0x000005c8       0x20 ../hello_bsp/\libucosii_bsp.a(os_time.o)
 .debug_aranges
                0x000005e8       0x20 ../hello_bsp/\libucosii_bsp.a(alt_sys_init.o)
 .debug_aranges
                0x00000608       0x20 ../hello_bsp/\libucosii_bsp.a(altera_avalon_jtag_uart_fd.o)
 .debug_aranges
                0x00000628       0x20 ../hello_bsp/\libucosii_bsp.a(altera_avalon_jtag_uart_init.o)
 .debug_aranges
                0x00000648       0x20 ../hello_bsp/\libucosii_bsp.a(altera_avalon_jtag_uart_ioctl.o)
 .debug_aranges
                0x00000668       0x20 ../hello_bsp/\libucosii_bsp.a(altera_avalon_jtag_uart_read.o)
 .debug_aranges
                0x00000688       0x20 ../hello_bsp/\libucosii_bsp.a(altera_avalon_jtag_uart_write.o)
 .debug_aranges
                0x000006a8       0x20 ../hello_bsp/\libucosii_bsp.a(altera_avalon_lcd_16207.o)
 .debug_aranges
                0x000006c8       0x20 ../hello_bsp/\libucosii_bsp.a(altera_avalon_lcd_16207_fd.o)
 .debug_aranges
                0x000006e8       0x20 ../hello_bsp/\libucosii_bsp.a(altera_avalon_timer_sc.o)
 .debug_aranges
                0x00000708       0x20 ../hello_bsp/\libucosii_bsp.a(altera_avalon_uart_fd.o)
 .debug_aranges
                0x00000728       0x20 ../hello_bsp/\libucosii_bsp.a(altera_avalon_uart_init.o)
 .debug_aranges
                0x00000748       0x20 ../hello_bsp/\libucosii_bsp.a(altera_avalon_uart_read.o)
 .debug_aranges
                0x00000768       0x20 ../hello_bsp/\libucosii_bsp.a(altera_avalon_uart_write.o)
 .debug_aranges
                0x00000788       0x20 ../hello_bsp/\libucosii_bsp.a(alt_alarm_start.o)
 .debug_aranges
                0x000007a8       0x20 ../hello_bsp/\libucosii_bsp.a(alt_dcache_flush_all.o)
 .debug_aranges
                0x000007c8       0x20 ../hello_bsp/\libucosii_bsp.a(alt_dev_llist_insert.o)
 .debug_aranges
                0x000007e8       0x20 ../hello_bsp/\libucosii_bsp.a(alt_do_ctors.o)
 .debug_aranges
                0x00000808       0x20 ../hello_bsp/\libucosii_bsp.a(alt_do_dtors.o)
 .debug_aranges
                0x00000828       0x20 ../hello_bsp/\libucosii_bsp.a(alt_icache_flush_all.o)
 .debug_aranges
                0x00000848       0x20 ../hello_bsp/\libucosii_bsp.a(alt_iic.o)
 .debug_aranges
                0x00000868       0x20 ../hello_bsp/\libucosii_bsp.a(alt_iic_isr_register.o)
 .debug_aranges
                0x00000888       0x20 ../hello_bsp/\libucosii_bsp.a(alt_io_redirect.o)
 .debug_aranges
                0x000008a8       0x30 ../hello_bsp/\libucosii_bsp.a(alt_irq_entry.o)
 .debug_aranges
                0x000008d8       0x28 ../hello_bsp/\libucosii_bsp.a(alt_irq_handler.o)
 .debug_aranges
                0x00000900       0x20 ../hello_bsp/\libucosii_bsp.a(alt_open.o)
 .debug_aranges
                0x00000920       0x20 ../hello_bsp/\libucosii_bsp.a(alt_tick.o)
 .debug_aranges
                0x00000940       0x20 ../hello_bsp/\libucosii_bsp.a(alt_usleep.o)
 .debug_aranges
                0x00000960       0x20 ../hello_bsp/\libucosii_bsp.a(altera_nios2_qsys_irq.o)
 .debug_aranges
                0x00000980       0x20 ../hello_bsp/\libucosii_bsp.a(os_cpu_a.o)
 .debug_aranges
                0x000009a0       0x20 ../hello_bsp/\libucosii_bsp.a(os_cpu_c.o)
 .debug_aranges
                0x000009c0       0x20 ../hello_bsp/\libucosii_bsp.a(alt_busy_sleep.o)
 .debug_aranges
                0x000009e0       0x38 ../hello_bsp/\libucosii_bsp.a(alt_exception_entry.o)
 .debug_aranges
                0x00000a18       0x20 ../hello_bsp/\libucosii_bsp.a(alt_find_dev.o)
 .debug_aranges
                0x00000a38       0x20 ../hello_bsp/\libucosii_bsp.a(alt_find_file.o)
 .debug_aranges
                0x00000a58       0x20 ../hello_bsp/\libucosii_bsp.a(alt_get_fd.o)
 .debug_aranges
                0x00000a78       0x20 ../hello_bsp/\libucosii_bsp.a(alt_icache_flush.o)
 .debug_aranges
                0x00000a98       0x20 c:/altera/11.0/nios2eds/bin/gnu/h-i686-mingw32/bin/../lib/gcc/nios2-elf/4.1.2/../../../../nios2-elf/lib\libc.a(lib_a-atexit.o)
 .debug_aranges
                0x00000ab8       0x20 c:/altera/11.0/nios2eds/bin/gnu/h-i686-mingw32/bin/../lib/gcc/nios2-elf/4.1.2/../../../../nios2-elf/lib\libc.a(lib_a-exit.o)
 .debug_aranges
                0x00000ad8       0x20 c:/altera/11.0/nios2eds/bin/gnu/h-i686-mingw32/bin/../lib/gcc/nios2-elf/4.1.2/../../../../nios2-elf/lib\libc.a(lib_a-memcmp.o)
 .debug_aranges
                0x00000af8       0x20 c:/altera/11.0/nios2eds/bin/gnu/h-i686-mingw32/bin/../lib/gcc/nios2-elf/4.1.2/../../../../nios2-elf/lib\libc.a(lib_a-__atexit.o)
 .debug_aranges
                0x00000b18       0x20 c:/altera/11.0/nios2eds/bin/gnu/h-i686-mingw32/bin/../lib/gcc/nios2-elf/4.1.2/../../../../nios2-elf/lib\libc.a(lib_a-__call_atexit.o)
 .debug_aranges
                0x00000b38       0x20 c:/altera/11.0/nios2eds/bin/gnu/h-i686-mingw32/bin/../lib/gcc/nios2-elf/4.1.2\libgcc.a(lib2-divmod.o)
 .debug_aranges
                0x00000b58       0x20 ../hello_bsp/\libucosii_bsp.a(alt_exit.o)

.debug_pubnames
                0x00000000     0x1c94
 *(.debug_pubnames)
 .debug_pubnames
                0x00000000       0x4b obj/hello_ucosii.o
 .debug_pubnames
                0x0000004b       0x27 c:/altera/11.0/nios2eds/bin/gnu/h-i686-mingw32/bin/../lib/gcc/nios2-elf/4.1.2/../../../../nios2-elf/lib\libc.a(lib_a-puts.o)
 .debug_pubnames
                0x00000072       0x1d c:/altera/11.0/nios2eds/bin/gnu/h-i686-mingw32/bin/../lib/gcc/nios2-elf/4.1.2/../../../../nios2-elf/lib\libc.a(lib_a-strlen.o)
 .debug_pubnames
                0x0000008f       0x23 c:/altera/11.0/nios2eds/bin/gnu/h-i686-mingw32/bin/../lib/gcc/nios2-elf/4.1.2/../../../../nios2-elf/lib\libc.a(lib_a-fvwrite.o)
 .debug_pubnames
                0x000000b2       0x39 c:/altera/11.0/nios2eds/bin/gnu/h-i686-mingw32/bin/../lib/gcc/nios2-elf/4.1.2/../../../../nios2-elf/lib\libc.a(lib_a-impure.o)
 .debug_pubnames
                0x000000eb       0xce c:/altera/11.0/nios2eds/bin/gnu/h-i686-mingw32/bin/../lib/gcc/nios2-elf/4.1.2/../../../../nios2-elf/lib\libc.a(lib_a-mallocr.o)
 .debug_pubnames
                0x000001b9       0x1d c:/altera/11.0/nios2eds/bin/gnu/h-i686-mingw32/bin/../lib/gcc/nios2-elf/4.1.2/../../../../nios2-elf/lib\libc.a(lib_a-memchr.o)
 .debug_pubnames
                0x000001d6       0x1d c:/altera/11.0/nios2eds/bin/gnu/h-i686-mingw32/bin/../lib/gcc/nios2-elf/4.1.2/../../../../nios2-elf/lib\libc.a(lib_a-memcpy.o)
 .debug_pubnames
                0x000001f3       0x1e c:/altera/11.0/nios2eds/bin/gnu/h-i686-mingw32/bin/../lib/gcc/nios2-elf/4.1.2/../../../../nios2-elf/lib\libc.a(lib_a-memmove.o)
 .debug_pubnames
                0x00000211       0x21 c:/altera/11.0/nios2eds/bin/gnu/h-i686-mingw32/bin/../lib/gcc/nios2-elf/4.1.2/../../../../nios2-elf/lib\libc.a(lib_a-reallocr.o)
 .debug_pubnames
                0x00000232       0x1e c:/altera/11.0/nios2eds/bin/gnu/h-i686-mingw32/bin/../lib/gcc/nios2-elf/4.1.2/../../../../nios2-elf/lib\libc.a(lib_a-sbrkr.o)
 .debug_pubnames
                0x00000250       0x22 c:/altera/11.0/nios2eds/bin/gnu/h-i686-mingw32/bin/../lib/gcc/nios2-elf/4.1.2/../../../../nios2-elf/lib\libc.a(lib_a-wsetup.o)
 .debug_pubnames
                0x00000272       0x2b c:/altera/11.0/nios2eds/bin/gnu/h-i686-mingw32/bin/../lib/gcc/nios2-elf/4.1.2/../../../../nios2-elf/lib\libc.a(lib_a-fflush.o)
 .debug_pubnames
                0x0000029d       0xdb c:/altera/11.0/nios2eds/bin/gnu/h-i686-mingw32/bin/../lib/gcc/nios2-elf/4.1.2/../../../../nios2-elf/lib\libc.a(lib_a-findfp.o)
 .debug_pubnames
                0x00000378       0x31 c:/altera/11.0/nios2eds/bin/gnu/h-i686-mingw32/bin/../lib/gcc/nios2-elf/4.1.2/../../../../nios2-elf/lib\libc.a(lib_a-freer.o)
 .debug_pubnames
                0x000003a9       0x2e c:/altera/11.0/nios2eds/bin/gnu/h-i686-mingw32/bin/../lib/gcc/nios2-elf/4.1.2/../../../../nios2-elf/lib\libc.a(lib_a-fwalk.o)
 .debug_pubnames
                0x000003d7       0x1c c:/altera/11.0/nios2eds/bin/gnu/h-i686-mingw32/bin/../lib/gcc/nios2-elf/4.1.2/../../../../nios2-elf/lib\libc.a(lib_a-int_errno.o)
 .debug_pubnames
                0x000003f3       0x23 c:/altera/11.0/nios2eds/bin/gnu/h-i686-mingw32/bin/../lib/gcc/nios2-elf/4.1.2/../../../../nios2-elf/lib\libc.a(lib_a-makebuf.o)
 .debug_pubnames
                0x00000416       0x1d c:/altera/11.0/nios2eds/bin/gnu/h-i686-mingw32/bin/../lib/gcc/nios2-elf/4.1.2/../../../../nios2-elf/lib\libc.a(lib_a-memset.o)
 .debug_pubnames
                0x00000433       0x44 c:/altera/11.0/nios2eds/bin/gnu/h-i686-mingw32/bin/../lib/gcc/nios2-elf/4.1.2/../../../../nios2-elf/lib\libc.a(lib_a-stdio.o)
 .debug_pubnames
                0x00000477       0x1f c:/altera/11.0/nios2eds/bin/gnu/h-i686-mingw32/bin/../lib/gcc/nios2-elf/4.1.2/../../../../nios2-elf/lib\libc.a(lib_a-writer.o)
 .debug_pubnames
                0x00000496       0x1f c:/altera/11.0/nios2eds/bin/gnu/h-i686-mingw32/bin/../lib/gcc/nios2-elf/4.1.2/../../../../nios2-elf/lib\libc.a(lib_a-closer.o)
 .debug_pubnames
                0x000004b5       0x2b c:/altera/11.0/nios2eds/bin/gnu/h-i686-mingw32/bin/../lib/gcc/nios2-elf/4.1.2/../../../../nios2-elf/lib\libc.a(lib_a-fclose.o)
 .debug_pubnames
                0x000004e0       0x1f c:/altera/11.0/nios2eds/bin/gnu/h-i686-mingw32/bin/../lib/gcc/nios2-elf/4.1.2/../../../../nios2-elf/lib\libc.a(lib_a-fstatr.o)
 .debug_pubnames
                0x000004ff       0x20 c:/altera/11.0/nios2eds/bin/gnu/h-i686-mingw32/bin/../lib/gcc/nios2-elf/4.1.2/../../../../nios2-elf/lib\libc.a(lib_a-isattyr.o)
 .debug_pubnames
                0x0000051f       0x1f c:/altera/11.0/nios2eds/bin/gnu/h-i686-mingw32/bin/../lib/gcc/nios2-elf/4.1.2/../../../../nios2-elf/lib\libc.a(lib_a-lseekr.o)
 .debug_pubnames
                0x0000053e       0x1e c:/altera/11.0/nios2eds/bin/gnu/h-i686-mingw32/bin/../lib/gcc/nios2-elf/4.1.2/../../../../nios2-elf/lib\libc.a(lib_a-readr.o)
 .debug_pubnames
                0x0000055c       0x1c ../hello_bsp/\libucosii_bsp.a(alt_close.o)
 .debug_pubnames
                0x00000578       0x78 ../hello_bsp/\libucosii_bsp.a(alt_dev.o)
 .debug_pubnames
                0x000005f0       0x20 ../hello_bsp/\libucosii_bsp.a(alt_errno.o)
 .debug_pubnames
                0x00000610       0x1c ../hello_bsp/\libucosii_bsp.a(alt_fstat.o)
 .debug_pubnames
                0x0000062c       0x1d ../hello_bsp/\libucosii_bsp.a(alt_isatty.o)
 .debug_pubnames
                0x00000649       0x1f ../hello_bsp/\libucosii_bsp.a(alt_load.o)
 .debug_pubnames
                0x00000668       0x1c ../hello_bsp/\libucosii_bsp.a(alt_lseek.o)
 .debug_pubnames
                0x00000684       0x46 ../hello_bsp/\libucosii_bsp.a(alt_main.o)
 .debug_pubnames
                0x000006ca       0x1b ../hello_bsp/\libucosii_bsp.a(alt_read.o)
 .debug_pubnames
                0x000006e5       0x25 ../hello_bsp/\libucosii_bsp.a(alt_release_fd.o)
 .debug_pubnames
                0x0000070a       0x1b ../hello_bsp/\libucosii_bsp.a(alt_sbrk.o)
 .debug_pubnames
                0x00000725       0x1c ../hello_bsp/\libucosii_bsp.a(alt_write.o)
 .debug_pubnames
                0x00000741       0x41 ../hello_bsp/\libucosii_bsp.a(alt_env_lock.o)
 .debug_pubnames
                0x00000782       0x48 ../hello_bsp/\libucosii_bsp.a(alt_malloc_lock.o)
 .debug_pubnames
                0x000007ca      0x3f8 ../hello_bsp/\libucosii_bsp.a(os_core.o)
 .debug_pubnames
                0x00000bc2      0x3c5 ../hello_bsp/\libucosii_bsp.a(os_dbg.o)
 .debug_pubnames
                0x00000f87       0xd0 ../hello_bsp/\libucosii_bsp.a(os_flag.o)
 .debug_pubnames
                0x00001057       0x7c ../hello_bsp/\libucosii_bsp.a(os_mem.o)
 .debug_pubnames
                0x000010d3       0xa9 ../hello_bsp/\libucosii_bsp.a(os_q.o)
 .debug_pubnames
                0x0000117c       0x8a ../hello_bsp/\libucosii_bsp.a(os_sem.o)
 .debug_pubnames
                0x00001206       0xe5 ../hello_bsp/\libucosii_bsp.a(os_task.o)
 .debug_pubnames
                0x000012eb       0x62 ../hello_bsp/\libucosii_bsp.a(os_time.o)
 .debug_pubnames
                0x0000134d       0x34 ../hello_bsp/\libucosii_bsp.a(alt_sys_init.o)
 .debug_pubnames
                0x00001381       0xa5 ../hello_bsp/\libucosii_bsp.a(altera_avalon_jtag_uart_fd.o)
 .debug_pubnames
                0x00001426       0x55 ../hello_bsp/\libucosii_bsp.a(altera_avalon_jtag_uart_init.o)
 .debug_pubnames
                0x0000147b       0x34 ../hello_bsp/\libucosii_bsp.a(altera_avalon_jtag_uart_ioctl.o)
 .debug_pubnames
                0x000014af       0x33 ../hello_bsp/\libucosii_bsp.a(altera_avalon_jtag_uart_read.o)
 .debug_pubnames
                0x000014e2       0x34 ../hello_bsp/\libucosii_bsp.a(altera_avalon_jtag_uart_write.o)