Archive member included because of file (symbol)

c:/altera/11.0/nios2eds/bin/gnu/h-i686-mingw32/bin/../lib/gcc/nios2-elf/4.1.2/../../../../nios2-elf/lib\libm.a(lib_a-w_pow.o)
                              obj/gps_ucosii.o (pow)
c:/altera/11.0/nios2eds/bin/gnu/h-i686-mingw32/bin/../lib/gcc/nios2-elf/4.1.2/../../../../nios2-elf/lib\libm.a(lib_a-e_pow.o)
                              c:/altera/11.0/nios2eds/bin/gnu/h-i686-mingw32/bin/../lib/gcc/nios2-elf/4.1.2/../../../../nios2-elf/lib\libm.a(lib_a-w_pow.o) (__ieee754_pow)
c:/altera/11.0/nios2eds/bin/gnu/h-i686-mingw32/bin/../lib/gcc/nios2-elf/4.1.2/../../../../nios2-elf/lib\libm.a(lib_a-e_sqrt.o)
                              c:/altera/11.0/nios2eds/bin/gnu/h-i686-mingw32/bin/../lib/gcc/nios2-elf/4.1.2/../../../../nios2-elf/lib\libm.a(lib_a-e_pow.o) (__ieee754_sqrt)
c:/altera/11.0/nios2eds/bin/gnu/h-i686-mingw32/bin/../lib/gcc/nios2-elf/4.1.2/../../../../nios2-elf/lib\libm.a(lib_a-s_fabs.o)
                              c:/altera/11.0/nios2eds/bin/gnu/h-i686-mingw32/bin/../lib/gcc/nios2-elf/4.1.2/../../../../nios2-elf/lib\libm.a(lib_a-e_pow.o) (fabs)
c:/altera/11.0/nios2eds/bin/gnu/h-i686-mingw32/bin/../lib/gcc/nios2-elf/4.1.2/../../../../nios2-elf/lib\libm.a(lib_a-s_finite.o)
                              c:/altera/11.0/nios2eds/bin/gnu/h-i686-mingw32/bin/../lib/gcc/nios2-elf/4.1.2/../../../../nios2-elf/lib\libm.a(lib_a-w_pow.o) (finite)
c:/altera/11.0/nios2eds/bin/gnu/h-i686-mingw32/bin/../lib/gcc/nios2-elf/4.1.2/../../../../nios2-elf/lib\libm.a(lib_a-s_isnand.o)
                              c:/altera/11.0/nios2eds/bin/gnu/h-i686-mingw32/bin/../lib/gcc/nios2-elf/4.1.2/../../../../nios2-elf/lib\libm.a(lib_a-w_pow.o) (__isnand)
c:/altera/11.0/nios2eds/bin/gnu/h-i686-mingw32/bin/../lib/gcc/nios2-elf/4.1.2/../../../../nios2-elf/lib\libm.a(lib_a-s_lib_ver.o)
                              c:/altera/11.0/nios2eds/bin/gnu/h-i686-mingw32/bin/../lib/gcc/nios2-elf/4.1.2/../../../../nios2-elf/lib\libm.a(lib_a-w_pow.o) (__fdlib_version)
c:/altera/11.0/nios2eds/bin/gnu/h-i686-mingw32/bin/../lib/gcc/nios2-elf/4.1.2/../../../../nios2-elf/lib\libm.a(lib_a-s_matherr.o)
                              c:/altera/11.0/nios2eds/bin/gnu/h-i686-mingw32/bin/../lib/gcc/nios2-elf/4.1.2/../../../../nios2-elf/lib\libm.a(lib_a-w_pow.o) (matherr)
c:/altera/11.0/nios2eds/bin/gnu/h-i686-mingw32/bin/../lib/gcc/nios2-elf/4.1.2/../../../../nios2-elf/lib\libm.a(lib_a-s_nan.o)
                              c:/altera/11.0/nios2eds/bin/gnu/h-i686-mingw32/bin/../lib/gcc/nios2-elf/4.1.2/../../../../nios2-elf/lib\libm.a(lib_a-e_pow.o) (nan)
c:/altera/11.0/nios2eds/bin/gnu/h-i686-mingw32/bin/../lib/gcc/nios2-elf/4.1.2/../../../../nios2-elf/lib\libm.a(lib_a-s_rint.o)
                              c:/altera/11.0/nios2eds/bin/gnu/h-i686-mingw32/bin/../lib/gcc/nios2-elf/4.1.2/../../../../nios2-elf/lib\libm.a(lib_a-w_pow.o) (rint)
c:/altera/11.0/nios2eds/bin/gnu/h-i686-mingw32/bin/../lib/gcc/nios2-elf/4.1.2/../../../../nios2-elf/lib\libm.a(lib_a-s_scalbn.o)
                              c:/altera/11.0/nios2eds/bin/gnu/h-i686-mingw32/bin/../lib/gcc/nios2-elf/4.1.2/../../../../nios2-elf/lib\libm.a(lib_a-e_pow.o) (scalbn)
c:/altera/11.0/nios2eds/bin/gnu/h-i686-mingw32/bin/../lib/gcc/nios2-elf/4.1.2/../../../../nios2-elf/lib\libm.a(lib_a-s_copysign.o)
                              c:/altera/11.0/nios2eds/bin/gnu/h-i686-mingw32/bin/../lib/gcc/nios2-elf/4.1.2/../../../../nios2-elf/lib\libm.a(lib_a-s_scalbn.o) (copysign)
c:/altera/11.0/nios2eds/bin/gnu/h-i686-mingw32/bin/../lib/gcc/nios2-elf/4.1.2\libgcc.a(_addsub_df.o)
                              c:/altera/11.0/nios2eds/bin/gnu/h-i686-mingw32/bin/../lib/gcc/nios2-elf/4.1.2/../../../../nios2-elf/lib\libm.a(lib_a-e_pow.o) (__subdf3)
c:/altera/11.0/nios2eds/bin/gnu/h-i686-mingw32/bin/../lib/gcc/nios2-elf/4.1.2\libgcc.a(_mul_df.o)
                              obj/gps_ucosii.o (__muldf3)
c:/altera/11.0/nios2eds/bin/gnu/h-i686-mingw32/bin/../lib/gcc/nios2-elf/4.1.2\libgcc.a(_div_df.o)
                              c:/altera/11.0/nios2eds/bin/gnu/h-i686-mingw32/bin/../lib/gcc/nios2-elf/4.1.2/../../../../nios2-elf/lib\libm.a(lib_a-w_pow.o) (__divdf3)
c:/altera/11.0/nios2eds/bin/gnu/h-i686-mingw32/bin/../lib/gcc/nios2-elf/4.1.2\libgcc.a(_eq_df.o)
                              c:/altera/11.0/nios2eds/bin/gnu/h-i686-mingw32/bin/../lib/gcc/nios2-elf/4.1.2/../../../../nios2-elf/lib\libm.a(lib_a-w_pow.o) (__eqdf2)
c:/altera/11.0/nios2eds/bin/gnu/h-i686-mingw32/bin/../lib/gcc/nios2-elf/4.1.2\libgcc.a(_ne_df.o)
                              c:/altera/11.0/nios2eds/bin/gnu/h-i686-mingw32/bin/../lib/gcc/nios2-elf/4.1.2/../../../../nios2-elf/lib\libm.a(lib_a-w_pow.o) (__nedf2)
c:/altera/11.0/nios2eds/bin/gnu/h-i686-mingw32/bin/../lib/gcc/nios2-elf/4.1.2\libgcc.a(_gt_df.o)
                              c:/altera/11.0/nios2eds/bin/gnu/h-i686-mingw32/bin/../lib/gcc/nios2-elf/4.1.2/../../../../nios2-elf/lib\libm.a(lib_a-e_pow.o) (__gtdf2)
[...]
Memory Configuration

Name             Origin             Length             Attributes
reset            0x00800000         0x00000020
sdram_controller 0x00800020         0x007fffe0
*default*        0x00000000         0xffffffff

Linker script and memory map

LOAD ../uC_bsp//obj/HAL/src/crt0.o
LOAD obj/gps_ucosii.o
LOAD c:/altera/11.0/nios2eds/bin/gnu/h-i686-mingw32/bin/../lib/gcc/nios2-elf/4.1.2/../../../../nios2-elf/lib\libstdc++.a
LOAD c:/altera/11.0/nios2eds/bin/gnu/h-i686-mingw32/bin/../lib/gcc/nios2-elf/4.1.2/../../../../nios2-elf/lib\libm.a
LOAD c:/altera/11.0/nios2eds/bin/gnu/h-i686-mingw32/bin/../lib/gcc/nios2-elf/4.1.2\libgcc.a
START GROUP
LOAD c:/altera/11.0/nios2eds/bin/gnu/h-i686-mingw32/bin/../lib/gcc/nios2-elf/4.1.2/../../../../nios2-elf/lib\libc.a
LOAD c:/altera/11.0/nios2eds/bin/gnu/h-i686-mingw32/bin/../lib/gcc/nios2-elf/4.1.2\libgcc.a
LOAD ../uC_bsp/\libucosii_bsp.a
END GROUP
LOAD c:/altera/11.0/nios2eds/bin/gnu/h-i686-mingw32/bin/../lib/gcc/nios2-elf/4.1.2\libgcc.a
                0x00800000                __alt_mem_sdram_controller = 0x800000

.entry          0x00800000       0x20
 *(.entry)
 .entry         0x00800000       0x20 ../uC_bsp//obj/HAL/src/crt0.o
                0x00800000                __reset

.exceptions     0x00800020      0x19c
                0x00800020                PROVIDE (__ram_exceptions_start, ABSOLUTE (.))
                0x00800020                . = ALIGN (0x20)
 *(.irq)
 *(.exceptions.entry.label)
 .exceptions.entry.label
                0x00800020        0x0 ../uC_bsp/\libucosii_bsp.a(alt_irq_entry.o)
                0x00800020                alt_irq_entry
 .exceptions.entry.label
                0x00800020        0x0 ../uC_bsp/\libucosii_bsp.a(alt_exception_entry.o)
                0x00800020                alt_exception
 *(.exceptions.entry.user)
 *(.exceptions.entry)
 .exceptions.entry
                0x00800020       0x54 ../uC_bsp/\libucosii_bsp.a(alt_exception_entry.o)
 *(.exceptions.irqtest.user)
 *(.exceptions.irqtest)
 .exceptions.irqtest
                0x00800074       0x10 ../uC_bsp/\libucosii_bsp.a(alt_irq_entry.o)
 *(.exceptions.irqhandler.user)
 *(.exceptions.irqhandler)
 .exceptions.irqhandler
                0x00800084        0x4 ../uC_bsp/\libucosii_bsp.a(alt_irq_entry.o)
 *(.exceptions.irqreturn.user)
 *(.exceptions.irqreturn)
 .exceptions.irqreturn
                0x00800088        0x4 ../uC_bsp/\libucosii_bsp.a(alt_irq_entry.o)
 *(.exceptions.notirq.label)
 .exceptions.notirq.label
                0x0080008c        0x0 ../uC_bsp/\libucosii_bsp.a(alt_irq_entry.o)
 *(.exceptions.notirq.user)
 *(.exceptions.notirq)
 .exceptions.notirq
                0x0080008c        0x8 ../uC_bsp/\libucosii_bsp.a(alt_exception_entry.o)
 *(.exceptions.soft.user)
 *(.exceptions.soft)
 *(.exceptions.unknown.user)
 *(.exceptions.unknown)
 .exceptions.unknown
                0x00800094        0x4 ../uC_bsp/\libucosii_bsp.a(alt_exception_entry.o)
 *(.exceptions.exit.label)
 .exceptions.exit.label
                0x00800098        0x0 ../uC_bsp/\libucosii_bsp.a(alt_irq_entry.o)
 .exceptions.exit.label
                0x00800098        0x0 ../uC_bsp/\libucosii_bsp.a(alt_exception_entry.o)
 *(.exceptions.exit.user)
 *(.exceptions.exit)
 .exceptions.exit
                0x00800098       0x54 ../uC_bsp/\libucosii_bsp.a(alt_exception_entry.o)
 *(.exceptions)
 .exceptions    0x008000ec       0xd0 ../uC_bsp/\libucosii_bsp.a(alt_irq_handler.o)
                0x008000ec                alt_irq_handler
                0x008001bc                PROVIDE (__ram_exceptions_end, ABSOLUTE (.))
                0x00800020                PROVIDE (__flash_exceptions_start, LOADADDR (.exceptions))

.text           0x008001bc    0x1c398
                0x008001bc                PROVIDE (stext, ABSOLUTE (.))
 *(.interp)
 *(.hash)
 *(.dynsym)
 *(.dynstr)
 *(.gnu.version)
 *(.gnu.version_d)
 *(.gnu.version_r)
 *(.rel.init)
 *(.rela.init)
 *(.rel.text .rel.text.* .rel.gnu.linkonce.t.*)
 *(.rela.text .rela.text.* .rela.gnu.linkonce.t.*)
 *(.rel.fini)
 *(.rela.fini)
 *(.rel.rodata .rel.rodata.* .rel.gnu.linkonce.r.*)
 *(.rela.rodata .rela.rodata.* .rela.gnu.linkonce.r.*)
 *(.rel.data .rel.data.* .rel.gnu.linkonce.d.*)
 *(.rela.data .rela.data.* .rela.gnu.linkonce.d.*)
 *(.rel.tdata .rel.tdata.* .rel.gnu.linkonce.td.*)
 *(.rela.tdata .rela.tdata.* .rela.gnu.linkonce.td.*)
 *(.rel.tbss .rel.tbss.* .rel.gnu.linkonce.tb.*)
 *(.rela.tbss .rela.tbss.* .rela.gnu.linkonce.tb.*)
 *(.rel.ctors)
 *(.rela.ctors)
 *(.rel.dtors)
 *(.rela.dtors)
 *(.rel.got)
 *(.rela.got)
 *(.rel.sdata .rel.sdata.* .rel.gnu.linkonce.s.*)
 *(.rela.sdata .rela.sdata.* .rela.gnu.linkonce.s.*)
 *(.rel.sbss .rel.sbss.* .rel.gnu.linkonce.sb.*)
 *(.rela.sbss .rela.sbss.* .rela.gnu.linkonce.sb.*)
 *(.rel.sdata2 .rel.sdata2.* .rel.gnu.linkonce.s2.*)
 *(.rela.sdata2 .rela.sdata2.* .rela.gnu.linkonce.s2.*)
 *(.rel.sbss2 .rel.sbss2.* .rel.gnu.linkonce.sb2.*)
 *(.rela.sbss2 .rela.sbss2.* .rela.gnu.linkonce.sb2.*)
 *(.rel.bss .rel.bss.* .rel.gnu.linkonce.b.*)
 *(.rela.bss .rela.bss.* .rela.gnu.linkonce.b.*)
 *(.rel.plt)
 *(.rela.plt)
 *(.rel.dyn)
 *(.init)
 *(.plt)
 *(.text .stub .text.* .gnu.linkonce.t.*)
 .text          0x008001bc       0x3c ../uC_bsp//obj/HAL/src/crt0.o
                0x008001bc                _start
 .text          0x008001f8     0x2694 obj/gps_ucosii.o
                0x008001f8                alt_ucosii_check_return_code
                0x0080023c                alt_ucosii_simple_error_handler
                0x008006e8                checksum
                0x00800a40                parse_GGA
                0x00801418                check_upd
                0x00801450                atoh
                0x008015cc                GMT_to_MST
                0x00801814                m_to_ft
                0x008019ac                lat_to_deg
                0x00801d5c                long_to_deg
                0x00802174                task1
                0x00802240                task2
                0x0080244c                task3
                0x008024d8                task4
                0x00802564                task5
                0x008025c4                main
 .text          0x0080288c      0x488 c:/altera/11.0/nios2eds/bin/gnu/h-i686-mingw32/bin/../lib/gcc/nios2-elf/4.1.2/../../../../nios2-elf/lib\libm.a(lib_a-w_pow.o)
                0x0080288c                pow
 .text          0x00802d14     0x1300 c:/altera/11.0/nios2eds/bin/gnu/h-i686-mingw32/bin/../lib/gcc/nios2-elf/4.1.2/../../../../nios2-elf/lib\libm.a(lib_a-e_pow.o)
                0x00802d14                __ieee754_pow
 .text          0x00804014      0x2c8 c:/altera/11.0/nios2eds/bin/gnu/h-i686-mingw32/bin/../lib/gcc/nios2-elf/4.1.2/../../../../nios2-elf/lib\libm.a(lib_a-e_sqrt.o)
                0x00804014                __ieee754_sqrt
 .text          0x008042dc       0x18 c:/altera/11.0/nios2eds/bin/gnu/h-i686-mingw32/bin/../lib/gcc/nios2-elf/4.1.2/../../../../nios2-elf/lib\libm.a(lib_a-s_fabs.o)
                0x008042dc                fabs
 .text          0x008042f4       0x1c c:/altera/11.0/nios2eds/bin/gnu/h-i686-mingw32/bin/../lib/gcc/nios2-elf/4.1.2/../../../../nios2-elf/lib\libm.a(lib_a-s_finite.o)
                0x008042f4                finite
 .text          0x00804310       0x30 c:/altera/11.0/nios2eds/bin/gnu/h-i686-mingw32/bin/../lib/gcc/nios2-elf/4.1.2/../../../../nios2-elf/lib\libm.a(lib_a-s_isnand.o)
                0x00804310                __isnand
 .text          0x00804340        0x0 c:/altera/11.0/nios2eds/bin/gnu/h-i686-mingw32/bin/../lib/gcc/nios2-elf/4.1.2/../../../../nios2-elf/lib\libm.a(lib_a-s_lib_ver.o)
 .text          0x00804340        0x8 c:/altera/11.0/nios2eds/bin/gnu/h-i686-mingw32/bin/../lib/gcc/nios2-elf/4.1.2/../../../../nios2-elf/lib\libm.a(lib_a-s_matherr.o)
                0x00804340                matherr
 .text          0x00804348       0x10 c:/altera/11.0/nios2eds/bin/gnu/h-i686-mingw32/bin/../lib/gcc/nios2-elf/4.1.2/../../../../nios2-elf/lib\libm.a(lib_a-s_nan.o)
                0x00804348                nan
 .text          0x00804358      0x210 c:/altera/11.0/nios2eds/bin/gnu/h-i686-mingw32/bin/../lib/gcc/nios2-elf/4.1.2/../../../../nios2-elf/lib\libm.a(lib_a-s_rint.o)
                0x00804358                rint
 .text          0x00804568      0x1e0 c:/altera/11.0/nios2eds/bin/gnu/h-i686-mingw32/bin/../lib/gcc/nios2-elf/4.1.2/../../../../nios2-elf/lib\libm.a(lib_a-s_scalbn.o)
                0x00804568                scalbn
 .text          0x00804748       0x24 c:/altera/11.0/nios2eds/bin/gnu/h-i686-mingw32/bin/../lib/gcc/nios2-elf/4.1.2/../../../../nios2-elf/lib\libm.a(lib_a-s_copysign.o)
                0x00804748                copysign
 .text          0x0080476c      0x504 c:/altera/11.0/nios2eds/bin/gnu/h-i686-mingw32/bin/../lib/gcc/nios2-elf/4.1.2\libgcc.a(_addsub_df.o)
                0x00804b7c                __subdf3
                0x00804bfc                __adddf3
 .text          0x00804c70      0x3c4 c:/altera/11.0/nios2eds/bin/gnu/h-i686-mingw32/bin/../lib/gcc/nios2-elf/4.1.2\libgcc.a(_mul_df.o)
                0x00804c70                __muldf3
 .text          0x00805034      0x258 c:/altera/11.0/nios2eds/bin/gnu/h-i686-mingw32/bin/../lib/gcc/nios2-elf/4.1.2\libgcc.a(_div_df.o)
                0x00805034                __divdf3
 .text          0x0080528c       0x88 c:/altera/11.0/nios2eds/bin/gnu/h-i686-mingw32/bin/../lib/gcc/nios2-elf/4.1.2\libgcc.a(_eq_df.o)
                0x0080528c                __eqdf2
 .text          0x00805314       0x88 c:/altera/11.0/nios2eds/bin/gnu/h-i686-mingw32/bin/../lib/gcc/nios2-elf/4.1.2\libgcc.a(_ne_df.o)
                0x00805314                __nedf2
 .text          0x0080539c       0x88 c:/altera/11.0/nios2eds/bin/gnu/h-i686-mingw32/bin/../lib/gcc/nios2-elf/4.1.2\libgcc.a(_gt_df.o)
                0x0080539c                __gtdf2
 .text          0x00805424       0x88 c:/altera/11.0/nios2eds/bin/gnu/h-i686-mingw32/bin/../lib/gcc/nios2-elf/4.1.2\libgcc.a(_lt_df.o)
                0x00805424                __ltdf2
 .text          0x008054ac       0x88 c:/altera/11.0/nios2eds/bin/gnu/h-i686-mingw32/bin/../lib/gcc/nios2-elf/4.1.2\libgcc.a(_le_df.o)
                0x008054ac                __ledf2
 .text          0x00805534       0xf8 c:/altera/11.0/nios2eds/bin/gnu/h-i686-mingw32/bin/../lib/gcc/nios2-elf/4.1.2\libgcc.a(_si_to_df.o)
                0x00805534                __floatsidf
 .text          0x0080562c       0xd8 c:/altera/11.0/nios2eds/bin/gnu/h-i686-mingw32/bin/../lib/gcc/nios2-elf/4.1.2\libgcc.a(_df_to_si.o)
                0x0080562c                __fixdfsi
 .text          0x00805704        0x0 c:/altera/11.0/nios2eds/bin/gnu/h-i686-mingw32/bin/../lib/gcc/nios2-elf/4.1.2\libgcc.a(_thenan_df.o)
 .text          0x00805704       0x98 c:/altera/11.0/nios2eds/bin/gnu/h-i686-mingw32/bin/../lib/gcc/nios2-elf/4.1.2\libgcc.a(_muldi3.o)
                0x00805704                __muldi3
 .text          0x0080579c       0x80 c:/altera/11.0/nios2eds/bin/gnu/h-i686-mingw32/bin/../lib/gcc/nios2-elf/4.1.2\libgcc.a(_clzsi2.o)
                0x0080579c                __clzsi2
 .text          0x0080581c      0x314 c:/altera/11.0/nios2eds/bin/gnu/h-i686-mingw32/bin/../lib/gcc/nios2-elf/4.1.2\libgcc.a(_pack_df.o)
                0x0080581c                __pack_d
 .text          0x00805b30      0x138 c:/altera/11.0/nios2eds/bin/gnu/h-i686-mingw32/bin/../lib/gcc/nios2-elf/4.1.2\libgcc.a(_unpack_df.o)
                0x00805b30                __unpack_d
 .text          0x00805c68       0xc8 c:/altera/11.0/nios2eds/bin/gnu/h-i686-mingw32/bin/../lib/gcc/nios2-elf/4.1.2\libgcc.a(_fpcmp_parts_df.o)
                0x00805c68                __fpcmp_parts_d
 .text          0x00805d30        0x0 c:/altera/11.0/nios2eds/bin/gnu/h-i686-mingw32/bin/../lib/gcc/nios2-elf/4.1.2\libgcc.a(_clz.o)
 .text          0x00805d30       0x10 c:/altera/11.0/nios2eds/bin/gnu/h-i686-mingw32/bin/../lib/gcc/nios2-elf/4.1.2/../../../../nios2-elf/lib\libc.a(lib_a-errno.o)
                0x00805d30                __errno
 .text          0x00805d40       0x38 c:/altera/11.0/nios2eds/bin/gnu/h-i686-mingw32/bin/../lib/gcc/nios2-elf/4.1.2/../../../../nios2-elf/lib\libc.a(lib_a-exit.o)
                0x00805d40                exit
 .text          0x00805d78      0x124 c:/altera/11.0/nios2eds/bin/gnu/h-i686-mingw32/bin/../lib/gcc/nios2-elf/4.1.2/../../../../nios2-elf/lib\libc.a(lib_a-fclose.o)
                0x00805d78                _fclose_r
                0x00805e88                fclose
 .text          0x00805e9c      0x230 c:/altera/11.0/nios2eds/bin/gnu/h-i686-mingw32/bin/../lib/gcc/nios2-elf/4.1.2/../../../../nios2-elf/lib\libc.a(lib_a-fflush.o)
                0x00805e9c                _fflush_r
                0x00806098                fflush
 .text          0x008060cc      0x2c0 c:/altera/11.0/nios2eds/bin/gnu/h-i686-mingw32/bin/../lib/gcc/nios2-elf/4.1.2/../../../../nios2-elf/lib\libc.a(lib_a-findfp.o)
                0x00806124                __sfp_lock_acquire
                0x00806128                __sfp_lock_release
                0x0080612c                __sinit_lock_acquire
                0x00806130                __sinit_lock_release
                0x00806134                __sinit
                0x008061e8                __fp_unlock_all
                0x00806200                __fp_lock_all
                0x00806218                _cleanup_r
                0x00806224                _cleanup
                0x00806234                __sfmoreglue
                0x0080629c                __sfp
 .text          0x0080638c      0x110 c:/altera/11.0/nios2eds/bin/gnu/h-i686-mingw32/bin/../lib/gcc/nios2-elf/4.1.2/../../../../nios2-elf/lib\libc.a(lib_a-fopen.o)
                0x0080638c                _fopen_r
                0x00806480                fopen
 .text          0x0080649c       0x60 c:/altera/11.0/nios2eds/bin/gnu/h-i686-mingw32/bin/../lib/gcc/nios2-elf/4.1.2/../../../../nios2-elf/lib\libc.a(lib_a-fprintf.o)
                0x0080649c                fprintf
                0x008064c8                _fprintf_r
 .text          0x008064fc      0x440 c:/altera/11.0/nios2eds/bin/gnu/h-i686-mingw32/bin/../lib/gcc/nios2-elf/4.1.2/../../../../nios2-elf/lib\libc.a(lib_a-freer.o)
                0x008064fc                _malloc_trim_r
                0x00806628                _free_r
 .text          0x0080693c      0x460 c:/altera/11.0/nios2eds/bin/gnu/h-i686-mingw32/bin/../lib/gcc/nios2-elf/4.1.2/../../../../nios2-elf/lib\libc.a(lib_a-fseek.o)
                0x0080693c                _fseek_r
                0x00806d78                fseek
 .text          0x00806d9c       0x74 c:/altera/11.0/nios2eds/bin/gnu/h-i686-mingw32/bin/../lib/gcc/nios2-elf/4.1.2/../../../../nios2-elf/lib\libc.a(lib_a-fstatr.o)
                0x00806d9c                _fstat_r
 .text          0x00806e10      0x180 c:/altera/11.0/nios2eds/bin/gnu/h-i686-mingw32/bin/../lib/gcc/nios2-elf/4.1.2/../../../../nios2-elf/lib\libc.a(lib_a-fwalk.o)
                0x00806e10                _fwalk_reent
                0x00806ed8                _fwalk
 .text          0x00806f90       0xdc c:/altera/11.0/nios2eds/bin/gnu/h-i686-mingw32/bin/../lib/gcc/nios2-elf/4.1.2/../../../../nios2-elf/lib\libc.a(lib_a-fwrite.o)
                0x00806f90                _fwrite_r
                0x0080702c                fwrite
 .text          0x0080706c      0x128 c:/altera/11.0/nios2eds/bin/gnu/h-i686-mingw32/bin/../lib/gcc/nios2-elf/4.1.2/../../../../nios2-elf/lib\libc.a(lib_a-getc.o)
                0x0080706c                getc
                0x00807104                _getc_r
 .text          0x00807194        0x0 c:/altera/11.0/nios2eds/bin/gnu/h-i686-mingw32/bin/../lib/gcc/nios2-elf/4.1.2/../../../../nios2-elf/lib\libc.a(lib_a-impure.o)
 .text          0x00807194        0x0 c:/altera/11.0/nios2eds/bin/gnu/h-i686-mingw32/bin/../lib/gcc/nios2-elf/4.1.2/../../../../nios2-elf/lib\libc.a(lib_a-int_errno.o)
 .text          0x00807194      0x194 c:/altera/11.0/nios2eds/bin/gnu/h-i686-mingw32/bin/../lib/gcc/nios2-elf/4.1.2/../../../../nios2-elf/lib\libc.a(lib_a-makebuf.o)
                0x00807194                __smakebuf_r
 .text          0x00807328      0x740 c:/altera/11.0/nios2eds/bin/gnu/h-i686-mingw32/bin/../lib/gcc/nios2-elf/4.1.2/../../../../nios2-elf/lib\libc.a(lib_a-mallocr.o)
                0x00807328                _malloc_r
 .text          0x00807a68       0x98 c:/altera/11.0/nios2eds/bin/gnu/h-i686-mingw32/bin/../lib/gcc/nios2-elf/4.1.2/../../../../nios2-elf/lib\libc.a(lib_a-memset.o)
                0x00807a68                memset
 .text          0x00807b00       0x78 c:/altera/11.0/nios2eds/bin/gnu/h-i686-mingw32/bin/../lib/gcc/nios2-elf/4.1.2/../../../../nios2-elf/lib\libc.a(lib_a-openr.o)
                0x00807b00                _open_r
 .text          0x00807b78       0x78 c:/altera/11.0/nios2eds/bin/gnu/h-i686-mingw32/bin/../lib/gcc/nios2-elf/4.1.2/../../../../nios2-elf/lib\libc.a(lib_a-printf.o)
                0x00807b78                printf
                0x00807bbc                _printf_r
 .text          0x00807bf0       0x24 c:/altera/11.0/nios2eds/bin/gnu/h-i686-mingw32/bin/../lib/gcc/nios2-elf/4.1.2/../../../../nios2-elf/lib\libc.a(lib_a-putchar.o)
                0x00807bf0                putchar
                0x00807c0c                _putchar_r
 .text          0x00807c14       0xb4 c:/altera/11.0/nios2eds/bin/gnu/h-i686-mingw32/bin/../lib/gcc/nios2-elf/4.1.2/../../../../nios2-elf/lib\libc.a(lib_a-puts.o)
                0x00807c14                _puts_r
                0x00807cb4                puts
 .text          0x00807cc8      0x1e0 c:/altera/11.0/nios2eds/bin/gnu/h-i686-mingw32/bin/../lib/gcc/nios2-elf/4.1.2/../../../../nios2-elf/lib\libc.a(lib_a-refill.o)
                0x00807cc8                __srefill_r
 .text          0x00807ea8       0x60 c:/altera/11.0/nios2eds/bin/gnu/h-i686-mingw32/bin/../lib/gcc/nios2-elf/4.1.2/../../../../nios2-elf/lib\libc.a(lib_a-rget.o)
                0x00807ea8                __srget_r
                0x00807ef4                __srget
 .text          0x00807f08       0x70 c:/altera/11.0/nios2eds/bin/gnu/h-i686-mingw32/bin/../lib/gcc/nios2-elf/4.1.2/../../../../nios2-elf/lib\libc.a(lib_a-sbrkr.o)
                0x00807f08                _sbrk_r
 .text          0x00807f78       0xd4 c:/altera/11.0/nios2eds/bin/gnu/h-i686-mingw32/bin/../lib/gcc/nios2-elf/4.1.2/../../../../nios2-elf/lib\libc.a(lib_a-sprintf.o)
                0x00807f78                sprintf
                0x00807fec                _sprintf_r
 .text          0x0080804c      0x14c c:/altera/11.0/nios2eds/bin/gnu/h-i686-mingw32/bin/../lib/gcc/nios2-elf/4.1.2/../../../../nios2-elf/lib\libc.a(lib_a-stdio.o)
                0x0080804c                __sclose
                0x00808054                __sseek
                0x008080bc                __swrite
                0x00808138                __sread
 .text          0x00808198       0x74 c:/altera/11.0/nios2eds/bin/gnu/h-i686-mingw32/bin/../lib/gcc/nios2-elf/4.1.2/../../../../nios2-elf/lib\libc.a(lib_a-strlen.o)
                0x00808198                strlen
 .text          0x0080820c     0x1f28 c:/altera/11.0/nios2eds/bin/gnu/h-i686-mingw32/bin/../lib/gcc/nios2-elf/4.1.2/../../../../nios2-elf/lib\libc.a(lib_a-vfprintf.o)
                0x00808264                ___vfprintf_internal_r
                0x0080a110                __vfprintf_internal
 .text          0x0080a134       0x78 c:/altera/11.0/nios2eds/bin/gnu/h-i686-mingw32/bin/../lib/gcc/nios2-elf/4.1.2/../../../../nios2-elf/lib\libc.a(lib_a-writer.o)
                0x0080a134                _write_r
 .text          0x0080a1ac      0x13c c:/altera/11.0/nios2eds/bin/gnu/h-i686-mingw32/bin/../lib/gcc/nios2-elf/4.1.2/../../../../nios2-elf/lib\libc.a(lib_a-wsetup.o)
                0x0080a1ac                __swsetup_r
 .text          0x0080a2e8      0x1b4 c:/altera/11.0/nios2eds/bin/gnu/h-i686-mingw32/bin/../lib/gcc/nios2-elf/4.1.2/../../../../nios2-elf/lib\libc.a(lib_a-__call_atexit.o)
                0x0080a2ec                __call_exitprocs
 .text          0x0080a49c       0x70 c:/altera/11.0/nios2eds/bin/gnu/h-i686-mingw32/bin/../lib/gcc/nios2-elf/4.1.2/../../../../nios2-elf/lib\libc.a(lib_a-closer.o)
                0x0080a49c                _close_r
 .text          0x0080a50c     0x17cc c:/altera/11.0/nios2eds/bin/gnu/h-i686-mingw32/bin/../lib/gcc/nios2-elf/4.1.2/../../../../nios2-elf/lib\libc.a(lib_a-dtoa.o)
                0x0080a724                _dtoa_r
 .text          0x0080bcd8       0xa0 c:/altera/11.0/nios2eds/bin/gnu/h-i686-mingw32/bin/../lib/gcc/nios2-elf/4.1.2/../../../../nios2-elf/lib\libc.a(lib_a-flags.o)
                0x0080bcd8                __sflags
 .text          0x0080bd78      0x49c c:/altera/11.0/nios2eds/bin/gnu/h-i686-mingw32/bin/../lib/gcc/nios2-elf/4.1.2/../../../../nios2-elf/lib\libc.a(lib_a-fvwrite.o)
                0x0080bd78                __sfvwrite_r
 .text          0x0080c214       0x70 c:/altera/11.0/nios2eds/bin/gnu/h-i686-mingw32/bin/../lib/gcc/nios2-elf/4.1.2/../../../../nios2-elf/lib\libc.a(lib_a-isattyr.o)
                0x0080c214                _isatty_r
 .text          0x0080c284       0xc4 c:/altera/11.0/nios2eds/bin/gnu/h-i686-mingw32/bin/../lib/gcc/nios2-elf/4.1.2/../../../../nios2-elf/lib\libc.a(lib_a-locale.o)
                0x0080c284                __locale_charset
                0x0080c28c                _localeconv_r
                0x0080c298                localeconv
                0x0080c2a8                _setlocale_r
                0x0080c32c                setlocale
 .text          0x0080c348       0x78 c:/altera/11.0/nios2eds/bin/gnu/h-i686-mingw32/bin/../lib/gcc/nios2-elf/4.1.2/../../../../nios2-elf/lib\libc.a(lib_a-lseekr.o)
                0x0080c348                _lseek_r
 .text          0x0080c3c0       0xe4 c:/altera/11.0/nios2eds/bin/gnu/h-i686-mingw32/bin/../lib/gcc/nios2-elf/4.1.2/../../../../nios2-elf/lib\libc.a(lib_a-memchr.o)
                0x0080c3c0                memchr
 .text          0x0080c4a4       0xa0 c:/altera/11.0/nios2eds/bin/gnu/h-i686-mingw32/bin/../lib/gcc/nios2-elf/4.1.2/../../../../nios2-elf/lib\libc.a(lib_a-memcpy.o)
                0x0080c4a4                memcpy
 .text          0x0080c544       0xe0 c:/altera/11.0/nios2eds/bin/gnu/h-i686-mingw32/bin/../lib/gcc/nios2-elf/4.1.2/../../../../nios2-elf/lib\libc.a(lib_a-memmove.o)
                0x0080c544                memmove
 .text          0x0080c624      0xff4 c:/altera/11.0/nios2eds/bin/gnu/h-i686-mingw32/bin/../lib/gcc/nios2-elf/4.1.2/../../../../nios2-elf/lib\libc.a(lib_a-mprec.o)
                0x0080c624                _Bfree
                0x0080c64c                __hi0bits
                0x0080c6bc                __lo0bits
                0x0080c780                __mcmp
                0x0080c7e0                __ulp
                0x0080c860                __b2d
                0x0080c980                __ratio
                0x0080ca30                _mprec_log10
                0x0080cac4                __copybits
                0x0080cb1c                __any_on
                0x0080cba4                _Balloc
                0x0080cc60                __d2b
                0x0080cddc                __mdiff
                0x0080cf68                __lshift
                0x0080d0b4                __multiply
                0x0080d29c                __i2b
                0x0080d2d8                __multadd
                0x0080d3d8                __pow5mult
                0x0080d4f8                __s2b
 .text          0x0080d618      0x1ec c:/altera/11.0/nios2eds/bin/gnu/h-i686-mingw32/bin/../lib/gcc/nios2-elf/4.1.2/../../../../nios2-elf/lib\libc.a(lib_a-putc.o)
                0x0080d618                putc
                0x0080d71c                _putc_r
 .text          0x0080d804       0x78 c:/altera/11.0/nios2eds/bin/gnu/h-i686-mingw32/bin/../lib/gcc/nios2-elf/4.1.2/../../../../nios2-elf/lib\libc.a(lib_a-readr.o)
                0x0080d804                _read_r
 .text          0x0080d87c      0x5f4 c:/altera/11.0/nios2eds/bin/gnu/h-i686-mingw32/bin/../lib/gcc/nios2-elf/4.1.2/../../../../nios2-elf/lib\libc.a(lib_a-reallocr.o)
                0x0080d87c                _realloc_r
 .text          0x0080de70       0x40 c:/altera/11.0/nios2eds/bin/gnu/h-i686-mingw32/bin/../lib/gcc/nios2-elf/4.1.2/../../../../nios2-elf/lib\libc.a(lib_a-s_isinfd.o)
                0x0080de70                __isinfd
 .text          0x0080deb0       0xbc c:/altera/11.0/nios2eds/bin/gnu/h-i686-mingw32/bin/../lib/gcc/nios2-elf/4.1.2/../../../../nios2-elf/lib\libc.a(lib_a-strcmp.o)
                0x0080deb0                strcmp
 .text          0x0080df6c      0x14c c:/altera/11.0/nios2eds/bin/gnu/h-i686-mingw32/bin/../lib/gcc/nios2-elf/4.1.2/../../../../nios2-elf/lib\libc.a(lib_a-wbuf.o)
                0x0080df6c                __swbuf_r
                0x0080e09c                __swbuf
 .text          0x0080e0b8       0xb4 c:/altera/11.0/nios2eds/bin/gnu/h-i686-mingw32/bin/../lib/gcc/nios2-elf/4.1.2/../../../../nios2-elf/lib\libc.a(lib_a-callocr.o)
                0x0080e0b8                _calloc_r
 .text          0x0080e16c      0x5dc c:/altera/11.0/nios2eds/bin/gnu/h-i686-mingw32/bin/../lib/gcc/nios2-elf/4.1.2\libgcc.a(_udivdi3.o)
                0x0080e16c                __udivdi3
 .text          0x0080e748      0x5b0 c:/altera/11.0/nios2eds/bin/gnu/h-i686-mingw32/bin/../lib/gcc/nios2-elf/4.1.2\libgcc.a(_umoddi3.o)
                0x0080e748                __umoddi3
 .text          0x0080ecf8       0x88 c:/altera/11.0/nios2eds/bin/gnu/h-i686-mingw32/bin/../lib/gcc/nios2-elf/4.1.2\libgcc.a(_ge_df.o)
                0x0080ecf8                __gedf2
 .text          0x0080ed80      0x194 c:/altera/11.0/nios2eds/bin/gnu/h-i686-mingw32/bin/../lib/gcc/nios2-elf/4.1.2\libgcc.a(_usi_to_df.o)
                0x0080ed80                __floatunsidf
 .text          0x0080ef14      0x14c c:/altera/11.0/nios2eds/bin/gnu/h-i686-mingw32/bin/../lib/gcc/nios2-elf/4.1.2\libgcc.a(lib2-divmod.o)
                0x0080ef90                __divsi3
                0x0080eff0                __modsi3
                0x0080f050                __udivsi3
                0x0080f058                __umodsi3
 .text          0x0080f060      0x15c ../uC_bsp/\libucosii_bsp.a(alt_close.o)
                0x0080f060                close
 .text          0x0080f1bc       0x2c ../uC_bsp/\libucosii_bsp.a(alt_dev.o)
 .text          0x0080f1e8        0x0 ../uC_bsp/\libucosii_bsp.a(alt_errno.o)
 .text          0x0080f1e8       0x6c ../uC_bsp/\libucosii_bsp.a(alt_exit.o)
                0x0080f228                _exit
 .text          0x0080f254      0x134 ../uC_bsp/\libucosii_bsp.a(alt_fstat.o)
                0x0080f254                fstat
 .text          0x0080f388      0x120 ../uC_bsp/\libucosii_bsp.a(alt_isatty.o)
                0x0080f388                isatty
 .text          0x0080f4a8       0xec ../uC_bsp/\libucosii_bsp.a(alt_load.o)
                0x0080f4a8                alt_load
 .text          0x0080f594      0x150 ../uC_bsp/\libucosii_bsp.a(alt_lseek.o)
                0x0080f594                lseek
 .text          0x0080f6e4       0xc8 ../uC_bsp/\libucosii_bsp.a(alt_main.o)
                0x0080f6e4                alt_main
 .text          0x0080f7ac      0x2c4 ../uC_bsp/\libucosii_bsp.a(alt_open.o)
                0x0080f888                open
 .text          0x0080fa70      0x180 ../uC_bsp/\libucosii_bsp.a(alt_read.o)
                0x0080fa70                read
 .text          0x0080fbf0       0x60 ../uC_bsp/\libucosii_bsp.a(alt_release_fd.o)
                0x0080fbf0                alt_release_fd
 .text          0x0080fc50       0xbc ../uC_bsp/\libucosii_bsp.a(alt_sbrk.o)
                0x0080fc50                sbrk
 .text          0x0080fd0c      0x180 ../uC_bsp/\libucosii_bsp.a(alt_write.o)
                0x0080fd0c                write
 .text          0x0080fe8c      0x108 ../uC_bsp/\libucosii_bsp.a(alt_env_lock.o)
                0x0080fe8c                __env_lock
                0x0080ff38                __env_unlock
 .text          0x0080ff94      0x1d8 ../uC_bsp/\libucosii_bsp.a(alt_malloc_lock.o)
                0x0080ff94                __malloc_lock
                0x0081009c                __malloc_unlock
 .text          0x0081016c     0x2128 ../uC_bsp/\libucosii_bsp.a(os_core.o)
                0x0081016c                OSEventNameGet
                0x0081029c                OSEventNameSet
                0x008103e0                OSEventPendMulti
                0x00810a94                OSInit
                0x00810ae8                OSIntEnter
                0x00810b64                OSIntExit
                0x00810c64                OSSchedLock
                0x00810cf0                OSSchedUnlock
                0x00810dd4                OSStart
                0x00810e44                OSStatInit
                0x00810ef0                OSTimeTick
                0x00811130                OSVersion
                0x00811150                OS_Dummy
                0x0081116c                OS_EventTaskRdy
                0x00811300                OS_EventTaskWait
                0x00811410                OS_EventTaskWaitMulti
                0x00811564                OS_EventTaskRemove
                0x0081161c                OS_EventTaskRemoveMulti
                0x00811720                OS_EventWaitListInit
                0x00811aec                OS_MemClr
                0x00811b40                OS_MemCopy
                0x00811bac                OS_Sched
                0x00811cf0                OS_StrCopy
                0x00811d70                OS_StrLen
                0x00811dc8                OS_TaskIdle
                0x00811e24                OS_TaskStat
                0x00811eec                OS_TaskStatStkChk
                0x00811fb4                OS_TCBInit
 .text          0x00812294      0x18c ../uC_bsp/\libucosii_bsp.a(os_dbg.o)
                0x00812294                OSDebugInit
 .text          0x00812420     0x193c ../uC_bsp/\libucosii_bsp.a(os_flag.o)
                0x00812420                OSFlagAccept
                0x00812754                OSFlagCreate
                0x00812890                OSFlagDel
                0x00812b38                OSFlagNameGet
                0x00812c7c                OSFlagNameSet
                0x00812dd0                OSFlagPend
                0x00813414                OSFlagPendGetFlagsRdy
                0x0081347c                OSFlagPost
                0x00813824                OSFlagQuery
                0x00813abc                OS_FlagInit
                0x00813cb0                OS_FlagUnlink
 .text          0x00813d5c      0x808 ../uC_bsp/\libucosii_bsp.a(os_mem.o)
                0x00813d5c                OSMemCreate
                0x00813f78                OSMemGet
                0x0081407c                OSMemNameGet
                0x00814188                OSMemNameSet
                0x008142a8                OSMemPut
                0x00814398                OSMemQuery
                0x00814494                OS_MemInit
 .text          0x00814564     0x1334 ../uC_bsp/\libucosii_bsp.a(os_q.o)
                0x00814564                OSQAccept
                0x008146b8                OSQCreate
                0x008148cc                OSQDel
                0x00814bcc                OSQFlush
                0x00814c94                OSQPend
                0x00814fb4                OSQPendAbort
                0x00815130                OSQPost
                0x008152b0                OSQPostFront
                0x00815438                OSQPostOpt
                0x0081566c                OSQQuery
                0x008157ec                OS_QInit
 .text          0x00815898      0xbc8 ../uC_bsp/\libucosii_bsp.a(os_sem.o)
                0x00815898                OSSemAccept
                0x00815958                OSSemCreate
                0x00815a6c                OSSemDel
                0x00815d0c                OSSemPend
                0x00815f88                OSSemPendAbort
                0x00816104                OSSemPost
                0x0081622c                OSSemQuery
                0x0081635c                OSSemSet
 .text          0x00816460     0x1a40 ../uC_bsp/\libucosii_bsp.a(os_task.o)
                0x00816460                OSTaskChangePrio
                0x008169d4                OSTaskCreate
                0x00816ba8                OSTaskCreateExt
                0x00816da8                OSTaskDel
                0x008171b4                OSTaskDelReq
                0x00817324                OSTaskNameGet
                0x008174dc                OSTaskNameSet
                0x008176a0                OSTaskResume
                0x008178b8                OSTaskStkChk
                0x00817ab4                OSTaskSuspend
                0x00817ce0                OSTaskQuery
                0x00817e24                OS_TaskStkClr
 .text          0x00817ea0      0x59c ../uC_bsp/\libucosii_bsp.a(os_time.o)
                0x00817ea0                OSTimeDly
                0x00817fec                OSTimeDlyHMSM
                0x00818164                OSTimeDlyResume
                0x00818374                OSTimeGet
                0x008183d8                OSTimeSet
 .text          0x0081843c      0x100 ../uC_bsp/\libucosii_bsp.a(alt_sys_init.o)
                0x0081843c                alt_irq_init
                0x00818470                alt_sys_init
 .text          0x0081853c      0x148 ../uC_bsp/\libucosii_bsp.a(altera_avalon_jtag_uart_fd.o)
                0x0081853c                altera_avalon_jtag_uart_read_fd
                0x00818594                altera_avalon_jtag_uart_write_fd
                0x008185ec                altera_avalon_jtag_uart_close_fd
                0x00818634                altera_avalon_jtag_uart_ioctl_fd
 .text          0x00818684      0x584 ../uC_bsp/\libucosii_bsp.a(altera_avalon_jtag_uart_init.o)
                0x00818684                altera_avalon_jtag_uart_init
                0x00818b94                altera_avalon_jtag_uart_close
 .text          0x00818c08       0xf4 ../uC_bsp/\libucosii_bsp.a(altera_avalon_jtag_uart_ioctl.o)
                0x00818c08                altera_avalon_jtag_uart_ioctl
 .text          0x00818cfc      0x2c0 ../uC_bsp/\libucosii_bsp.a(altera_avalon_jtag_uart_read.o)
                0x00818cfc                altera_avalon_jtag_uart_read
 .text          0x00818fbc      0x2dc ../uC_bsp/\libucosii_bsp.a(altera_avalon_jtag_uart_write.o)
                0x00818fbc                altera_avalon_jtag_uart_write
 .text          0x00819298      0xf3c ../uC_bsp/\libucosii_bsp.a(altera_avalon_lcd_16207.o)
                0x00819a6c                altera_avalon_lcd_16207_write
                0x0081a070                altera_avalon_lcd_16207_init
 .text          0x0081a1d4       0x58 ../uC_bsp/\libucosii_bsp.a(altera_avalon_lcd_16207_fd.o)
                0x0081a1d4                altera_avalon_lcd_16207_write_fd
 .text          0x0081a22c      0x100 ../uC_bsp/\libucosii_bsp.a(altera_avalon_timer_sc.o)
                0x0081a29c                alt_avalon_timer_sc_init
 .text          0x0081a32c       0xf8 ../uC_bsp/\libucosii_bsp.a(altera_avalon_uart_fd.o)
                0x0081a32c                altera_avalon_uart_read_fd
                0x0081a384                altera_avalon_uart_write_fd
                0x0081a3dc                altera_avalon_uart_close_fd
 .text          0x0081a424      0x57c ../uC_bsp/\libucosii_bsp.a(altera_avalon_uart_init.o)
                0x0081a424                altera_avalon_uart_init
                0x0081a940                altera_avalon_uart_close
 .text          0x0081a9a0      0x310 ../uC_bsp/\libucosii_bsp.a(altera_avalon_uart_read.o)
                0x0081a9a0                altera_avalon_uart_read
 .text          0x0081acb0      0x2a8 ../uC_bsp/\libucosii_bsp.a(altera_avalon_uart_write.o)
                0x0081acb0                altera_avalon_uart_write
 .text          0x0081af58      0x154 ../uC_bsp/\libucosii_bsp.a(alt_alarm_start.o)
                0x0081af58                alt_alarm_start
 .text          0x0081b0ac       0x1c ../uC_bsp/\libucosii_bsp.a(alt_dcache_flush_all.o)
                0x0081b0ac                alt_dcache_flush_all
 .text          0x0081b0c8      0x114 ../uC_bsp/\libucosii_bsp.a(alt_dev_llist_insert.o)
                0x0081b0c8                alt_dev_llist_insert
 .text          0x0081b1dc       0x64 ../uC_bsp/\libucosii_bsp.a(alt_do_ctors.o)
                0x0081b1dc                _do_ctors
 .text          0x0081b240       0x64 ../uC_bsp/\libucosii_bsp.a(alt_do_dtors.o)
                0x0081b240                _do_dtors
 .text          0x0081b2a4       0x94 ../uC_bsp/\libucosii_bsp.a(alt_find_dev.o)
                0x0081b2a4                alt_find_dev
 .text          0x0081b338      0x120 ../uC_bsp/\libucosii_bsp.a(alt_find_file.o)
                0x0081b338                alt_find_file
 .text          0x0081b458       0xf4 ../uC_bsp/\libucosii_bsp.a(alt_get_fd.o)
                0x0081b458                alt_get_fd
 .text          0x0081b54c       0x30 ../uC_bsp/\libucosii_bsp.a(alt_icache_flush_all.o)
                0x0081b54c                alt_icache_flush_all
 .text          0x0081b57c      0x1d4 ../uC_bsp/\libucosii_bsp.a(alt_iic.o)
                0x0081b57c                alt_ic_isr_register
                0x0081b5cc                alt_ic_irq_enable
                0x0081b668                alt_ic_irq_disable
                0x0081b708                alt_ic_irq_enabled
 .text          0x0081b750       0xf8 ../uC_bsp/\libucosii_bsp.a(alt_iic_isr_register.o)
                0x0081b750                alt_iic_isr_register
 .text          0x0081b848      0x13c ../uC_bsp/\libucosii_bsp.a(alt_io_redirect.o)
                0x0081b90c                alt_io_redirect
 .text          0x0081b984        0x0 ../uC_bsp/\libucosii_bsp.a(alt_irq_entry.o)
 .text          0x0081b984        0x0 ../uC_bsp/\libucosii_bsp.a(alt_irq_handler.o)
 .text          0x0081b984        0x0 ../uC_bsp/\libucosii_bsp.a(alt_irq_vars.o)
 .text          0x0081b984      0x1a8 ../uC_bsp/\libucosii_bsp.a(alt_tick.o)
                0x0081b984                alt_alarm_stop
                0x0081ba1c                alt_tick
 .text          0x0081bb2c      0x118 ../uC_bsp/\libucosii_bsp.a(alt_usleep.o)
                0x0081bb2c                usleep
 .text          0x0081bc44       0x20 ../uC_bsp/\libucosii_bsp.a(altera_nios2_qsys_irq.o)
                0x0081bc44                altera_nios2_qsys_irq_init
 .text          0x0081bc64       0xd0 ../uC_bsp/\libucosii_bsp.a(os_cpu_a.o)
                0x0081bc64                OSCtxSw
                0x0081bc64                OSIntCtxSw
                0x0081bcf0                OSStartHighRdy
                0x0081bd10                OSStartTsk
 .text          0x0081bd34      0x418 ../uC_bsp/\libucosii_bsp.a(os_cpu_c.o)
                0x0081bd34                OSTaskStkInit
                0x0081c044                OSTaskCreateHook
                0x0081c064                OSTaskDelHook
                0x0081c084                OSTaskSwHook
                0x0081c0a0                OSTaskStatHook
                0x0081c0bc                OSTimeTickHook
                0x0081c0d8                OSInitHookBegin
                0x0081c0f4                OSInitHookEnd
                0x0081c110                OSTaskIdleHook
                0x0081c12c                OSTCBInitHook
 .text          0x0081c14c      0x14c ../uC_bsp/\libucosii_bsp.a(alt_busy_sleep.o)
                0x0081c14c                alt_busy_sleep
 .text          0x0081c298        0x0 ../uC_bsp/\libucosii_bsp.a(alt_exception_entry.o)
 .text          0x0081c298       0x90 ../uC_bsp/\libucosii_bsp.a(alt_icache_flush.o)
                0x0081c298                alt_icache_flush
 .text          0x0081c328       0x14 c:/altera/11.0/nios2eds/bin/gnu/h-i686-mingw32/bin/../lib/gcc/nios2-elf/4.1.2/../../../../nios2-elf/lib\libc.a(lib_a-atexit.o)
                0x0081c328                atexit
 .text          0x0081c33c        0x0 c:/altera/11.0/nios2eds/bin/gnu/h-i686-mingw32/bin/../lib/gcc/nios2-elf/4.1.2/../../../../nios2-elf/lib\libc.a(lib_a-ctype_.o)
 .text          0x0081c33c       0x74 c:/altera/11.0/nios2eds/bin/gnu/h-i686-mingw32/bin/../lib/gcc/nios2-elf/4.1.2/../../../../nios2-elf/lib\libc.a(lib_a-memcmp.o)
                0x0081c33c                memcmp
 .text          0x0081c3b0      0x134 c:/altera/11.0/nios2eds/bin/gnu/h-i686-mingw32/bin/../lib/gcc/nios2-elf/4.1.2/../../../../nios2-elf/lib\libc.a(lib_a-__atexit.o)
                0x0081c3b0                __register_exitproc
 *(.gnu.warning.*)
 *(.fini)
                0x0081c4e4                PROVIDE (__etext, ABSOLUTE (.))
                0x0081c4e4                PROVIDE (_etext, ABSOLUTE (.))
                0x0081c4e4                PROVIDE (etext, ABSOLUTE (.))
 *(.eh_frame_hdr)
                0x0081c4e4                . = ALIGN (0x4)
                0x0081c4e4                PROVIDE (__preinit_array_start, ABSOLUTE (.))
 *(.preinit_array)
                0x0081c4e4                PROVIDE (__preinit_array_end, ABSOLUTE (.))
                0x0081c4e4                PROVIDE (__init_array_start, ABSOLUTE (.))
 *(.init_array)
                0x0081c4e4                PROVIDE (__init_array_end, ABSOLUTE (.))
                0x0081c4e4                PROVIDE (__fini_array_start, ABSOLUTE (.))
 *(.fini_array)
                0x0081c4e4                PROVIDE (__fini_array_end, ABSOLUTE (.))
 *(.eh_frame)
 .eh_frame      0x0081c4e4       0x40 c:/altera/11.0/nios2eds/bin/gnu/h-i686-mingw32/bin/../lib/gcc/nios2-elf/4.1.2\libgcc.a(_udivdi3.o)
 .eh_frame      0x0081c524       0x2c c:/altera/11.0/nios2eds/bin/gnu/h-i686-mingw32/bin/../lib/gcc/nios2-elf/4.1.2\libgcc.a(_umoddi3.o)
                                 0x40 (size before relaxing)
 *(.gcc_except_table)
 *(.dynamic)
                0x0081c550                PROVIDE (__CTOR_LIST__, ABSOLUTE (.))
 *(.ctors)
 *(SORT(.ctors.*))
 .ctors.65535   0x0081c550        0x4 c:/altera/11.0/nios2eds/bin/gnu/h-i686-mingw32/bin/../lib/gcc/nios2-elf/4.1.2/../../../../nios2-elf/lib\libc.a(lib_a-__call_atexit.o)
                0x0081c554                PROVIDE (__CTOR_END__, ABSOLUTE (.))
                0x0081c554                PROVIDE (__DTOR_LIST__, ABSOLUTE (.))
 *(.dtors)
 *(SORT(.dtors.*))
                0x0081c554                PROVIDE (__DTOR_END__, ABSOLUTE (.))
 *(.jcr)
                0x0081c554                . = ALIGN (0x4)

.rodata         0x0081c554      0xcf4
                0x0081c554                PROVIDE (__ram_rodata_start, ABSOLUTE (.))
                0x0081c554                . = ALIGN (0x4)
 *(.rodata .rodata.* .gnu.linkonce.r.*)
 .rodata        0x0081c554      0x598 obj/gps_ucosii.o
 .rodata.str1.4
                0x0081caec        0x4 c:/altera/11.0/nios2eds/bin/gnu/h-i686-mingw32/bin/../lib/gcc/nios2-elf/4.1.2/../../../../nios2-elf/lib\libm.a(lib_a-w_pow.o)
 .rodata.str1.4
                0x00000000        0x4 c:/altera/11.0/nios2eds/bin/gnu/h-i686-mingw32/bin/../lib/gcc/nios2-elf/4.1.2/../../../../nios2-elf/lib\libm.a(lib_a-e_pow.o)
 .rodata        0x0081caf0       0x30 c:/altera/11.0/nios2eds/bin/gnu/h-i686-mingw32/bin/../lib/gcc/nios2-elf/4.1.2/../../../../nios2-elf/lib\libm.a(lib_a-e_pow.o)
 .rodata        0x0081cb20       0x10 c:/altera/11.0/nios2eds/bin/gnu/h-i686-mingw32/bin/../lib/gcc/nios2-elf/4.1.2/../../../../nios2-elf/lib\libm.a(lib_a-s_rint.o)
 .rodata        0x0081cb30       0x14 c:/altera/11.0/nios2eds/bin/gnu/h-i686-mingw32/bin/../lib/gcc/nios2-elf/4.1.2\libgcc.a(_thenan_df.o)
                0x0081cb30                __thenan_df
 .rodata        0x0081cb44      0x100 c:/altera/11.0/nios2eds/bin/gnu/h-i686-mingw32/bin/../lib/gcc/nios2-elf/4.1.2\libgcc.a(_clz.o)
                0x0081cb44                __clz_tab
 .rodata.str1.4
                0x0081cc44        0x2 c:/altera/11.0/nios2eds/bin/gnu/h-i686-mingw32/bin/../lib/gcc/nios2-elf/4.1.2/../../../../nios2-elf/lib\libc.a(lib_a-impure.o)
                                  0x4 (size before relaxing)
 *fill*         0x0081cc46        0x2 00
 .rodata.str1.4
                0x0081cc48        0x2 c:/altera/11.0/nios2eds/bin/gnu/h-i686-mingw32/bin/../lib/gcc/nios2-elf/4.1.2/../../../../nios2-elf/lib\libc.a(lib_a-puts.o)
                                  0x4 (size before relaxing)
 *fill*         0x0081cc4a        0x2 00
 .rodata.str1.4
                0x0081cc4c       0x5e c:/altera/11.0/nios2eds/bin/gnu/h-i686-mingw32/bin/../lib/gcc/nios2-elf/4.1.2/../../../../nios2-elf/lib\libc.a(lib_a-vfprintf.o)
                                 0x60 (size before relaxing)
 .rodata        0x0081ccaa       0x20 c:/altera/11.0/nios2eds/bin/gnu/h-i686-mingw32/bin/../lib/gcc/nios2-elf/4.1.2/../../../../nios2-elf/lib\libc.a(lib_a-vfprintf.o)
 *fill*         0x0081ccca        0x2 00
 .rodata.str1.4
                0x0081cccc       0x10 c:/altera/11.0/nios2eds/bin/gnu/h-i686-mingw32/bin/../lib/gcc/nios2-elf/4.1.2/../../../../nios2-elf/lib\libc.a(lib_a-dtoa.o)
                                 0x14 (size before relaxing)
 .rodata.str1.4
                0x0081ccdc       0x10 c:/altera/11.0/nios2eds/bin/gnu/h-i686-mingw32/bin/../lib/gcc/nios2-elf/4.1.2/../../../../nios2-elf/lib\libc.a(lib_a-locale.o)
                                 0x18 (size before relaxing)
 .rodata        0x0081ccec       0x30 c:/altera/11.0/nios2eds/bin/gnu/h-i686-mingw32/bin/../lib/gcc/nios2-elf/4.1.2/../../../../nios2-elf/lib\libc.a(lib_a-locale.o)
 .rodata        0x0081cd1c      0x124 c:/altera/11.0/nios2eds/bin/gnu/h-i686-mingw32/bin/../lib/gcc/nios2-elf/4.1.2/../../../../nios2-elf/lib\libc.a(lib_a-mprec.o)
                0x0081cd1c                __mprec_tens
                0x0081cde4                __mprec_bigtens
                0x0081ce0c                __mprec_tinytens
 .rodata        0x0081ce40        0xc ../uC_bsp/\libucosii_bsp.a(alt_dev.o)
 .rodata        0x0081ce4c       0x24 ../uC_bsp/\libucosii_bsp.a(alt_main.o)
 .rodata        0x0081ce70      0x120 ../uC_bsp/\libucosii_bsp.a(os_core.o)
                0x0081ce70                OSUnMapTbl
 .rodata        0x0081cf90       0x30 ../uC_bsp/\libucosii_bsp.a(alt_sys_init.o)
 .rodata        0x0081cfc0        0x4 ../uC_bsp/\libucosii_bsp.a(os_cpu_c.o)
 .rodata        0x0081cfc4      0x281 c:/altera/11.0/nios2eds/bin/gnu/h-i686-mingw32/bin/../lib/gcc/nios2-elf/4.1.2/../../../../nios2-elf/lib\libc.a(lib_a-ctype_.o)
                0x0081cfc4                _ctype_
 *(.rodata1)
                0x0081d248                . = ALIGN (0x4)
 *fill*         0x0081d245        0x3 00
                0x0081d248                PROVIDE (__ram_rodata_end, ABSOLUTE (.))
                0x0081c554                PROVIDE (__flash_rodata_start, LOADADDR (.rodata))

.rwdata         0x0081d248     0x1cf8 load address 0x0081ef40
                0x0081d248                PROVIDE (__ram_rwdata_start, ABSOLUTE (.))
                0x0081d248                . = ALIGN (0x4)
 *(.got.plt)
 *(.got)
 *(.data1)
 *(.data .data.* .gnu.linkonce.d.*)
 .data          0x0081d248        0x0 ../uC_bsp//obj/HAL/src/crt0.o
 .data          0x0081d248       0x14 obj/gps_ucosii.o
                0x0081d248                print
 .data          0x0081d25c        0x0 c:/altera/11.0/nios2eds/bin/gnu/h-i686-mingw32/bin/../lib/gcc/nios2-elf/4.1.2/../../../../nios2-elf/lib\libm.a(lib_a-w_pow.o)
 .data          0x0081d25c        0x0 c:/altera/11.0/nios2eds/bin/gnu/h-i686-mingw32/bin/../lib/gcc/nios2-elf/4.1.2/../../../../nios2-elf/lib\libm.a(lib_a-e_pow.o)
 .data          0x0081d25c        0x0 c:/altera/11.0/nios2eds/bin/gnu/h-i686-mingw32/bin/../lib/gcc/nios2-elf/4.1.2/../../../../nios2-elf/lib\libm.a(lib_a-e_sqrt.o)
 .data          0x0081d25c        0x0 c:/altera/11.0/nios2eds/bin/gnu/h-i686-mingw32/bin/../lib/gcc/nios2-elf/4.1.2/../../../../nios2-elf/lib\libm.a(lib_a-s_fabs.o)
 .data          0x0081d25c        0x0 c:/altera/11.0/nios2eds/bin/gnu/h-i686-mingw32/bin/../lib/gcc/nios2-elf/4.1.2/../../../../nios2-elf/lib\libm.a(lib_a-s_finite.o)
 .data          0x0081d25c        0x0 c:/altera/11.0/nios2eds/bin/gnu/h-i686-mingw32/bin/../lib/gcc/nios2-elf/4.1.2/../../../../nios2-elf/lib\libm.a(lib_a-s_isnand.o)
 .data          0x0081d25c        0x0 c:/altera/11.0/nios2eds/bin/gnu/h-i686-mingw32/bin/../lib/gcc/nios2-elf/4.1.2/../../../../nios2-elf/lib\libm.a(lib_a-s_lib_ver.o)
 .data          0x0081d25c        0x0 c:/altera/11.0/nios2eds/bin/gnu/h-i686-mingw32/bin/../lib/gcc/nios2-elf/4.1.2/../../../../nios2-elf/lib\libm.a(lib_a-s_matherr.o)
 .data          0x0081d25c        0x0 c:/altera/11.0/nios2eds/bin/gnu/h-i686-mingw32/bin/../lib/gcc/nios2-elf/4.1.2/../../../../nios2-elf/lib\libm.a(lib_a-s_nan.o)
 .data          0x0081d25c        0x0 c:/altera/11.0/nios2eds/bin/gnu/h-i686-mingw32/bin/../lib/gcc/nios2-elf/4.1.2/../../../../nios2-elf/lib\libm.a(lib_a-s_rint.o)
 .data          0x0081d25c        0x0 c:/altera/11.0/nios2eds/bin/gnu/h-i686-mingw32/bin/../lib/gcc/nios2-elf/4.1.2/../../../../nios2-elf/lib\libm.a(lib_a-s_scalbn.o)
 .data          0x0081d25c        0x0 c:/altera/11.0/nios2eds/bin/gnu/h-i686-mingw32/bin/../lib/gcc/nios2-elf/4.1.2/../../../../nios2-elf/lib\libm.a(lib_a-s_copysign.o)
 .data          0x0081d25c        0x0 c:/altera/11.0/nios2eds/bin/gnu/h-i686-mingw32/bin/../lib/gcc/nios2-elf/4.1.2\libgcc.a(_addsub_df.o)
 .data          0x0081d25c        0x0 c:/altera/11.0/nios2eds/bin/gnu/h-i686-mingw32/bin/../lib/gcc/nios2-elf/4.1.2\libgcc.a(_mul_df.o)
 .data          0x0081d25c        0x0 c:/altera/11.0/nios2eds/bin/gnu/h-i686-mingw32/bin/../lib/gcc/nios2-elf/4.1.2\libgcc.a(_div_df.o)
 .data          0x0081d25c        0x0 c:/altera/11.0/nios2eds/bin/gnu/h-i686-mingw32/bin/../lib/gcc/nios2-elf/4.1.2\libgcc.a(_eq_df.o)
 .data          0x0081d25c        0x0 c:/altera/11.0/nios2eds/bin/gnu/h-i686-mingw32/bin/../lib/gcc/nios2-elf/4.1.2\libgcc.a(_ne_df.o)
 .data          0x0081d25c        0x0 c:/altera/11.0/nios2eds/bin/gnu/h-i686-mingw32/bin/../lib/gcc/nios2-elf/4.1.2\libgcc.a(_gt_df.o)
 .data          0x0081d25c        0x0 c:/altera/11.0/nios2eds/bin/gnu/h-i686-mingw32/bin/../lib/gcc/nios2-elf/4.1.2\libgcc.a(_lt_df.o)
 .data          0x0081d25c        0x0 c:/altera/11.0/nios2eds/bin/gnu/h-i686-mingw32/bin/../lib/gcc/nios2-elf/4.1.2\libgcc.a(_le_df.o)
 .data          0x0081d25c        0x0 c:/altera/11.0/nios2eds/bin/gnu/h-i686-mingw32/bin/../lib/gcc/nios2-elf/4.1.2\libgcc.a(_si_to_df.o)
 .data          0x0081d25c        0x0 c:/altera/11.0/nios2eds/bin/gnu/h-i686-mingw32/bin/../lib/gcc/nios2-elf/4.1.2\libgcc.a(_df_to_si.o)
 .data          0x0081d25c        0x0 c:/altera/11.0/nios2eds/bin/gnu/h-i686-mingw32/bin/../lib/gcc/nios2-elf/4.1.2\libgcc.a(_thenan_df.o)
 .data          0x0081d25c        0x0 c:/altera/11.0/nios2eds/bin/gnu/h-i686-mingw32/bin/../lib/gcc/nios2-elf/4.1.2\libgcc.a(_muldi3.o)
 .data          0x0081d25c        0x0 c:/altera/11.0/nios2eds/bin/gnu/h-i686-mingw32/bin/../lib/gcc/nios2-elf/4.1.2\libgcc.a(_clzsi2.o)
 .data          0x0081d25c        0x0 c:/altera/11.0/nios2eds/bin/gnu/h-i686-mingw32/bin/../lib/gcc/nios2-elf/4.1.2\libgcc.a(_pack_df.o)
 .data          0x0081d25c        0x0 c:/altera/11.0/nios2eds/bin/gnu/h-i686-mingw32/bin/../lib/gcc/nios2-elf/4.1.2\libgcc.a(_unpack_df.o)
 .data          0x0081d25c        0x0 c:/altera/11.0/nios2eds/bin/gnu/h-i686-mingw32/bin/../lib/gcc/nios2-elf/4.1.2\libgcc.a(_fpcmp_parts_df.o)
 .data          0x0081d25c        0x0 c:/altera/11.0/nios2eds/bin/gnu/h-i686-mingw32/bin/../lib/gcc/nios2-elf/4.1.2\libgcc.a(_clz.o)
 .data          0x0081d25c        0x0 c:/altera/11.0/nios2eds/bin/gnu/h-i686-mingw32/bin/../lib/gcc/nios2-elf/4.1.2/../../../../nios2-elf/lib\libc.a(lib_a-errno.o)
 .data          0x0081d25c        0x0 c:/altera/11.0/nios2eds/bin/gnu/h-i686-mingw32/bin/../lib/gcc/nios2-elf/4.1.2/../../../../nios2-elf/lib\libc.a(lib_a-exit.o)
 .data          0x0081d25c        0x0 c:/altera/11.0/nios2eds/bin/gnu/h-i686-mingw32/bin/../lib/gcc/nios2-elf/4.1.2/../../../../nios2-elf/lib\libc.a(lib_a-fclose.o)
 .data          0x0081d25c        0x0 c:/altera/11.0/nios2eds/bin/gnu/h-i686-mingw32/bin/../lib/gcc/nios2-elf/4.1.2/../../../../nios2-elf/lib\libc.a(lib_a-fflush.o)
 .data          0x0081d25c        0x0 c:/altera/11.0/nios2eds/bin/gnu/h-i686-mingw32/bin/../lib/gcc/nios2-elf/4.1.2/../../../../nios2-elf/lib\libc.a(lib_a-findfp.o)
 .data          0x0081d25c        0x0 c:/altera/11.0/nios2eds/bin/gnu/h-i686-mingw32/bin/../lib/gcc/nios2-elf/4.1.2/../../../../nios2-elf/lib\libc.a(lib_a-fopen.o)
 .data          0x0081d25c        0x0 c:/altera/11.0/nios2eds/bin/gnu/h-i686-mingw32/bin/../lib/gcc/nios2-elf/4.1.2/../../../../nios2-elf/lib\libc.a(lib_a-fprintf.o)
 .data          0x0081d25c        0x0 c:/altera/11.0/nios2eds/bin/gnu/h-i686-mingw32/bin/../lib/gcc/nios2-elf/4.1.2/../../../../nios2-elf/lib\libc.a(lib_a-freer.o)
 .data          0x0081d25c        0x0 c:/altera/11.0/nios2eds/bin/gnu/h-i686-mingw32/bin/../lib/gcc/nios2-elf/4.1.2/../../../../nios2-elf/lib\libc.a(lib_a-fseek.o)
 .data          0x0081d25c        0x0 c:/altera/11.0/nios2eds/bin/gnu/h-i686-mingw32/bin/../lib/gcc/nios2-elf/4.1.2/../../../../nios2-elf/lib\libc.a(lib_a-fstatr.o)
 .data          0x0081d25c        0x0 c:/altera/11.0/nios2eds/bin/gnu/h-i686-mingw32/bin/../lib/gcc/nios2-elf/4.1.2/../../../../nios2-elf/lib\libc.a(lib_a-fwalk.o)
 .data          0x0081d25c        0x0 c:/altera/11.0/nios2eds/bin/gnu/h-i686-mingw32/bin/../lib/gcc/nios2-elf/4.1.2/../../../../nios2-elf/lib\libc.a(lib_a-fwrite.o)
 .data          0x0081d25c        0x0 c:/altera/11.0/nios2eds/bin/gnu/h-i686-mingw32/bin/../lib/gcc/nios2-elf/4.1.2/../../../../nios2-elf/lib\libc.a(lib_a-getc.o)
 .data          0x0081d25c      0x400 c:/altera/11.0/nios2eds/bin/gnu/h-i686-mingw32/bin/../lib/gcc/nios2-elf/4.1.2/../../../../nios2-elf/lib\libc.a(lib_a-impure.o)
 .data          0x0081d65c        0x0 c:/altera/11.0/nios2eds/bin/gnu/h-i686-mingw32/bin/../lib/gcc/nios2-elf/4.1.2/../../../../nios2-elf/lib\libc.a(lib_a-int_errno.o)
 .data          0x0081d65c        0x0 c:/altera/11.0/nios2eds/bin/gnu/h-i686-mingw32/bin/../lib/gcc/nios2-elf/4.1.2/../../../../nios2-elf/lib\libc.a(lib_a-makebuf.o)
 .data          0x0081d65c      0x408 c:/altera/11.0/nios2eds/bin/gnu/h-i686-mingw32/bin/../lib/gcc/nios2-elf/4.1.2/../../../../nios2-elf/lib\libc.a(lib_a-mallocr.o)
                0x0081d65c                __malloc_av_
 .data          0x0081da64        0x0 c:/altera/11.0/nios2eds/bin/gnu/h-i686-mingw32/bin/../lib/gcc/nios2-elf/4.1.2/../../../../nios2-elf/lib\libc.a(lib_a-memset.o)
 .data          0x0081da64        0x0 c:/altera/11.0/nios2eds/bin/gnu/h-i686-mingw32/bin/../lib/gcc/nios2-elf/4.1.2/../../../../nios2-elf/lib\libc.a(lib_a-openr.o)
 .data          0x0081da64        0x0 c:/altera/11.0/nios2eds/bin/gnu/h-i686-mingw32/bin/../lib/gcc/nios2-elf/4.1.2/../../../../nios2-elf/lib\libc.a(lib_a-printf.o)
 .data          0x0081da64        0x0 c:/altera/11.0/nios2eds/bin/gnu/h-i686-mingw32/bin/../lib/gcc/nios2-elf/4.1.2/../../../../nios2-elf/lib\libc.a(lib_a-putchar.o)
 .data          0x0081da64        0x0 c:/altera/11.0/nios2eds/bin/gnu/h-i686-mingw32/bin/../lib/gcc/nios2-elf/4.1.2/../../../../nios2-elf/lib\libc.a(lib_a-puts.o)
 .data          0x0081da64        0x0 c:/altera/11.0/nios2eds/bin/gnu/h-i686-mingw32/bin/../lib/gcc/nios2-elf/4.1.2/../../../../nios2-elf/lib\libc.a(lib_a-refill.o)
 .data          0x0081da64        0x0 c:/altera/11.0/nios2eds/bin/gnu/h-i686-mingw32/bin/../lib/gcc/nios2-elf/4.1.2/../../../../nios2-elf/lib\libc.a(lib_a-rget.o)
 .data          0x0081da64        0x0 c:/altera/11.0/nios2eds/bin/gnu/h-i686-mingw32/bin/../lib/gcc/nios2-elf/4.1.2/../../../../nios2-elf/lib\libc.a(lib_a-sbrkr.o)
 .data          0x0081da64        0x0 c:/altera/11.0/nios2eds/bin/gnu/h-i686-mingw32/bin/../lib/gcc/nios2-elf/4.1.2/../../../../nios2-elf/lib\libc.a(lib_a-sprintf.o)
 .data          0x0081da64        0x0 c:/altera/11.0/nios2eds/bin/gnu/h-i686-mingw32/bin/../lib/gcc/nios2-elf/4.1.2/../../../../nios2-elf/lib\libc.a(lib_a-stdio.o)
 .data          0x0081da64        0x0 c:/altera/11.0/nios2eds/bin/gnu/h-i686-mingw32/bin/../lib/gcc/nios2-elf/4.1.2/../../../../nios2-elf/lib\libc.a(lib_a-strlen.o)
 .data          0x0081da64        0x0 c:/altera/11.0/nios2eds/bin/gnu/h-i686-mingw32/bin/../lib/gcc/nios2-elf/4.1.2/../../../../nios2-elf/lib\libc.a(lib_a-vfprintf.o)
 .data          0x0081da64        0x0 c:/altera/11.0/nios2eds/bin/gnu/h-i686-mingw32/bin/../lib/gcc/nios2-elf/4.1.2/../../../../nios2-elf/lib\libc.a(lib_a-writer.o)
 .data          0x0081da64        0x0 c:/altera/11.0/nios2eds/bin/gnu/h-i686-mingw32/bin/../lib/gcc/nios2-elf/4.1.2/../../../../nios2-elf/lib\libc.a(lib_a-wsetup.o)
 .data          0x0081da64        0x0 c:/altera/11.0/nios2eds/bin/gnu/h-i686-mingw32/bin/../lib/gcc/nios2-elf/4.1.2/../../../../nios2-elf/lib\libc.a(lib_a-__call_atexit.o)
 .data          0x0081da64        0x0 c:/altera/11.0/nios2eds/bin/gnu/h-i686-mingw32/bin/../lib/gcc/nios2-elf/4.1.2/../../../../nios2-elf/lib\libc.a(lib_a-closer.o)
 .data          0x0081da64        0x0 c:/altera/11.0/nios2eds/bin/gnu/h-i686-mingw32/bin/../lib/gcc/nios2-elf/4.1.2/../../../../nios2-elf/lib\libc.a(lib_a-dtoa.o)
 .data          0x0081da64        0x0 c:/altera/11.0/nios2eds/bin/gnu/h-i686-mingw32/bin/../lib/gcc/nios2-elf/4.1.2/../../../../nios2-elf/lib\libc.a(lib_a-flags.o)
 .data          0x0081da64        0x0 c:/altera/11.0/nios2eds/bin/gnu/h-i686-mingw32/bin/../lib/gcc/nios2-elf/4.1.2/../../../../nios2-elf/lib\libc.a(lib_a-fvwrite.o)
 .data          0x0081da64        0x0 c:/altera/11.0/nios2eds/bin/gnu/h-i686-mingw32/bin/../lib/gcc/nios2-elf/4.1.2/../../../../nios2-elf/lib\libc.a(lib_a-isattyr.o)
 .data          0x0081da64        0xc c:/altera/11.0/nios2eds/bin/gnu/h-i686-mingw32/bin/../lib/gcc/nios2-elf/4.1.2/../../../../nios2-elf/lib\libc.a(lib_a-locale.o)
                0x0081da64                __lc_ctype
 .data          0x0081da70        0x0 c:/altera/11.0/nios2eds/bin/gnu/h-i686-mingw32/bin/../lib/gcc/nios2-elf/4.1.2/../../../../nios2-elf/lib\libc.a(lib_a-lseekr.o)
 .data          0x0081da70        0x0 c:/altera/11.0/nios2eds/bin/gnu/h-i686-mingw32/bin/../lib/gcc/nios2-elf/4.1.2/../../../../nios2-elf/lib\libc.a(lib_a-memchr.o)
 .data          0x0081da70        0x0 c:/altera/11.0/nios2eds/bin/gnu/h-i686-mingw32/bin/../lib/gcc/nios2-elf/4.1.2/../../../../nios2-elf/lib\libc.a(lib_a-memcpy.o)
 .data          0x0081da70        0x0 c:/altera/11.0/nios2eds/bin/gnu/h-i686-mingw32/bin/../lib/gcc/nios2-elf/4.1.2/../../../../nios2-elf/lib\libc.a(lib_a-memmove.o)
 .data          0x0081da70        0x0 c:/altera/11.0/nios2eds/bin/gnu/h-i686-mingw32/bin/../lib/gcc/nios2-elf/4.1.2/../../../../nios2-elf/lib\libc.a(lib_a-mprec.o)
 .data          0x0081da70        0x0 c:/altera/11.0/nios2eds/bin/gnu/h-i686-mingw32/bin/../lib/gcc/nios2-elf/4.1.2/../../../../nios2-elf/lib\libc.a(lib_a-putc.o)
 .data          0x0081da70        0x0 c:/altera/11.0/nios2eds/bin/gnu/h-i686-mingw32/bin/../lib/gcc/nios2-elf/4.1.2/../../../../nios2-elf/lib\libc.a(lib_a-readr.o)
 .data          0x0081da70        0x0 c:/altera/11.0/nios2eds/bin/gnu/h-i686-mingw32/bin/../lib/gcc/nios2-elf/4.1.2/../../../../nios2-elf/lib\libc.a(lib_a-reallocr.o)
 .data          0x0081da70        0x0 c:/altera/11.0/nios2eds/bin/gnu/h-i686-mingw32/bin/../lib/gcc/nios2-elf/4.1.2/../../../../nios2-elf/lib\libc.a(lib_a-s_isinfd.o)
 .data          0x0081da70        0x0 c:/altera/11.0/nios2eds/bin/gnu/h-i686-mingw32/bin/../lib/gcc/nios2-elf/4.1.2/../../../../nios2-elf/lib\libc.a(lib_a-strcmp.o)
 .data          0x0081da70        0x0 c:/altera/11.0/nios2eds/bin/gnu/h-i686-mingw32/bin/../lib/gcc/nios2-elf/4.1.2/../../../../nios2-elf/lib\libc.a(lib_a-wbuf.o)
 .data          0x0081da70        0x0 c:/altera/11.0/nios2eds/bin/gnu/h-i686-mingw32/bin/../lib/gcc/nios2-elf/4.1.2/../../../../nios2-elf/lib\libc.a(lib_a-callocr.o)
 .data          0x0081da70        0x0 c:/altera/11.0/nios2eds/bin/gnu/h-i686-mingw32/bin/../lib/gcc/nios2-elf/4.1.2\libgcc.a(_udivdi3.o)
 .data          0x0081da70        0x0 c:/altera/11.0/nios2eds/bin/gnu/h-i686-mingw32/bin/../lib/gcc/nios2-elf/4.1.2\libgcc.a(_umoddi3.o)
 .data          0x0081da70        0x0 c:/altera/11.0/nios2eds/bin/gnu/h-i686-mingw32/bin/../lib/gcc/nios2-elf/4.1.2\libgcc.a(_ge_df.o)
 .data          0x0081da70        0x0 c:/altera/11.0/nios2eds/bin/gnu/h-i686-mingw32/bin/../lib/gcc/nios2-elf/4.1.2\libgcc.a(_usi_to_df.o)
 .data          0x0081da70        0x0 c:/altera/11.0/nios2eds/bin/gnu/h-i686-mingw32/bin/../lib/gcc/nios2-elf/4.1.2\libgcc.a(lib2-divmod.o)
 .data          0x0081da70        0x0 ../uC_bsp/\libucosii_bsp.a(alt_close.o)
 .data          0x0081da70      0x1a8 ../uC_bsp/\libucosii_bsp.a(alt_dev.o)
                0x0081da70                alt_dev_null
                0x0081da98                alt_fd_list
 .data          0x0081dc18        0x0 ../uC_bsp/\libucosii_bsp.a(alt_errno.o)
 .data          0x0081dc18        0x0 ../uC_bsp/\libucosii_bsp.a(alt_exit.o)
 .data          0x0081dc18        0x0 ../uC_bsp/\libucosii_bsp.a(alt_fstat.o)
 .data          0x0081dc18        0x0 ../uC_bsp/\libucosii_bsp.a(alt_isatty.o)
 .data          0x0081dc18        0x0 ../uC_bsp/\libucosii_bsp.a(alt_load.o)
 .data          0x0081dc18        0x0 ../uC_bsp/\libucosii_bsp.a(alt_lseek.o)
 .data          0x0081dc18        0x0 ../uC_bsp/\libucosii_bsp.a(alt_main.o)
 .data          0x0081dc18        0x0 ../uC_bsp/\libucosii_bsp.a(alt_open.o)
 .data          0x0081dc18        0x0 ../uC_bsp/\libucosii_bsp.a(alt_read.o)
 .data          0x0081dc18        0x0 ../uC_bsp/\libucosii_bsp.a(alt_release_fd.o)
 .data          0x0081dc18        0x0 ../uC_bsp/\libucosii_bsp.a(alt_sbrk.o)
 .data          0x0081dc18        0x0 ../uC_bsp/\libucosii_bsp.a(alt_write.o)
 .data          0x0081dc18        0x0 ../uC_bsp/\libucosii_bsp.a(alt_env_lock.o)
 .data          0x0081dc18        0x0 ../uC_bsp/\libucosii_bsp.a(alt_malloc_lock.o)
 .data          0x0081dc18        0x0 ../uC_bsp/\libucosii_bsp.a(os_core.o)
 .data          0x0081dc18        0x0 ../uC_bsp/\libucosii_bsp.a(os_dbg.o)
 .data          0x0081dc18        0x0 ../uC_bsp/\libucosii_bsp.a(os_flag.o)
 .data          0x0081dc18        0x0 ../uC_bsp/\libucosii_bsp.a(os_mem.o)
 .data          0x0081dc18        0x0 ../uC_bsp/\libucosii_bsp.a(os_q.o)
 .data          0x0081dc18        0x0 ../uC_bsp/\libucosii_bsp.a(os_sem.o)
 .data          0x0081dc18        0x0 ../uC_bsp/\libucosii_bsp.a(os_task.o)
 .data          0x0081dc18        0x0 ../uC_bsp/\libucosii_bsp.a(os_time.o)
 .data          0x0081dc18     0x1260 ../uC_bsp/\libucosii_bsp.a(alt_sys_init.o)
 .data          0x0081ee78        0x0 ../uC_bsp/\libucosii_bsp.a(altera_avalon_jtag_uart_fd.o)
 .data          0x0081ee78        0x0 ../uC_bsp/\libucosii_bsp.a(altera_avalon_jtag_uart_init.o)
 .data          0x0081ee78        0x0 ../uC_bsp/\libucosii_bsp.a(altera_avalon_jtag_uart_ioctl.o)
 .data          0x0081ee78        0x0 ../uC_bsp/\libucosii_bsp.a(altera_avalon_jtag_uart_read.o)
 .data          0x0081ee78        0x0 ../uC_bsp/\libucosii_bsp.a(altera_avalon_jtag_uart_write.o)
 .data          0x0081ee78        0x0 ../uC_bsp/\libucosii_bsp.a(altera_avalon_lcd_16207.o)
 .data          0x0081ee78        0x0 ../uC_bsp/\libucosii_bsp.a(altera_avalon_lcd_16207_fd.o)
 .data          0x0081ee78        0x0 ../uC_bsp/\libucosii_bsp.a(altera_avalon_timer_sc.o)
 .data          0x0081ee78        0x0 ../uC_bsp/\libucosii_bsp.a(altera_avalon_uart_fd.o)
 .data          0x0081ee78        0x0 ../uC_bsp/\libucosii_bsp.a(altera_avalon_uart_init.o)
 .data          0x0081ee78        0x0 ../uC_bsp/\libucosii_bsp.a(altera_avalon_uart_read.o)
 .data          0x0081ee78        0x0 ../uC_bsp/\libucosii_bsp.a(altera_avalon_uart_write.o)
 .data          0x0081ee78        0x0 ../uC_bsp/\libucosii_bsp.a(alt_alarm_start.o)
 .data          0x0081ee78        0x0 ../uC_bsp/\libucosii_bsp.a(alt_dcache_flush_all.o)
 .data          0x0081ee78        0x0 ../uC_bsp/\libucosii_bsp.a(alt_dev_llist_insert.o)
 .data          0x0081ee78        0x0 ../uC_bsp/\libucosii_bsp.a(alt_do_ctors.o)
 .data          0x0081ee78        0x0 ../uC_bsp/\libucosii_bsp.a(alt_do_dtors.o)
 .data          0x0081ee78        0x0 ../uC_bsp/\libucosii_bsp.a(alt_find_dev.o)
 .data          0x0081ee78        0x0 ../uC_bsp/\libucosii_bsp.a(alt_find_file.o)
 .data          0x0081ee78        0x0 ../uC_bsp/\libucosii_bsp.a(alt_get_fd.o)
 .data          0x0081ee78        0x0 ../uC_bsp/\libucosii_bsp.a(alt_icache_flush_all.o)
 .data          0x0081ee78        0x0 ../uC_bsp/\libucosii_bsp.a(alt_iic.o)
 .data          0x0081ee78        0x0 ../uC_bsp/\libucosii_bsp.a(alt_iic_isr_register.o)
 .data          0x0081ee78        0x0 ../uC_bsp/\libucosii_bsp.a(alt_io_redirect.o)
 .data          0x0081ee78        0x0 ../uC_bsp/\libucosii_bsp.a(alt_irq_entry.o)
 .data          0x0081ee78        0x0 ../uC_bsp/\libucosii_bsp.a(alt_irq_handler.o)
 .data          0x0081ee78        0x0 ../uC_bsp/\libucosii_bsp.a(alt_irq_vars.o)
 .data          0x0081ee78        0x0 ../uC_bsp/\libucosii_bsp.a(alt_tick.o)
 .data          0x0081ee78        0x0 ../uC_bsp/\libucosii_bsp.a(alt_usleep.o)
 .data          0x0081ee78        0x0 ../uC_bsp/\libucosii_bsp.a(altera_nios2_qsys_irq.o)
 .data          0x0081ee78        0x0 ../uC_bsp/\libucosii_bsp.a(os_cpu_a.o)
 .data          0x0081ee78        0x0 ../uC_bsp/\libucosii_bsp.a(os_cpu_c.o)
 .data          0x0081ee78        0x0 ../uC_bsp/\libucosii_bsp.a(alt_busy_sleep.o)
 .data          0x0081ee78        0x0 ../uC_bsp/\libucosii_bsp.a(alt_exception_entry.o)
 .data          0x0081ee78        0x0 ../uC_bsp/\libucosii_bsp.a(alt_icache_flush.o)
 .data          0x0081ee78        0x0 c:/altera/11.0/nios2eds/bin/gnu/h-i686-mingw32/bin/../lib/gcc/nios2-elf/4.1.2/../../../../nios2-elf/lib\libc.a(lib_a-atexit.o)
 .data          0x0081ee78        0x0 c:/altera/11.0/nios2eds/bin/gnu/h-i686-mingw32/bin/../lib/gcc/nios2-elf/4.1.2/../../../../nios2-elf/lib\libc.a(lib_a-ctype_.o)
 .data          0x0081ee78        0x0 c:/altera/11.0/nios2eds/bin/gnu/h-i686-mingw32/bin/../lib/gcc/nios2-elf/4.1.2/../../../../nios2-elf/lib\libc.a(lib_a-memcmp.o)
 .data          0x0081ee78        0x0 c:/altera/11.0/nios2eds/bin/gnu/h-i686-mingw32/bin/../lib/gcc/nios2-elf/4.1.2/../../../../nios2-elf/lib\libc.a(lib_a-__atexit.o)
                0x00826e78                _gp = ABSOLUTE ((. + 0x8000))
                0x00826e78                PROVIDE (gp, _gp)
 *(.rwdata .rwdata.*)
 *(.sdata .sdata.* .gnu.linkonce.s.*)
 .sdata         0x0081ee78        0x4 c:/altera/11.0/nios2eds/bin/gnu/h-i686-mingw32/bin/../lib/gcc/nios2-elf/4.1.2/../../../../nios2-elf/lib\libm.a(lib_a-s_lib_ver.o)
                0x0081ee78                __fdlib_version
 .sdata         0x0081ee7c        0x8 c:/altera/11.0/nios2eds/bin/gnu/h-i686-mingw32/bin/../lib/gcc/nios2-elf/4.1.2/../../../../nios2-elf/lib\libc.a(lib_a-impure.o)
                0x0081ee7c                _impure_ptr
                0x0081ee80                _global_impure_ptr
 .sdata         0x0081ee84        0x8 c:/altera/11.0/nios2eds/bin/gnu/h-i686-mingw32/bin/../lib/gcc/nios2-elf/4.1.2/../../../../nios2-elf/lib\libc.a(lib_a-mallocr.o)
                0x0081ee84                __malloc_trim_threshold
                0x0081ee88                __malloc_sbrk_base
 .sdata         0x0081ee8c        0x8 c:/altera/11.0/nios2eds/bin/gnu/h-i686-mingw32/bin/../lib/gcc/nios2-elf/4.1.2/../../../../nios2-elf/lib\libc.a(lib_a-locale.o)
                0x0081ee8c                __mb_cur_max
 .sdata         0x0081ee94       0x14 ../uC_bsp/\libucosii_bsp.a(alt_dev.o)
                0x0081ee94                alt_fs_list
                0x0081ee9c                alt_dev_list
                0x0081eea4                alt_max_fd
 .sdata         0x0081eea8        0x4 ../uC_bsp/\libucosii_bsp.a(alt_errno.o)
                0x0081eea8                alt_errno
 .sdata         0x0081eeac        0x4 ../uC_bsp/\libucosii_bsp.a(alt_sbrk.o)
 .sdata         0x0081eeb0        0x4 ../uC_bsp/\libucosii_bsp.a(alt_env_lock.o)
 .sdata         0x0081eeb4        0x4 ../uC_bsp/\libucosii_bsp.a(alt_malloc_lock.o)
 .sdata         0x0081eeb8       0x74 ../uC_bsp/\libucosii_bsp.a(os_dbg.o)
                0x0081eeb8                OSDebugEn
                0x0081eebc                OSEndiannessTest
                0x0081eec0                OSEventEn
                0x0081eec2                OSEventMax
                0x0081eec4                OSEventNameSize
                0x0081eec6                OSEventSize
                0x0081eec8                OSEventTblSize
                0x0081eeca                OSEventMultiEn
                0x0081eecc                OSFlagEn
                0x0081eece                OSFlagGrpSize
                0x0081eed0                OSFlagNodeSize
                0x0081eed2                OSFlagWidth
                0x0081eed4                OSFlagMax
                0x0081eed6                OSFlagNameSize
                0x0081eed8                OSLowestPrio
                0x0081eeda                OSMboxEn
                0x0081eedc                OSMemEn
                0x0081eede                OSMemMax
                0x0081eee0                OSMemNameSize
                0x0081eee2                OSMemSize
                0x0081eee4                OSMemTblSize
                0x0081eee6                OSMutexEn
                0x0081eee8                OSPtrSize
                0x0081eeea                OSQEn
                0x0081eeec                OSQMax
                0x0081eeee                OSQSize
                0x0081eef0                OSRdyTblSize
                0x0081eef2                OSSemEn
                0x0081eef4                OSStkWidth
                0x0081eef6                OSTaskCreateEn
                0x0081eef8                OSTaskCreateExtEn
                0x0081eefa                OSTaskDelEn
                0x0081eefc                OSTaskIdleStkSize
                0x0081eefe                OSTaskProfileEn
                0x0081ef00                OSTaskMax
                0x0081ef02                OSTaskNameSize
                0x0081ef04                OSTaskStatEn
                0x0081ef06                OSTaskStatStkSize
                0x0081ef08                OSTaskStatStkChkEn
                0x0081ef0a                OSTaskSwHookEn
                0x0081ef0c                OSTCBPrioTblMax
                0x0081ef0e                OSTCBSize
                0x0081ef10                OSTicksPerSec
                0x0081ef12                OSTimeTickHookEn
                0x0081ef14                OSVersionNbr
                0x0081ef16                OSTmrEn
                0x0081ef18                OSTmrCfgMax
                0x0081ef1a                OSTmrCfgNameSize
                0x0081ef1c                OSTmrCfgWheelSize
                0x0081ef1e                OSTmrCfgTicksPerSec
                0x0081ef20                OSTmrSize
                0x0081ef22                OSTmrTblSize
                0x0081ef24                OSTmrWheelSize
                0x0081ef26                OSTmrWheelTblSize
                0x0081ef28                OSDataSize
 .sdata         0x0081ef2c        0x4 ../uC_bsp/\libucosii_bsp.a(altera_avalon_lcd_16207.o)
 .sdata         0x0081ef30        0x4 ../uC_bsp/\libucosii_bsp.a(alt_irq_vars.o)
                0x0081ef30                alt_priority_mask
 .sdata         0x0081ef34        0x8 ../uC_bsp/\libucosii_bsp.a(alt_tick.o)
                0x0081ef34                alt_alarm_list
 .sdata         0x0081ef3c        0x4 c:/altera/11.0/nios2eds/bin/gnu/h-i686-mingw32/bin/../lib/gcc/nios2-elf/4.1.2/../../../../nios2-elf/lib\libc.a(lib_a-ctype_.o)
                0x0081ef3c                __ctype_ptr
 *(.sdata2 .sdata2.* .gnu.linkonce.s2.*)
                0x0081ef40                . = ALIGN (0x4)
                0x0081ef40                _edata = ABSOLUTE (.)
                0x0081ef40                PROVIDE (edata, ABSOLUTE (.))
                0x0081ef40                PROVIDE (__ram_rwdata_end, ABSOLUTE (.))
                0x0081ef40                PROVIDE (__flash_rwdata_start, LOADADDR (.rwdata))

.bss            0x00820c38     0xd680
                0x00820c38                __bss_start = ABSOLUTE (.)
                0x00820c38                PROVIDE (__sbss_start, ABSOLUTE (.))
                0x00820c38                PROVIDE (___sbss_start, ABSOLUTE (.))
 *(.dynsbss)
 *(.sbss .sbss.* .gnu.linkonce.sb.*)
 .sbss          0x00820c38       0x31 obj/gps_ucosii.o
                0x00820c38                pwm1
                0x00820c3c                j
                0x00820c40                pwm2
                0x00820c44                cs
                0x00820c48                temp
                0x00820c4c                test
                0x00820c50                temp_inc1
                0x00820c54                data_packet_sem
                0x00820c58                return_code
                0x00820c5c                temp_inc2
                0x00820c60                height
                0x00820c68                aorp
 *fill*         0x00820c69        0x3 00
 .sbss          0x00820c6c        0x4 c:/altera/11.0/nios2eds/bin/gnu/h-i686-mingw32/bin/../lib/gcc/nios2-elf/4.1.2/../../../../nios2-elf/lib\libc.a(lib_a-int_errno.o)
                0x00820c6c                errno
 .sbss          0x00820c70        0xc c:/altera/11.0/nios2eds/bin/gnu/h-i686-mingw32/bin/../lib/gcc/nios2-elf/4.1.2/../../../../nios2-elf/lib\libc.a(lib_a-mallocr.o)
                0x00820c70                __malloc_top_pad
                0x00820c74                __malloc_max_sbrked_mem
                0x00820c78                __malloc_max_total_mem
 .sbss          0x00820c7c        0xc c:/altera/11.0/nios2eds/bin/gnu/h-i686-mingw32/bin/../lib/gcc/nios2-elf/4.1.2/../../../../nios2-elf/lib\libc.a(lib_a-locale.o)
                0x00820c7c                __nlocale_changed
                0x00820c80                __mlocale_changed
                0x00820c84                _PathLocale
 .sbss          0x00820c88        0x4 ../uC_bsp/\libucosii_bsp.a(alt_dev.o)
                0x00820c88                alt_fd_list_lock
 .sbss          0x00820c8c        0xc ../uC_bsp/\libucosii_bsp.a(alt_main.o)
                0x00820c8c                alt_argc
                0x00820c90                alt_argv
                0x00820c94                alt_envp
 .sbss          0x00820c98        0x8 ../uC_bsp/\libucosii_bsp.a(alt_env_lock.o)
                0x00820c9c                alt_envsem
 .sbss          0x00820ca0        0x8 ../uC_bsp/\libucosii_bsp.a(alt_malloc_lock.o)
                0x00820ca4                alt_heapsem
 .sbss          0x00820ca8       0x50 ../uC_bsp/\libucosii_bsp.a(os_core.o)
                0x00820ca8                OSLockNesting
                0x00820ca9                OSRunning
                0x00820cac                OSIdleCtr
                0x00820cb0                OSPrioHighRdy
                0x00820cb1                OSPrioCur
                0x00820cb4                OSTCBList
                0x00820cb8                OSTickStepState
                0x00820cbc                OSCtxSwCtr
                0x00820cc0                OSIdleCtrMax
                0x00820cc4                OSTCBFreeList
                0x00820cc8                OSCPUUsage
                0x00820cc9                OSTaskCtr
                0x00820ccc                OSMemFreeList
                0x00820cd0                OSTCBHighRdy
                0x00820cd4                OSQFreeList
                0x00820cd8                OSRdyGrp
                0x00820cd9                OSRdyTbl
                0x00820cdc                OSEventFreeList
                0x00820ce0                OSIntNesting
                0x00820ce4                OSTCBCur
                0x00820ce8                OSTime
                0x00820cec                OSFlagFreeList
                0x00820cf0                OSStatRdy
                0x00820cf4                OSIdleCtrRun
 .sbss          0x00820cf8        0x4 ../uC_bsp/\libucosii_bsp.a(alt_irq_vars.o)
                0x00820cf8                alt_irq_active
 .sbss          0x00820cfc        0x8 ../uC_bsp/\libucosii_bsp.a(alt_tick.o)
                0x00820cfc                _alt_tick_rate
                0x00820d00                _alt_nticks
 *(.sbss2 .sbss2.* .gnu.linkonce.sb2.*)
 *(.scommon)
                0x00820d04                PROVIDE (__sbss_end, ABSOLUTE (.))
                0x00820d04                PROVIDE (___sbss_end, ABSOLUTE (.))
 *(.dynbss)
 *(.bss .bss.* .gnu.linkonce.b.*)
 .bss           0x00820d04        0x0 ../uC_bsp//obj/HAL/src/crt0.o
 .bss           0x00820d04       0x24 obj/gps_ucosii.o
                0x00820d04                time
                0x00820d10                latitude
                0x00820d1c                longitude
 .bss           0x00820d28        0x0 c:/altera/11.0/nios2eds/bin/gnu/h-i686-mingw32/bin/../lib/gcc/nios2-elf/4.1.2/../../../../nios2-elf/lib\libm.a(lib_a-w_pow.o)
 .bss           0x00820d28        0x0 c:/altera/11.0/nios2eds/bin/gnu/h-i686-mingw32/bin/../lib/gcc/nios2-elf/4.1.2/../../../../nios2-elf/lib\libm.a(lib_a-e_pow.o)
 .bss           0x00820d28        0x0 c:/altera/11.0/nios2eds/bin/gnu/h-i686-mingw32/bin/../lib/gcc/nios2-elf/4.1.2/../../../../nios2-elf/lib\libm.a(lib_a-e_sqrt.o)
 .bss           0x00820d28        0x0 c:/altera/11.0/nios2eds/bin/gnu/h-i686-mingw32/bin/../lib/gcc/nios2-elf/4.1.2/../../../../nios2-elf/lib\libm.a(lib_a-s_fabs.o)
 .bss           0x00820d28        0x0 c:/altera/11.0/nios2eds/bin/gnu/h-i686-mingw32/bin/../lib/gcc/nios2-elf/4.1.2/../../../../nios2-elf/lib\libm.a(lib_a-s_finite.o)
 .bss           0x00820d28        0x0 c:/altera/11.0/nios2eds/bin/gnu/h-i686-mingw32/bin/../lib/gcc/nios2-elf/4.1.2/../../../../nios2-elf/lib\libm.a(lib_a-s_isnand.o)
 .bss           0x00820d28        0x0 c:/altera/11.0/nios2eds/bin/gnu/h-i686-mingw32/bin/../lib/gcc/nios2-elf/4.1.2/../../../../nios2-elf/lib\libm.a(lib_a-s_lib_ver.o)
 .bss           0x00820d28        0x0 c:/altera/11.0/nios2eds/bin/gnu/h-i686-mingw32/bin/../lib/gcc/nios2-elf/4.1.2/../../../../nios2-elf/lib\libm.a(lib_a-s_matherr.o)
 .bss           0x00820d28        0x0 c:/altera/11.0/nios2eds/bin/gnu/h-i686-mingw32/bin/../lib/gcc/nios2-elf/4.1.2/../../../../nios2-elf/lib\libm.a(lib_a-s_nan.o)
 .bss           0x00820d28        0x0 c:/altera/11.0/nios2eds/bin/gnu/h-i686-mingw32/bin/../lib/gcc/nios2-elf/4.1.2/../../../../nios2-elf/lib\libm.a(lib_a-s_rint.o)
 .bss           0x00820d28        0x0 c:/altera/11.0/nios2eds/bin/gnu/h-i686-mingw32/bin/../lib/gcc/nios2-elf/4.1.2/../../../../nios2-elf/lib\libm.a(lib_a-s_scalbn.o)
 .bss           0x00820d28        0x0 c:/altera/11.0/nios2eds/bin/gnu/h-i686-mingw32/bin/../lib/gcc/nios2-elf/4.1.2/../../../../nios2-elf/lib\libm.a(lib_a-s_copysign.o)
 .bss           0x00820d28        0x0 c:/altera/11.0/nios2eds/bin/gnu/h-i686-mingw32/bin/../lib/gcc/nios2-elf/4.1.2\libgcc.a(_addsub_df.o)
 .bss           0x00820d28        0x0 c:/altera/11.0/nios2eds/bin/gnu/h-i686-mingw32/bin/../lib/gcc/nios2-elf/4.1.2\libgcc.a(_mul_df.o)
 .bss           0x00820d28        0x0 c:/altera/11.0/nios2eds/bin/gnu/h-i686-mingw32/bin/../lib/gcc/nios2-elf/4.1.2\libgcc.a(_div_df.o)
 .bss           0x00820d28        0x0 c:/altera/11.0/nios2eds/bin/gnu/h-i686-mingw32/bin/../lib/gcc/nios2-elf/4.1.2\libgcc.a(_eq_df.o)
 .bss           0x00820d28        0x0 c:/altera/11.0/nios2eds/bin/gnu/h-i686-mingw32/bin/../lib/gcc/nios2-elf/4.1.2\libgcc.a(_ne_df.o)
 .bss           0x00820d28        0x0 c:/altera/11.0/nios2eds/bin/gnu/h-i686-mingw32/bin/../lib/gcc/nios2-elf/4.1.2\libgcc.a(_gt_df.o)
 .bss           0x00820d28        0x0 c:/altera/11.0/nios2eds/bin/gnu/h-i686-mingw32/bin/../lib/gcc/nios2-elf/4.1.2\libgcc.a(_lt_df.o)
 .bss           0x00820d28        0x0 c:/altera/11.0/nios2eds/bin/gnu/h-i686-mingw32/bin/../lib/gcc/nios2-elf/4.1.2\libgcc.a(_le_df.o)
 .bss           0x00820d28        0x0 c:/altera/11.0/nios2eds/bin/gnu/h-i686-mingw32/bin/../lib/gcc/nios2-elf/4.1.2\libgcc.a(_si_to_df.o)
 .bss           0x00820d28        0x0 c:/altera/11.0/nios2eds/bin/gnu/h-i686-mingw32/bin/../lib/gcc/nios2-elf/4.1.2\libgcc.a(_df_to_si.o)
 .bss           0x00820d28        0x0 c:/altera/11.0/nios2eds/bin/gnu/h-i686-mingw32/bin/../lib/gcc/nios2-elf/4.1.2\libgcc.a(_thenan_df.o)
 .bss           0x00820d28        0x0 c:/altera/11.0/nios2eds/bin/gnu/h-i686-mingw32/bin/../lib/gcc/nios2-elf/4.1.2\libgcc.a(_muldi3.o)
 .bss           0x00820d28        0x0 c:/altera/11.0/nios2eds/bin/gnu/h-i686-mingw32/bin/../lib/gcc/nios2-elf/4.1.2\libgcc.a(_clzsi2.o)
 .bss           0x00820d28        0x0 c:/altera/11.0/nios2eds/bin/gnu/h-i686-mingw32/bin/../lib/gcc/nios2-elf/4.1.2\libgcc.a(_pack_df.o)
 .bss           0x00820d28        0x0 c:/altera/11.0/nios2eds/bin/gnu/h-i686-mingw32/bin/../lib/gcc/nios2-elf/4.1.2\libgcc.a(_unpack_df.o)
 .bss           0x00820d28        0x0 c:/altera/11.0/nios2eds/bin/gnu/h-i686-mingw32/bin/../lib/gcc/nios2-elf/4.1.2\libgcc.a(_fpcmp_parts_df.o)
 .bss           0x00820d28        0x0 c:/altera/11.0/nios2eds/bin/gnu/h-i686-mingw32/bin/../lib/gcc/nios2-elf/4.1.2\libgcc.a(_clz.o)
 .bss           0x00820d28        0x0 c:/altera/11.0/nios2eds/bin/gnu/h-i686-mingw32/bin/../lib/gcc/nios2-elf/4.1.2/../../../../nios2-elf/lib\libc.a(lib_a-errno.o)
 .bss           0x00820d28        0x0 c:/altera/11.0/nios2eds/bin/gnu/h-i686-mingw32/bin/../lib/gcc/nios2-elf/4.1.2/../../../../nios2-elf/lib\libc.a(lib_a-exit.o)
 .bss           0x00820d28        0x0 c:/altera/11.0/nios2eds/bin/gnu/h-i686-mingw32/bin/../lib/gcc/nios2-elf/4.1.2/../../../../nios2-elf/lib\libc.a(lib_a-fclose.o)
 .bss           0x00820d28        0x0 c:/altera/11.0/nios2eds/bin/gnu/h-i686-mingw32/bin/../lib/gcc/nios2-elf/4.1.2/../../../../nios2-elf/lib\libc.a(lib_a-fflush.o)
 .bss           0x00820d28        0x0 c:/altera/11.0/nios2eds/bin/gnu/h-i686-mingw32/bin/../lib/gcc/nios2-elf/4.1.2/../../../../nios2-elf/lib\libc.a(lib_a-findfp.o)
 .bss           0x00820d28        0x0 c:/altera/11.0/nios2eds/bin/gnu/h-i686-mingw32/bin/../lib/gcc/nios2-elf/4.1.2/../../../../nios2-elf/lib\libc.a(lib_a-fopen.o)
 .bss           0x00820d28        0x0 c:/altera/11.0/nios2eds/bin/gnu/h-i686-mingw32/bin/../lib/gcc/nios2-elf/4.1.2/../../../../nios2-elf/lib\libc.a(lib_a-fprintf.o)
 .bss           0x00820d28        0x0 c:/altera/11.0/nios2eds/bin/gnu/h-i686-mingw32/bin/../lib/gcc/nios2-elf/4.1.2/../../../../nios2-elf/lib\libc.a(lib_a-freer.o)
 .bss           0x00820d28        0x0 c:/altera/11.0/nios2eds/bin/gnu/h-i686-mingw32/bin/../lib/gcc/nios2-elf/4.1.2/../../../../nios2-elf/lib\libc.a(lib_a-fseek.o)
 .bss           0x00820d28        0x0 c:/altera/11.0/nios2eds/bin/gnu/h-i686-mingw32/bin/../lib/gcc/nios2-elf/4.1.2/../../../../nios2-elf/lib\libc.a(lib_a-fstatr.o)
 .bss           0x00820d28        0x0 c:/altera/11.0/nios2eds/bin/gnu/h-i686-mingw32/bin/../lib/gcc/nios2-elf/4.1.2/../../../../nios2-elf/lib\libc.a(lib_a-fwalk.o)
 .bss           0x00820d28        0x0 c:/altera/11.0/nios2eds/bin/gnu/h-i686-mingw32/bin/../lib/gcc/nios2-elf/4.1.2/../../../../nios2-elf/lib\libc.a(lib_a-fwrite.o)
 .bss           0x00820d28        0x0 c:/altera/11.0/nios2eds/bin/gnu/h-i686-mingw32/bin/../lib/gcc/nios2-elf/4.1.2/../../../../nios2-elf/lib\libc.a(lib_a-getc.o)
 .bss           0x00820d28        0x0 c:/altera/11.0/nios2eds/bin/gnu/h-i686-mingw32/bin/../lib/gcc/nios2-elf/4.1.2/../../../../nios2-elf/lib\libc.a(lib_a-impure.o)
 .bss           0x00820d28        0x0 c:/altera/11.0/nios2eds/bin/gnu/h-i686-mingw32/bin/../lib/gcc/nios2-elf/4.1.2/../../../../nios2-elf/lib\libc.a(lib_a-int_errno.o)
 .bss           0x00820d28        0x0 c:/altera/11.0/nios2eds/bin/gnu/h-i686-mingw32/bin/../lib/gcc/nios2-elf/4.1.2/../../../../nios2-elf/lib\libc.a(lib_a-makebuf.o)
 .bss           0x00820d28       0x28 c:/altera/11.0/nios2eds/bin/gnu/h-i686-mingw32/bin/../lib/gcc/nios2-elf/4.1.2/../../../../nios2-elf/lib\libc.a(lib_a-mallocr.o)
                0x00820d28                __malloc_current_mallinfo
 .bss           0x00820d50        0x0 c:/altera/11.0/nios2eds/bin/gnu/h-i686-mingw32/bin/../lib/gcc/nios2-elf/4.1.2/../../../../nios2-elf/lib\libc.a(lib_a-memset.o)
 .bss           0x00820d50        0x0 c:/altera/11.0/nios2eds/bin/gnu/h-i686-mingw32/bin/../lib/gcc/nios2-elf/4.1.2/../../../../nios2-elf/lib\libc.a(lib_a-openr.o)
 .bss           0x00820d50        0x0 c:/altera/11.0/nios2eds/bin/gnu/h-i686-mingw32/bin/../lib/gcc/nios2-elf/4.1.2/../../../../nios2-elf/lib\libc.a(lib_a-printf.o)
 .bss           0x00820d50        0x0 c:/altera/11.0/nios2eds/bin/gnu/h-i686-mingw32/bin/../lib/gcc/nios2-elf/4.1.2/../../../../nios2-elf/lib\libc.a(lib_a-putchar.o)
 .bss           0x00820d50        0x0 c:/altera/11.0/nios2eds/bin/gnu/h-i686-mingw32/bin/../lib/gcc/nios2-elf/4.1.2/../../../../nios2-elf/lib\libc.a(lib_a-puts.o)
 .bss           0x00820d50        0x0 c:/altera/11.0/nios2eds/bin/gnu/h-i686-mingw32/bin/../lib/gcc/nios2-elf/4.1.2/../../../../nios2-elf/lib\libc.a(lib_a-refill.o)
 .bss           0x00820d50        0x0 c:/altera/11.0/nios2eds/bin/gnu/h-i686-mingw32/bin/../lib/gcc/nios2-elf/4.1.2/../../../../nios2-elf/lib\libc.a(lib_a-rget.o)
 .bss           0x00820d50        0x0 c:/altera/11.0/nios2eds/bin/gnu/h-i686-mingw32/bin/../lib/gcc/nios2-elf/4.1.2/../../../../nios2-elf/lib\libc.a(lib_a-sbrkr.o)
 .bss           0x00820d50        0x0 c:/altera/11.0/nios2eds/bin/gnu/h-i686-mingw32/bin/../lib/gcc/nios2-elf/4.1.2/../../../../nios2-elf/lib\libc.a(lib_a-sprintf.o)
 .bss           0x00820d50        0x0 c:/altera/11.0/nios2eds/bin/gnu/h-i686-mingw32/bin/../lib/gcc/nios2-elf/4.1.2/../../../../nios2-elf/lib\libc.a(lib_a-stdio.o)
 .bss           0x00820d50        0x0 c:/altera/11.0/nios2eds/bin/gnu/h-i686-mingw32/bin/../lib/gcc/nios2-elf/4.1.2/../../../../nios2-elf/lib\libc.a(lib_a-strlen.o)
 .bss           0x00820d50        0x0 c:/altera/11.0/nios2eds/bin/gnu/h-i686-mingw32/bin/../lib/gcc/nios2-elf/4.1.2/../../../../nios2-elf/lib\libc.a(lib_a-vfprintf.o)
 .bss           0x00820d50        0x0 c:/altera/11.0/nios2eds/bin/gnu/h-i686-mingw32/bin/../lib/gcc/nios2-elf/4.1.2/../../../../nios2-elf/lib\libc.a(lib_a-writer.o)
 .bss           0x00820d50        0x0 c:/altera/11.0/nios2eds/bin/gnu/h-i686-mingw32/bin/../lib/gcc/nios2-elf/4.1.2/../../../../nios2-elf/lib\libc.a(lib_a-wsetup.o)
 .bss           0x00820d50        0x0 c:/altera/11.0/nios2eds/bin/gnu/h-i686-mingw32/bin/../lib/gcc/nios2-elf/4.1.2/../../../../nios2-elf/lib\libc.a(lib_a-__call_atexit.o)
 .bss           0x00820d50        0x0 c:/altera/11.0/nios2eds/bin/gnu/h-i686-mingw32/bin/../lib/gcc/nios2-elf/4.1.2/../../../../nios2-elf/lib\libc.a(lib_a-closer.o)
 .bss           0x00820d50        0x0 c:/altera/11.0/nios2eds/bin/gnu/h-i686-mingw32/bin/../lib/gcc/nios2-elf/4.1.2/../../../../nios2-elf/lib\libc.a(lib_a-dtoa.o)
 .bss           0x00820d50        0x0 c:/altera/11.0/nios2eds/bin/gnu/h-i686-mingw32/bin/../lib/gcc/nios2-elf/4.1.2/../../../../nios2-elf/lib\libc.a(lib_a-flags.o)
 .bss           0x00820d50        0x0 c:/altera/11.0/nios2eds/bin/gnu/h-i686-mingw32/bin/../lib/gcc/nios2-elf/4.1.2/../../../../nios2-elf/lib\libc.a(lib_a-fvwrite.o)
 .bss           0x00820d50        0x0 c:/altera/11.0/nios2eds/bin/gnu/h-i686-mingw32/bin/../lib/gcc/nios2-elf/4.1.2/../../../../nios2-elf/lib\libc.a(lib_a-isattyr.o)
 .bss           0x00820d50        0x0 c:/altera/11.0/nios2eds/bin/gnu/h-i686-mingw32/bin/../lib/gcc/nios2-elf/4.1.2/../../../../nios2-elf/lib\libc.a(lib_a-locale.o)
 .bss           0x00820d50        0x0 c:/altera/11.0/nios2eds/bin/gnu/h-i686-mingw32/bin/../lib/gcc/nios2-elf/4.1.2/../../../../nios2-elf/lib\libc.a(lib_a-lseekr.o)
 .bss           0x00820d50        0x0 c:/altera/11.0/nios2eds/bin/gnu/h-i686-mingw32/bin/../lib/gcc/nios2-elf/4.1.2/../../../../nios2-elf/lib\libc.a(lib_a-memchr.o)
 .bss           0x00820d50        0x0 c:/altera/11.0/nios2eds/bin/gnu/h-i686-mingw32/bin/../lib/gcc/nios2-elf/4.1.2/../../../../nios2-elf/lib\libc.a(lib_a-memcpy.o)
 .bss           0x00820d50        0x0 c:/altera/11.0/nios2eds/bin/gnu/h-i686-mingw32/bin/../lib/gcc/nios2-elf/4.1.2/../../../../nios2-elf/lib\libc.a(lib_a-memmove.o)
 .bss           0x00820d50        0x0 c:/altera/11.0/nios2eds/bin/gnu/h-i686-mingw32/bin/../lib/gcc/nios2-elf/4.1.2/../../../../nios2-elf/lib\libc.a(lib_a-mprec.o)
 .bss           0x00820d50        0x0 c:/altera/11.0/nios2eds/bin/gnu/h-i686-mingw32/bin/../lib/gcc/nios2-elf/4.1.2/../../../../nios2-elf/lib\libc.a(lib_a-putc.o)
 .bss           0x00820d50        0x0 c:/altera/11.0/nios2eds/bin/gnu/h-i686-mingw32/bin/../lib/gcc/nios2-elf/4.1.2/../../../../nios2-elf/lib\libc.a(lib_a-readr.o)
 .bss           0x00820d50        0x0 c:/altera/11.0/nios2eds/bin/gnu/h-i686-mingw32/bin/../lib/gcc/nios2-elf/4.1.2/../../../../nios2-elf/lib\libc.a(lib_a-reallocr.o)
 .bss           0x00820d50        0x0 c:/altera/11.0/nios2eds/bin/gnu/h-i686-mingw32/bin/../lib/gcc/nios2-elf/4.1.2/../../../../nios2-elf/lib\libc.a(lib_a-s_isinfd.o)
 .bss           0x00820d50        0x0 c:/altera/11.0/nios2eds/bin/gnu/h-i686-mingw32/bin/../lib/gcc/nios2-elf/4.1.2/../../../../nios2-elf/lib\libc.a(lib_a-strcmp.o)
 .bss           0x00820d50        0x0 c:/altera/11.0/nios2eds/bin/gnu/h-i686-mingw32/bin/../lib/gcc/nios2-elf/4.1.2/../../../../nios2-elf/lib\libc.a(lib_a-wbuf.o)
 .bss           0x00820d50        0x0 c:/altera/11.0/nios2eds/bin/gnu/h-i686-mingw32/bin/../lib/gcc/nios2-elf/4.1.2/../../../../nios2-elf/lib\libc.a(lib_a-callocr.o)
 .bss           0x00820d50        0x0 c:/altera/11.0/nios2eds/bin/gnu/h-i686-mingw32/bin/../lib/gcc/nios2-elf/4.1.2\libgcc.a(_udivdi3.o)
 .bss           0x00820d50        0x0 c:/altera/11.0/nios2eds/bin/gnu/h-i686-mingw32/bin/../lib/gcc/nios2-elf/4.1.2\libgcc.a(_umoddi3.o)
 .bss           0x00820d50        0x0 c:/altera/11.0/nios2eds/bin/gnu/h-i686-mingw32/bin/../lib/gcc/nios2-elf/4.1.2\libgcc.a(_ge_df.o)
 .bss           0x00820d50        0x0 c:/altera/11.0/nios2eds/bin/gnu/h-i686-mingw32/bin/../lib/gcc/nios2-elf/4.1.2\libgcc.a(_usi_to_df.o)
 .bss           0x00820d50        0x0 c:/altera/11.0/nios2eds/bin/gnu/h-i686-mingw32/bin/../lib/gcc/nios2-elf/4.1.2\libgcc.a(lib2-divmod.o)
 .bss           0x00820d50        0x0 ../uC_bsp/\libucosii_bsp.a(alt_close.o)
 .bss           0x00820d50        0x0 ../uC_bsp/\libucosii_bsp.a(alt_dev.o)
 .bss           0x00820d50        0x0 ../uC_bsp/\libucosii_bsp.a(alt_errno.o)
 .bss           0x00820d50        0x0 ../uC_bsp/\libucosii_bsp.a(alt_exit.o)
 .bss           0x00820d50        0x0 ../uC_bsp/\libucosii_bsp.a(alt_fstat.o)
 .bss           0x00820d50        0x0 ../uC_bsp/\libucosii_bsp.a(alt_isatty.o)
 .bss           0x00820d50        0x0 ../uC_bsp/\libucosii_bsp.a(alt_load.o)
 .bss           0x00820d50        0x0 ../uC_bsp/\libucosii_bsp.a(alt_lseek.o)
 .bss           0x00820d50        0x0 ../uC_bsp/\libucosii_bsp.a(alt_main.o)
 .bss           0x00820d50        0x0 ../uC_bsp/\libucosii_bsp.a(alt_open.o)
 .bss           0x00820d50        0x0 ../uC_bsp/\libucosii_bsp.a(alt_read.o)
 .bss           0x00820d50        0x0 ../uC_bsp/\libucosii_bsp.a(alt_release_fd.o)
 .bss           0x00820d50        0x0 ../uC_bsp/\libucosii_bsp.a(alt_sbrk.o)
 .bss           0x00820d50        0x0 ../uC_bsp/\libucosii_bsp.a(alt_write.o)
 .bss           0x00820d50        0x0 ../uC_bsp/\libucosii_bsp.a(alt_env_lock.o)
 .bss           0x00820d50        0x0 ../uC_bsp/\libucosii_bsp.a(alt_malloc_lock.o)
 .bss           0x00820d50        0x0 ../uC_bsp/\libucosii_bsp.a(os_core.o)
 .bss           0x00820d50        0x0 ../uC_bsp/\libucosii_bsp.a(os_dbg.o)
 .bss           0x00820d50        0x0 ../uC_bsp/\libucosii_bsp.a(os_flag.o)
 .bss           0x00820d50        0x0 ../uC_bsp/\libucosii_bsp.a(os_mem.o)
 .bss           0x00820d50        0x0 ../uC_bsp/\libucosii_bsp.a(os_q.o)
 .bss           0x00820d50        0x0 ../uC_bsp/\libucosii_bsp.a(os_sem.o)
 .bss           0x00820d50        0x0 ../uC_bsp/\libucosii_bsp.a(os_task.o)
 .bss           0x00820d50        0x0 ../uC_bsp/\libucosii_bsp.a(os_time.o)
 .bss           0x00820d50        0x0 ../uC_bsp/\libucosii_bsp.a(alt_sys_init.o)
 .bss           0x00820d50        0x0 ../uC_bsp/\libucosii_bsp.a(altera_avalon_jtag_uart_fd.o)
 .bss           0x00820d50        0x0 ../uC_bsp/\libucosii_bsp.a(altera_avalon_jtag_uart_init.o)
 .bss           0x00820d50        0x0 ../uC_bsp/\libucosii_bsp.a(altera_avalon_jtag_uart_ioctl.o)
 .bss           0x00820d50        0x0 ../uC_bsp/\libucosii_bsp.a(altera_avalon_jtag_uart_read.o)
 .bss           0x00820d50        0x0 ../uC_bsp/\libucosii_bsp.a(altera_avalon_jtag_uart_write.o)
 .bss           0x00820d50        0x0 ../uC_bsp/\libucosii_bsp.a(altera_avalon_lcd_16207.o)
 .bss           0x00820d50        0x0 ../uC_bsp/\libucosii_bsp.a(altera_avalon_lcd_16207_fd.o)
 .bss           0x00820d50        0x0 ../uC_bsp/\libucosii_bsp.a(altera_avalon_timer_sc.o)
 .bss           0x00820d50        0x0 ../uC_bsp/\libucosii_bsp.a(altera_avalon_uart_fd.o)
 .bss           0x00820d50        0x0 ../uC_bsp/\libucosii_bsp.a(altera_avalon_uart_init.o)
 .bss           0x00820d50        0x0 ../uC_bsp/\libucosii_bsp.a(altera_avalon_uart_read.o)